D/dalvikvm(  289): WAIT_FOR_CONCURRENT_GC blocked 154ms
D/dalvikvm(  289): WAIT_FOR_CONCURRENT_GC blocked 294ms
I/LatinIME(  469): Hardware accelerated drawing: false
W/TelephonyProvider(  483): onCreate: confFile=/system/etc/apns-conf.xml oldCheckSum=-1
D/TelephonyManager(  483): getLteOnCdmaMode=0 curVal=-1 product_type='' lteOnCdmaProductType=''
D/dalvikvm(  289): GC_CONCURRENT freed 636K, 66% free 4470K/13076K, paused 166ms+10ms, total 535ms
D/dalvikvm(  289): WAIT_FOR_CONCURRENT_GC blocked 39ms
D/dalvikvm(  289): WAIT_FOR_CONCURRENT_GC blocked 145ms
D/dalvikvm(  289): WAIT_FOR_CONCURRENT_GC blocked 126ms
E/BluetoothAdapter(  442): Bluetooth binder is null
D/dalvikvm(  289): WAIT_FOR_CONCURRENT_GC blocked 264ms
E/BluetoothAdapter(  442): Bluetooth binder is null
D/TelephonyManager(  483): getLteOnCdmaMode=0 curVal=-1 product_type='' lteOnCdmaProductType=''
D/TelephonyManager(  483): getLteOnCdmaMode=0 curVal=-1 product_type='' lteOnCdmaProductType=''
D/dalvikvm(  289): WAIT_FOR_CONCURRENT_GC blocked 380ms
W/InputAttributes(  469): No editor info for this field. Bug?
D/dalvikvm(  289): WAIT_FOR_CONCURRENT_GC blocked 460ms
D/dalvikvm(  289): WAIT_FOR_CONCURRENT_GC blocked 621ms
D/dalvikvm(  442): GC_CONCURRENT freed 54K, 7% free 2917K/3112K, paused 8ms+99ms, total 231ms
D/dalvikvm(  289): GREF has increased to 301
E/BluetoothAdapter(  442): Bluetooth binder is null
I/ActivityManager(  289): START u0 {act=android.intent.action.MAIN cat=[android.intent.category.HOME] flg=0x10000000 cmp=com.android.sdksetup/.DefaultActivity} from pid 0
W/InputMethodManagerService(  289): Found no subtypes in a system IME: com.android.inputmethod.pinyin
I/ActivityManager(  289): Start proc com.android.sdksetup for activity com.android.sdksetup/.DefaultActivity: pid=530 uid=10020 gids={50020, 1028}
I//system/bin/fsck_msdos(   32): Attempting to allocate 508 KB for FAT
E/ActivityThread(  469): Failed to find provider info for com.android.inputmethod.latin.dictionarypack
E/BinaryDictionaryGetter(  469): Could not find a dictionary pack
W/Settings(  483): Setting airplane_mode_on has moved from android.provider.Settings.System to android.provider.Settings.Global, returning read-only value.
D/dalvikvm(  289): GC_CONCURRENT freed 478K, 66% free 4520K/13076K, paused 344ms+9ms, total 632ms
D/dalvikvm(  289): WAIT_FOR_CONCURRENT_GC blocked 134ms
D/dalvikvm(  289): WAIT_FOR_CONCURRENT_GC blocked 138ms
D/dalvikvm(  289): WAIT_FOR_CONCURRENT_GC blocked 146ms
D/dalvikvm(  289): WAIT_FOR_CONCURRENT_GC blocked 146ms
D/dalvikvm(  289): WAIT_FOR_CONCURRENT_GC blocked 148ms
D/dalvikvm(  289): WAIT_FOR_CONCURRENT_GC blocked 131ms
W/Settings(  483): Setting auto_time has moved from android.provider.Settings.System to android.provider.Settings.Global, returning read-only global URI.
E/Trace   (  530): error opening trace file: No such file or directory (2)
D/dalvikvm(  289): WAIT_FOR_CONCURRENT_GC blocked 201ms
W/Settings(  483): Setting auto_time_zone has moved from android.provider.Settings.System to android.provider.Settings.Global, returning read-only global URI.
I/ActivityManager(  289): Start proc android.process.acore for content provider com.android.providers.userdictionary/.UserDictionaryProvider: pid=549 uid=10004 gids={50004, 3003, 1015, 1028}
W/ActivityManager(  289): Unable to start service Intent { act=com.android.internal.telephony.IWapPushManager } U=0: not found
D/dalvikvm(   38): GC_EXPLICIT freed 35K, 7% free 2369K/2544K, paused 4ms+15ms, total 118ms
D/dalvikvm(   38): GC_EXPLICIT freed <1K, 7% free 2369K/2544K, paused 4ms+18ms, total 109ms
D/dalvikvm(   38): GC_EXPLICIT freed <1K, 7% free 2369K/2544K, paused 4ms+17ms, total 110ms
D/        (  483): [ApnContext:default] set reason as dataEnabled,current state IDLE
D/dalvikvm(  289): WAIT_FOR_CONCURRENT_GC blocked 811ms
D/        (  483): [ApnContext:default] setRetryCount: 0
D/        (  483): [ApnContext:mms] set reason as dataEnabled,current state IDLE
D/        (  483): [ApnContext:mms] setRetryCount: 0
D/        (  483): [ApnContext:supl] set reason as dataEnabled,current state IDLE
D/        (  483): [ApnContext:supl] setRetryCount: 0
I/ActivityManager(  289): Start proc com.android.music for broadcast com.android.music/.MediaButtonIntentReceiver: pid=561 uid=10032 gids={50032, 3003, 1015, 1028}
D/        (  483): [ApnContext:hipri] set reason as dataEnabled,current state IDLE
D/        (  483): [ApnContext:hipri] setRetryCount: 0
D/        (  483): [ApnContext:fota] set reason as dataEnabled,current state IDLE
D/        (  483): [ApnContext:fota] setRetryCount: 0
D/        (  483): [ApnContext:ims] set reason as dataEnabled,current state IDLE
D/        (  483): [ApnContext:ims] setRetryCount: 0
D/        (  483): [ApnContext:cbs] set reason as dataEnabled,current state IDLE
D/        (  483): [ApnContext:cbs] setRetryCount: 0
E/Trace   (  549): error opening trace file: No such file or directory (2)
I/dalvikvm(  561): Turning on JNI app bug workarounds for target SDK version 9...
D/TelephonyManager(  483): getLteOnCdmaMode=0 curVal=-1 product_type='' lteOnCdmaProductType=''
D/CallManager(  483): registerPhone(GSM Handler (com.android.internal.telephony.PhoneProxy) {40d0dc40})
I/ActivityManager(  289): Force stopping package com.android.sdksetup appid=10020 user=0
I/ActivityManager(  289): Killing proc 530:com.android.sdksetup/u0a10020: force stop com.android.sdksetup
I/ActivityManager(  289):   Force finishing activity ActivityRecord{40f387b0 u0 com.android.sdksetup/.DefaultActivity}
E/BluetoothAdapter(  442): Bluetooth binder is null
I/ActivityManager(  289): START u0 {act=android.intent.action.MAIN cat=[android.intent.category.HOME] flg=0x10000000 cmp=com.android.launcher/com.android.launcher2.Launcher} from pid 0
E/BluetoothAdapter(  483): Bluetooth binder is null
I/ActivityManager(  289): Start proc com.android.launcher for activity com.android.launcher/com.android.launcher2.Launcher: pid=577 uid=10005 gids={50005, 1028}
I/InputReader(  289): Reconfiguring input devices.  changes=0x00000010
D/dalvikvm(  483): GC_CONCURRENT freed 177K, 11% free 2588K/2904K, paused 18ms+124ms, total 444ms
E/Trace   (  561): error opening trace file: No such file or directory (2)
E/BluetoothAdapter(  483): Bluetooth binder is null
I/AudioService(  289):   Remote Control   registerMediaButtonIntent() for PendingIntent{40d8f8a0: PendingIntentRecord{40d89a10 com.android.music broadcastIntent}}
E/Trace   (  577): error opening trace file: No such file or directory (2)
I/ActivityManager(  289): Start proc android.process.media for content provider com.android.providers.media/.MediaProvider: pid=598 uid=10010 gids={50010, 1015, 1023, 1024, 1028, 1006, 2001, 3003, 3007}
I/LocationBlacklist(  289): whitelist: []
D/PhoneStatusBar(  442): disable: < expand icons alerts ticker system_info back home recent clock search >
D/dalvikvm(  289): GC_CONCURRENT freed 464K, 65% free 4597K/13076K, paused 13ms+30ms, total 699ms
D/dalvikvm(  289): WAIT_FOR_CONCURRENT_GC blocked 241ms
D/dalvikvm(  289): WAIT_FOR_CONCURRENT_GC blocked 321ms
D/dalvikvm(  289): WAIT_FOR_CONCURRENT_GC blocked 266ms
D/dalvikvm(  289): WAIT_FOR_CONCURRENT_GC blocked 369ms
E/Trace   (  598): error opening trace file: No such file or directory (2)
E/BluetoothAdapter(  442): Bluetooth binder is null
D/SystemUIService(  442): loading: class com.android.systemui.power.PowerUI
D/SystemUIService(  442): running: com.android.systemui.power.PowerUI@40dbc8a8
D/SystemUIService(  442): loading: class com.android.systemui.media.RingtonePlayer
D/SystemUIService(  442): running: com.android.systemui.media.RingtonePlayer@40dbd528
I/ActivityManager(  289): Start proc com.android.quicksearchbox for broadcast com.android.quicksearchbox/.CorporaUpdateReceiver: pid=628 uid=10001 gids={50001, 3003, 1028}
I/Choreographer(  442): Skipped 5322 frames!  The application may be doing too much work on its main thread.
E/UserHistoryDictionary(  469): when loading: file not foundjava.io.FileNotFoundException: /data/data/com.android.inputmethod.latin/files/UserHistoryDictionary.en_US.dict: open failed: ENOENT (No such file or directory)
D/dalvikvm(  442): GC_CONCURRENT freed 179K, 10% free 3133K/3452K, paused 22ms+295ms, total 834ms
D/dalvikvm(  469): GC_CONCURRENT freed 253K, 14% free 2517K/2912K, paused 5ms+3ms, total 766ms
E/StrictMode(  469): A resource was acquired at attached stack trace but never released. See java.io.Closeable for information on avoiding resource leaks.
E/StrictMode(  469): java.lang.Throwable: Explicit termination method 'close' not called
E/StrictMode(  469): 	at dalvik.system.CloseGuard.open(CloseGuard.java:184)
E/StrictMode(  469): 	at android.os.ParcelFileDescriptor.<init>(ParcelFileDescriptor.java:412)
E/StrictMode(  469): 	at android.content.res.AssetManager.openNonAssetFdNative(Native Method)
E/StrictMode(  469): 	at android.content.res.AssetManager.openNonAssetFd(AssetManager.java:428)
E/StrictMode(  469): 	at android.content.res.Resources.openRawResourceFd(Resources.java:979)
E/StrictMode(  469): 	at com.android.inputmethod.latin.BinaryDictionaryGetter.loadFallbackResource(BinaryDictionaryGetter.java:183)
E/StrictMode(  469): 	at com.android.inputmethod.latin.BinaryDictionaryGetter.getDictionaryFiles(BinaryDictionaryGetter.java:456)
E/StrictMode(  469): 	at com.android.inputmethod.latin.DictionaryFactory.createMainDictionaryFromManager(DictionaryFactory.java:57)
E/StrictMode(  469): 	at com.android.inputmethod.latin.DictionaryFactory.createMainDictionaryFromManager(DictionaryFactory.java:87)
E/StrictMode(  469): 	at com.android.inputmethod.latin.Suggest$1.run(Suggest.java:108)
I/DownloadManager(  598): in removeSpuriousFiles
W/ActivityManager(  289): Activity idle timeout for ActivityRecord{40f73f10 u0 com.android.settings/.CryptKeeper}
D/dalvikvm(  289): GREF has increased to 401
W/dalvikvm(  549): threadid=2: spin on suspend #1 threadid=11 (pcf=0)
D/dalvikvm(  549): Temporarily moving tid 597 to fg (was 0)
D/dalvikvm(  549): Temporarily raised priority on tid 597 (10 -> 0)
E/Trace   (  628): error opening trace file: No such file or directory (2)
W/dalvikvm(  549): threadid=2: spin on suspend resolved in 1287 msec
D/dalvikvm(  549): Restored policy of 597 to 0
D/dalvikvm(  549): Restored priority on 597 to 10
D/dalvikvm(  549): GC_CONCURRENT freed 178K, 11% free 2588K/2908K, paused 3ms+1322ms, total 2121ms
E/BluetoothAdapter(  289): Bluetooth binder is null
E/BluetoothAdapter(  289): Bluetooth binder is null
V/WiredAccessoryManager(  289): init()
D/DebugService(  483): DebugService DebugService:
E/SoundPool(  289): error loading /system/media/audio/ui/Effect_Tick.ogg
W/AudioService(  289): Soundpool could not load file: /system/media/audio/ui/Effect_Tick.ogg
E/SoundPool(  289): error loading /system/media/audio/ui/Effect_Tick.ogg
W/AudioService(  289): Soundpool could not load file: /system/media/audio/ui/Effect_Tick.ogg
E/SoundPool(  289): error loading /system/media/audio/ui/Effect_Tick.ogg
W/AudioService(  289): Soundpool could not load file: /system/media/audio/ui/Effect_Tick.ogg
E/SoundPool(  289): error loading /system/media/audio/ui/Effect_Tick.ogg
W/AudioService(  289): Soundpool could not load file: /system/media/audio/ui/Effect_Tick.ogg
E/SoundPool(  289): error loading /system/media/audio/ui/Effect_Tick.ogg
W/AudioService(  289): Soundpool could not load file: /system/media/audio/ui/Effect_Tick.ogg
E/SoundPool(  289): error loading /system/media/audio/ui/KeypressStandard.ogg
W/AudioService(  289): Soundpool could not load file: /system/media/audio/ui/KeypressStandard.ogg
E/SoundPool(  289): error loading /system/media/audio/ui/KeypressSpacebar.ogg
W/AudioService(  289): Soundpool could not load file: /system/media/audio/ui/KeypressSpacebar.ogg
E/SoundPool(  289): error loading /system/media/audio/ui/KeypressDelete.ogg
D/TelephonyDebugService(  483): TelephonyDebugService()
W/AudioService(  289): Soundpool could not load file: /system/media/audio/ui/KeypressDelete.ogg
E/SoundPool(  289): error loading /system/media/audio/ui/KeypressReturn.ogg
W/AudioService(  289): Soundpool could not load file: /system/media/audio/ui/KeypressReturn.ogg
W/AudioService(  289): loadSoundEffects(), Error -1 while loading samples
I/ContactsDatabaseHelper(  549): Bootstrapping database version: 706
I/DownloadManager(  598): Upgrading downloads database from version 0 to version 108, which will destroy all old data
W/ActivityManager(  289): Launch timeout has expired, giving up wake lock!
I/InputReader(  289): Reconfiguring input devices.  changes=0x00000010
I/InputDispatcher(  289): Dropped event because input dispatch is disabled.
I/InputDispatcher(  289): Dropped event because input dispatch is disabled.
D/dalvikvm(  289): GC_CONCURRENT freed 519K, 65% free 4658K/13076K, paused 37ms+269ms, total 1822ms
E/SurfaceFlinger(   37): ro.sf.lcd_density must be defined as a build property
W/dalvikvm(  483): threadid=2: spin on suspend #1 threadid=14 (pcf=0)
D/dalvikvm(  483): Temporarily moving tid 587 to fg (was 0)
D/dalvikvm(  483): Temporarily raised priority on tid 587 (10 -> 0)
W/dalvikvm(  483): threadid=2: spin on suspend resolved in 1035 msec
D/dalvikvm(  483): Restored policy of 587 to 0
D/dalvikvm(  483): Restored priority on 587 to 10
D/dalvikvm(  483): GC_CONCURRENT freed 343K, 16% free 2646K/3132K, paused 1071ms+4ms, total 1283ms
D/dalvikvm(  577): GC_CONCURRENT freed 167K, 11% free 2617K/2928K, paused 6ms+32ms, total 181ms
I/LocationBlacklist(  289): blacklist: []
I/InputDispatcher(  289): Dropped event because input dispatch is disabled.
W/WindowManager(  289): Window freeze timeout expired.
W/WindowManager(  289): Force clearing orientation change: Window{41376b20 u0 StatusBar}
I/InputDispatcher(  289): Dropped event because input dispatch is disabled.
D/dalvikvm(  577): GC_FOR_ALLOC freed 35K, 7% free 2731K/2928K, paused 71ms, total 88ms
I/dalvikvm-heap(  577): Grow heap (frag case) to 3.415MB for 640016-byte allocation
D/dalvikvm(  577): GC_FOR_ALLOC freed 2K, 6% free 3353K/3556K, paused 62ms, total 62ms
D/dalvikvm(  577): GC_CONCURRENT freed 8K, 6% free 3351K/3556K, paused 18ms+156ms, total 232ms
I//system/bin/fsck_msdos(   32): ** Phase 2 - Check Cluster Chains
I//system/bin/fsck_msdos(   32): ** Phase 3 - Checking Directories
I//system/bin/fsck_msdos(   32): ** Phase 4 - Checking for Lost Files
I//system/bin/fsck_msdos(   32): Free space in FSInfo block (129008) not correct (129007)
I//system/bin/fsck_msdos(   32): FIXED
I//system/bin/fsck_msdos(   32): 1 files, 64503 free (129007 clusters)
I/Vold    (   32): Filesystem check completed OK
I/Vold    (   32): Device /dev/block/vold/179:0, target /mnt/sdcard mounted @ /mnt/secure/staging
D/Vold    (   32): Volume sdcard state changing 3 (Checking) -> 4 (Mounted)
D/MountService(  289): volume state changed for /mnt/sdcard (checking -> mounted)
E/VoldConnector(  289): NDC Command {3 volume mount /mnt/sdcard} took too long (18248ms)
I/PackageManager(  289): Updating external media status from unmounted to mounted
D/MountService(  289): sendStorageIntent Intent { act=android.intent.action.MEDIA_MOUNTED dat=file:///mnt/sdcard (has extras) } to UserHandle{-1}
W/Settings(  483): Setting auto_time_zone has moved from android.provider.Settings.System to android.provider.Settings.Global, returning read-only value.
I/Choreographer(  442): Skipped 4212 frames!  The application may be doing too much work on its main thread.
D/gralloc_goldfish(  442): Emulator without GPU emulation detected.
E/SurfaceFlinger(   37): ro.sf.lcd_density must be defined as a build property
D/dalvikvm(  442): GC_FOR_ALLOC freed 56K, 8% free 3187K/3452K, paused 134ms, total 145ms
W/Resources(  577): Converting to int: TypedValue{t=0x3/d=0x12 "4" a=-1}
W/Resources(  577): Converting to int: TypedValue{t=0x3/d=0xf "1" a=-1}
W/Resources(  577): Converting to int: TypedValue{t=0x3/d=0x15 "2" a=-1}
W/Resources(  577): Converting to int: TypedValue{t=0x3/d=0x15 "2" a=-1}
I/dalvikvm-heap(  442): Grow heap (frag case) to 9.359MB for 6410576-byte allocation
W/Launcher.LauncherProvider(  577): Unable to add favorite: com.android.gallery3d/com.android.gallery3d.app.Gallery
W/Launcher.LauncherProvider(  577): android.content.pm.PackageManager$NameNotFoundException: ComponentInfo{com.android.gallery3d/com.android.gallery3d.app.Gallery}
W/Launcher.LauncherProvider(  577): 	at android.app.ApplicationPackageManager.getActivityInfo(ApplicationPackageManager.java:225)
W/Launcher.LauncherProvider(  577): 	at com.android.launcher2.LauncherProvider$DatabaseHelper.addAppShortcut(LauncherProvider.java:939)
W/Launcher.LauncherProvider(  577): 	at com.android.launcher2.LauncherProvider$DatabaseHelper.loadFavorites(LauncherProvider.java:843)
W/Launcher.LauncherProvider(  577): 	at com.android.launcher2.LauncherProvider$DatabaseHelper.access$000(LauncherProvider.java:233)
W/Launcher.LauncherProvider(  577): 	at com.android.launcher2.LauncherProvider.loadDefaultFavoritesIfNecessary(LauncherProvider.java:228)
W/Launcher.LauncherProvider(  577): 	at com.android.launcher2.LauncherModel$LoaderTask.loadWorkspace(LauncherModel.java:1228)
W/Launcher.LauncherProvider(  577): 	at com.android.launcher2.LauncherModel$LoaderTask.loadAndBindWorkspace(LauncherModel.java:972)
W/Launcher.LauncherProvider(  577): 	at com.android.launcher2.LauncherModel$LoaderTask.run(LauncherModel.java:1076)
W/Launcher.LauncherProvider(  577): 	at android.os.Handler.handleCallback(Handler.java:725)
W/Launcher.LauncherProvider(  577): 	at android.os.Handler.dispatchMessage(Handler.java:92)
W/Launcher.LauncherProvider(  577): 	at android.os.Looper.loop(Looper.java:137)
W/Launcher.LauncherProvider(  577): 	at android.os.HandlerThread.run(HandlerThread.java:60)
D/CAT     (  483): CatService: Running CAT service. STK app installed:false
D/CAT     (  483): CatService: NEW sInstance
I/ActivityManager(  289): Start proc com.android.contacts for broadcast com.android.contacts/.calllog.CallLogReceiver: pid=660 uid=10004 gids={50004, 3003, 1015, 1028}
D/PhoneUtils(  483): hangup(): no active call to hang up
I/InputDispatcher(  289): Dropped event because input dispatch is disabled.
E/Trace   (  660): error opening trace file: No such file or directory (2)
I/InputDispatcher(  289): Dropped event because input dispatch is disabled.
I/InputDispatcher(  289): Dropped event because input dispatch is disabled.
D/dalvikvm(  577): GC_CONCURRENT freed 219K, 10% free 3520K/3884K, paused 5ms+79ms, total 387ms
D/CAT     (  483): CatService: SIM ready. Reporting STK service running now...
D/dalvikvm(  442): GC_FOR_ALLOC freed 3K, 3% free 9444K/9716K, paused 189ms, total 3716ms
D/dalvikvm(  442): GC_CONCURRENT freed <1K, 3% free 9445K/9716K, paused 19ms+7ms, total 105ms
I/InputDispatcher(  289): Dropped event because input dispatch is disabled.
I/InputDispatcher(  289): Dropped event because input dispatch is disabled.
I/InputDispatcher(  289): Dropped event because input dispatch is disabled.
D/MccTable(  483): updateMccMncConfiguration: mcc=310, mnc=260
D/dalvikvm(  549): GC_CONCURRENT freed 294K, 14% free 2691K/3128K, paused 116ms+207ms, total 448ms
I/InputDispatcher(  289): Dropped event because input dispatch is disabled.
I/SurfaceFlinger(   37): Boot is finished (97535 ms)
I/ActivityManager(  289): Config changes=1400 {1.0 ?mcc?mnc en_US ldltr sw320dp w320dp h455dp 160dpi nrml port finger -keyb/v/h tball/v s.5}
I/PowerManagerService(  289): Boot animation finished.
I/Choreographer(  289): Skipped 131 frames!  The application may be doing too much work on its main thread.
D/AlarmManagerService(  289): Kernel timezone updated to 0 minutes west of GMT
D/MccTable(  483): timezone set to AST
D/TelephonyManager(  483): getLteOnCdmaMode=0 curVal=-1 product_type='' lteOnCdmaProductType=''
D/MccTable(  483): locale set to en_us
I/ActivityManager(  289): Config changes=1400 {1.0 ?mcc?mnc en_US ldltr sw320dp w320dp h455dp 160dpi nrml port finger -keyb/v/h tball/v s.6}
D/dalvikvm(  483): GC_CONCURRENT freed 266K, 13% free 2777K/3184K, paused 6ms+104ms, total 321ms
D/dalvikvm(  289): GC_CONCURRENT freed 454K, 64% free 4701K/13048K, paused 911ms+130ms, total 1753ms
D/MccTable(  483): WIFI_COUNTRY_CODE set to us
I/WifiService(  289): WifiService trying to set country code to us with persist set to true
W/BackupManagerService(  289): dataChanged but no participant pkg='com.android.providers.settings' uid=1001
I/Choreographer(  442): Skipped 301 frames!  The application may be doing too much work on its main thread.
I/ActivityManager(  289): Config changes=1403 {1.0 310mcc260mnc en_US ldltr sw320dp w320dp h455dp 160dpi nrml port finger -keyb/v/h tball/v s.7}
W/SurfaceFlinger(   37): createScreenshotSurface failed (Function not implemented)
W/Settings(  483): Setting auto_time_zone has moved from android.provider.Settings.System to android.provider.Settings.Global, returning read-only value.
D/MccTable(  483): updateMccMncConfiguration: mcc=310, mnc=260
D/TelephonyManager(  483): getLteOnCdmaMode=0 curVal=-1 product_type='' lteOnCdmaProductType=''
D/MccTable(  483): locale set to en_us
D/MccTable(  483): WIFI_COUNTRY_CODE set to us
I/WifiService(  289): WifiService trying to set country code to us with persist set to true
I/ActivityManager(  289): Config changes=1400 {1.0 310mcc260mnc en_US ldltr sw320dp w320dp h455dp 160dpi nrml port finger -keyb/v/h tball/v s.8}
I/Choreographer(  442): Skipped 314 frames!  The application may be doing too much work on its main thread.
D/dalvikvm(  483): GC_CONCURRENT freed 304K, 14% free 2946K/3392K, paused 14ms+24ms, total 91ms
W/GpsLocationProvider(  289): Could not open GPS configuration file /etc/gps.conf
W/ServiceWatcher(  289): com.google.android.location not found
D/dalvikvm(  483): GC_CONCURRENT freed 515K, 19% free 2864K/3520K, paused 25ms+5ms, total 91ms
I/ContactsProviderV1(  549): Bootstrapping database legacy support
I/Choreographer(  442): Skipped 33 frames!  The application may be doing too much work on its main thread.
W/ServiceWatcher(  289): com.google.android.location not found
D/dalvikvm(  289): GC_CONCURRENT freed 375K, 64% free 4786K/13048K, paused 5ms+8ms, total 95ms
W/LocationManagerService(  289): no network location provider found
W/ServiceWatcher(  289): com.google.android.location not found
E/VoldConnector(  289): NDC Command {4 asec list} took too long (9954ms)
I/PackageManager(  289): No secure containers on sdcard
I/ActivityManager(  289): Start proc com.android.location.fused for service com.android.location.fused/.FusedLocationService: pid=688 uid=10016 gids={50016, 1028}
W/PackageManager(  289): Unknown permission com.google.android.googleapps.permission.GOOGLE_AUTH.mail in package com.android.contacts
W/PackageManager(  289): Unknown permission android.permission.ADD_SYSTEM_SERVICE in package com.android.phone
W/PackageManager(  289): Unknown permission com.android.smspush.WAPPUSH_MANAGER_BIND in package com.android.phone
W/PackageManager(  289): Unknown permission com.google.android.googleapps.permission.GOOGLE_AUTH in package com.android.providers.calendar
W/PackageManager(  289): Unknown permission com.google.android.googleapps.permission.GOOGLE_AUTH.cl in package com.android.providers.calendar
W/PackageManager(  289): Unknown permission com.google.android.googleapps.permission.GOOGLE_AUTH.mail in package com.android.calendar
W/PackageManager(  289): Not granting permission android.permission.SEND_DOWNLOAD_COMPLETED_INTENTS to package com.android.browser (protectionLevel=2 flags=0x89be45)
W/PackageManager(  289): Not granting permission android.permission.BIND_APPWIDGET to package com.android.widgetpreview (protectionLevel=18 flags=0x8be44)
W/PackageManager(  289): Unknown permission com.google.android.googleapps.permission.GOOGLE_AUTH in package com.android.settings
W/PackageManager(  289): Unknown permission com.android.email.permission.READ_ATTACHMENT in package com.android.exchange
W/PackageManager(  289): Unknown permission com.android.email.permission.ACCESS_PROVIDER in package com.android.exchange
W/PackageManager(  289): Unknown permission com.google.android.gallery3d.permission.GALLERY_PROVIDER in package com.android.exchange
W/PackageManager(  289): Unknown permission com.google.android.googleapps.permission.ACCESS_GOOGLE_PASSWORD in package com.android.development
W/PackageManager(  289): Unknown permission com.google.android.googleapps.permission.GOOGLE_AUTH in package com.android.development
W/PackageManager(  289): Unknown permission com.google.android.googleapps.permission.GOOGLE_AUTH.ALL_SERVICES in package com.android.development
W/PackageManager(  289): Unknown permission com.google.android.googleapps.permission.GOOGLE_AUTH.YouTubeUser in package com.android.development
W/PackageManager(  289): Not granting permission android.permission.DEVICE_POWER to package com.android.deskclock (protectionLevel=2 flags=0x88be45)
D/dalvikvm(  549): GC_CONCURRENT freed 295K, 14% free 2784K/3220K, paused 5ms+4ms, total 65ms
E/Trace   (  688): error opening trace file: No such file or directory (2)
W/ServiceWatcher(  289): com.google.android.location not found
E/LocationManagerService(  289): no geocoder provider found
W/AccountTypeManager(  660): No authenticator found for type=com.android.exchange, ignoring it.
I/AccountTypeManager(  660): Loaded meta-data for 0 account types, 0 accounts in 12ms(wall) 9ms(cpu)
W/ActivityManager(  289): Activity idle timeout for ActivityRecord{40d3be78 u0 com.android.launcher/com.android.launcher2.Launcher}
W/WindowManager(  289): App freeze timeout expired.
W/WindowManager(  289): Force clearing freeze: AppWindowToken{41600bd0 token=Token{410b1fa8 ActivityRecord{40d3be78 u0 com.android.launcher/com.android.launcher2.Launcher}}}
I/ActivityManager(  289): Start proc com.android.mms for broadcast com.android.mms/.transaction.MmsSystemEventReceiver: pid=704 uid=10003 gids={50003, 3003, 1015, 1028}
I/RecoverySystem(  289): No recovery log file
I/Choreographer(  289): Skipped 141 frames!  The application may be doing too much work on its main thread.
D/ConnectivityService(  289): ConnectivityChange for mobile: CONNECTED/CONNECTED
E/Trace   (  704): error opening trace file: No such file or directory (2)
D/dalvikvm(  289): GC_CONCURRENT freed 623K, 64% free 4732K/13048K, paused 48ms+36ms, total 343ms
D/CountryDetector(  289): The first listener is added
V/MmsConfig(  704): mnc/mcc: 310260
V/MmsConfig(  704): tag: bool value: enabledMMS - true
V/MmsConfig(  704): tag: int value: maxMessageSize - 307200
V/MmsConfig(  704): tag: int value: maxImageHeight - 480
V/MmsConfig(  704): tag: int value: maxImageWidth - 640
V/MmsConfig(  704): tag: int value: defaultSMSMessagesPerThread - 500
V/MmsConfig(  704): tag: int value: defaultMMSMessagesPerThread - 50
V/MmsConfig(  704): tag: int value: minMessageCountPerThread - 10
V/MmsConfig(  704): tag: int value: maxMessageCountPerThread - 5000
V/MmsConfig(  704): tag: string value: uaProfUrl - http://www.google.com/oha/rdf/ua-profile-kila.xml
V/MmsConfig(  704): tag: int value: recipientLimit - -1
V/MmsConfig(  704): tag: bool value: enableMultipartSMS - true
V/MmsConfig(  704): tag: int value: smsToMmsTextThreshold - -1
V/MmsConfig(  704): tag: bool value: enableSlideDuration - true
V/MmsConfig(  704): tag: int value: maxMessageTextSize - -1
I/ActivityManager(  289): Start proc com.android.deskclock for broadcast com.android.deskclock/.AlarmInitReceiver: pid=731 uid=10006 gids={50006, 1028}
E/Trace   (  731): error opening trace file: No such file or directory (2)
D/dalvikvm(  289): GC_EXPLICIT freed 76K, 65% free 4677K/13048K, paused 7ms+11ms, total 516ms
V/AlarmClock(  731): No next alarm
W/BackupManagerService(  289): dataChanged but no participant pkg='com.android.providers.settings' uid=10006
V/AlarmClock(  731): AlarmInitReceiver - Reset timers and clear stopwatch data
V/AlarmClock(  731): AlarmInitReceiver - resetting volume button default
V/AlarmClock(  731): No next alarm
V/AlarmClock(  731): AlarmInitReceiver finished
I/ActivityManager(  289): Start proc com.android.exchange for broadcast com.android.exchange/.service.ExchangeBroadcastReceiver: pid=753 uid=10028 gids={50028, 3003, 1015, 1028}
I/FusedLocation(  688): engine started (com.android.location.fused)
E/Trace   (  753): error opening trace file: No such file or directory (2)
D/ExchangeService(  753): !!! EAS ExchangeService, onStartCommand, startingUp = false, running = false
D/Mms:app (  704): cancelNotification
W/ActivityManager(  289): Unable to start service Intent { act=com.android.email.ACCOUNT_INTENT } U=0: not found
D/ExchangeService(  753): !!! Email application not found; stopping self
W/ActivityManager(  289): Unable to start service Intent { act=com.android.email.ACCOUNT_INTENT } U=0: not found
E/ActivityThread(  753): Service com.android.exchange.ExchangeService has leaked ServiceConnection com.android.emailcommon.service.ServiceProxy$ProxyConnection@40cf5018 that was originally bound here
E/ActivityThread(  753): android.app.ServiceConnectionLeaked: Service com.android.exchange.ExchangeService has leaked ServiceConnection com.android.emailcommon.service.ServiceProxy$ProxyConnection@40cf5018 that was originally bound here
E/ActivityThread(  753): 	at android.app.LoadedApk$ServiceDispatcher.<init>(LoadedApk.java:969)
E/ActivityThread(  753): 	at android.app.LoadedApk.getServiceDispatcher(LoadedApk.java:863)
E/ActivityThread(  753): 	at android.app.ContextImpl.bindService(ContextImpl.java:1418)
E/ActivityThread(  753): 	at android.app.ContextImpl.bindService(ContextImpl.java:1407)
E/ActivityThread(  753): 	at android.content.ContextWrapper.bindService(ContextWrapper.java:473)
E/ActivityThread(  753): 	at com.android.emailcommon.service.ServiceProxy.setTask(ServiceProxy.java:157)
E/ActivityThread(  753): 	at com.android.emailcommon.service.ServiceProxy.setTask(ServiceProxy.java:145)
E/ActivityThread(  753): 	at com.android.emailcommon.service.ServiceProxy.test(ServiceProxy.java:191)
E/ActivityThread(  753): 	at com.android.exchange.ExchangeService$7.run(ExchangeService.java:1850)
E/ActivityThread(  753): 	at com.android.emailcommon.utility.Utility$2.doInBackground(Utility.java:551)
E/ActivityThread(  753): 	at com.android.emailcommon.utility.Utility$2.doInBackground(Utility.java:549)
E/ActivityThread(  753): 	at android.os.AsyncTask$2.call(AsyncTask.java:287)
E/ActivityThread(  753): 	at java.util.concurrent.FutureTask.run(FutureTask.java:234)
E/ActivityThread(  753): 	at java.util.concurrent.ThreadPoolExecutor.runWorker(ThreadPoolExecutor.java:1080)
E/ActivityThread(  753): 	at java.util.concurrent.ThreadPoolExecutor$Worker.run(ThreadPoolExecutor.java:573)
E/ActivityThread(  753): 	at java.lang.Thread.run(Thread.java:856)
I/ActivityManager(  289): Start proc com.android.providers.calendar for broadcast com.android.providers.calendar/.CalendarReceiver: pid=772 uid=10033 gids={50033, 3003, 1015, 1028}
D/Tethering(  289): MasterInitialState.processMessage what=3
E/Trace   (  772): error opening trace file: No such file or directory (2)
I/CalendarDatabaseHelper(  772): Bootstrapping database
D/dalvikvm(  289): GREF has increased to 501
E/StrictMode(  753): null
E/StrictMode(  753): android.app.ServiceConnectionLeaked: Service com.android.exchange.ExchangeService has leaked ServiceConnection com.android.emailcommon.service.ServiceProxy$ProxyConnection@40cf5018 that was originally bound here
E/StrictMode(  753): 	at android.app.LoadedApk$ServiceDispatcher.<init>(LoadedApk.java:969)
E/StrictMode(  753): 	at android.app.LoadedApk.getServiceDispatcher(LoadedApk.java:863)
E/StrictMode(  753): 	at android.app.ContextImpl.bindService(ContextImpl.java:1418)
E/StrictMode(  753): 	at android.app.ContextImpl.bindService(ContextImpl.java:1407)
E/StrictMode(  753): 	at android.content.ContextWrapper.bindService(ContextWrapper.java:473)
E/StrictMode(  753): 	at com.android.emailcommon.service.ServiceProxy.setTask(ServiceProxy.java:157)
E/StrictMode(  753): 	at com.android.emailcommon.service.ServiceProxy.setTask(ServiceProxy.java:145)
E/StrictMode(  753): 	at com.android.emailcommon.service.ServiceProxy.test(ServiceProxy.java:191)
E/StrictMode(  753): 	at com.android.exchange.ExchangeService$7.run(ExchangeService.java:1850)
E/StrictMode(  753): 	at com.android.emailcommon.utility.Utility$2.doInBackground(Utility.java:551)
E/StrictMode(  753): 	at com.android.emailcommon.utility.Utility$2.doInBackground(Utility.java:549)
E/StrictMode(  753): 	at android.os.AsyncTask$2.call(AsyncTask.java:287)
E/StrictMode(  753): 	at java.util.concurrent.FutureTask.run(FutureTask.java:234)
E/StrictMode(  753): 	at java.util.concurrent.ThreadPoolExecutor.runWorker(ThreadPoolExecutor.java:1080)
E/StrictMode(  753): 	at java.util.concurrent.ThreadPoolExecutor$Worker.run(ThreadPoolExecutor.java:573)
E/StrictMode(  753): 	at java.lang.Thread.run(Thread.java:856)
D/MmsSmsDatabaseHelper(  483): [MmsSmsDb] tableName: threads hasAutoIncrement: CREATE TABLE threads (_id INTEGER PRIMARY KEY AUTOINCREMENT,date INTEGER DEFAULT 0,message_count INTEGER DEFAULT 0,recipient_ids TEXT,snippet TEXT,snippet_cs INTEGER DEFAULT 0,read INTEGER DEFAULT 1,type INTEGER DEFAULT 0,error INTEGER DEFAULT 0,has_attachment INTEGER DEFAULT 0) result: true
D/MediaScannerReceiver(  598): action: android.intent.action.MEDIA_MOUNTED path: /mnt/sdcard
W/ActivityManager(  289): Unbind failed: could not find connection for android.os.BinderProxy@40f39320
E/ActivityThread(  753): Service com.android.exchange.ExchangeService has leaked ServiceConnection com.android.emailcommon.service.ServiceProxy$ProxyConnection@40cf5b68 that was originally bound here
E/ActivityThread(  753): android.app.ServiceConnectionLeaked: Service com.android.exchange.ExchangeService has leaked ServiceConnection com.android.emailcommon.service.ServiceProxy$ProxyConnection@40cf5b68 that was originally bound here
E/ActivityThread(  753): 	at android.app.LoadedApk$ServiceDispatcher.<init>(LoadedApk.java:969)
E/ActivityThread(  753): 	at android.app.LoadedApk.getServiceDispatcher(LoadedApk.java:863)
E/ActivityThread(  753): 	at android.app.ContextImpl.bindService(ContextImpl.java:1418)
E/ActivityThread(  753): 	at android.app.ContextImpl.bindService(ContextImpl.java:1407)
E/ActivityThread(  753): 	at android.content.ContextWrapper.bindService(ContextWrapper.java:473)
E/ActivityThread(  753): 	at com.android.emailcommon.service.ServiceProxy.setTask(ServiceProxy.java:157)
E/ActivityThread(  753): 	at com.android.emailcommon.service.ServiceProxy.setTask(ServiceProxy.java:145)
E/ActivityThread(  753): 	at com.android.emailcommon.service.AccountServiceProxy.getDeviceId(AccountServiceProxy.java:116)
E/ActivityThread(  753): 	at com.android.exchange.ExchangeService.getDeviceId(ExchangeService.java:1249)
E/ActivityThread(  753): 	at com.android.exchange.ExchangeService$7.run(ExchangeService.java:1856)
E/ActivityThread(  753): 	at com.android.emailcommon.utility.Utility$2.doInBackground(Utility.java:551)
E/ActivityThread(  753): 	at com.android.emailcommon.utility.Utility$2.doInBackground(Utility.java:549)
E/ActivityThread(  753): 	at android.os.AsyncTask$2.call(AsyncTask.java:287)
E/ActivityThread(  753): 	at java.util.concurrent.FutureTask.run(FutureTask.java:234)
E/ActivityThread(  753): 	at java.util.concurrent.ThreadPoolExecutor.runWorker(ThreadPoolExecutor.java:1080)
E/ActivityThread(  753): 	at java.util.concurrent.ThreadPoolExecutor$Worker.run(ThreadPoolExecutor.java:573)
E/ActivityThread(  753): 	at java.lang.Thread.run(Thread.java:856)
I/InputDispatcher(  289): Dropped event because it is stale.
I/InputDispatcher(  289): Dropped event because it is stale.
E/StrictMode(  753): null
E/StrictMode(  753): android.app.ServiceConnectionLeaked: Service com.android.exchange.ExchangeService has leaked ServiceConnection com.android.emailcommon.service.ServiceProxy$ProxyConnection@40cf5b68 that was originally bound here
E/StrictMode(  753): 	at android.app.LoadedApk$ServiceDispatcher.<init>(LoadedApk.java:969)
E/StrictMode(  753): 	at android.app.LoadedApk.getServiceDispatcher(LoadedApk.java:863)
E/StrictMode(  753): 	at android.app.ContextImpl.bindService(ContextImpl.java:1418)
E/StrictMode(  753): 	at android.app.ContextImpl.bindService(ContextImpl.java:1407)
E/StrictMode(  753): 	at android.content.ContextWrapper.bindService(ContextWrapper.java:473)
E/StrictMode(  753): 	at com.android.emailcommon.service.ServiceProxy.setTask(ServiceProxy.java:157)
E/StrictMode(  753): 	at com.android.emailcommon.service.ServiceProxy.setTask(ServiceProxy.java:145)
E/StrictMode(  753): 	at com.android.emailcommon.service.AccountServiceProxy.getDeviceId(AccountServiceProxy.java:116)
E/StrictMode(  753): 	at com.android.exchange.ExchangeService.getDeviceId(ExchangeService.java:1249)
E/StrictMode(  753): 	at com.android.exchange.ExchangeService$7.run(ExchangeService.java:1856)
E/StrictMode(  753): 	at com.android.emailcommon.utility.Utility$2.doInBackground(Utility.java:551)
E/StrictMode(  753): 	at com.android.emailcommon.utility.Utility$2.doInBackground(Utility.java:549)
E/StrictMode(  753): 	at android.os.AsyncTask$2.call(AsyncTask.java:287)
E/StrictMode(  753): 	at java.util.concurrent.FutureTask.run(FutureTask.java:234)
E/StrictMode(  753): 	at java.util.concurrent.ThreadPoolExecutor.runWorker(ThreadPoolExecutor.java:1080)
E/StrictMode(  753): 	at java.util.concurrent.ThreadPoolExecutor$Worker.run(ThreadPoolExecutor.java:573)
E/StrictMode(  753): 	at java.lang.Thread.run(Thread.java:856)
E/BluetoothAdapter(  497): Bluetooth binder is null
W/ActivityManager(  289): Unbind failed: could not find connection for android.os.BinderProxy@415f8fd0
D/MmsSmsDatabaseHelper(  483): [MmsSmsDb] tableName: canonical_addresses hasAutoIncrement: CREATE TABLE canonical_addresses (_id INTEGER PRIMARY KEY AUTOINCREMENT,address TEXT) result: true
V/AlarmClock(  731): No next alarm
V/AlarmClock(  731): AlarmInitReceiver finished
I/ActivityManager(  289): Start proc com.android.calendar for broadcast com.android.calendar/.widget.CalendarAppWidgetService$CalendarFactory: pid=796 uid=10026 gids={50026, 3003, 1028}
D/GpsLocationProvider(  289): NTP server returned: 1389379527542 (Fri Jan 10 18:45:27 GMT 2014) reference: 111763 certainty: 26 system time offset: -38
D/dalvikvm(   38): GC_EXPLICIT freed 38K, 8% free 2369K/2552K, paused 4ms+7ms, total 137ms
D/dalvikvm(   38): GC_EXPLICIT freed <1K, 8% free 2369K/2552K, paused 4ms+4ms, total 111ms
E/Trace   (  796): error opening trace file: No such file or directory (2)
D/dalvikvm(   38): GC_EXPLICIT freed <1K, 8% free 2369K/2552K, paused 4ms+4ms, total 113ms
E/BluetoothAdapter(  497): Bluetooth binder is null
D/MmsSmsDatabaseHelper(  483): [MmsSmsDb] tableName: part hasAutoIncrement: CREATE TABLE part (_id INTEGER PRIMARY KEY AUTOINCREMENT,mid INTEGER,seq INTEGER DEFAULT 0,ct TEXT,name TEXT,chset INTEGER,cd TEXT,fn TEXT,cid TEXT,cl TEXT,ctt_s INTEGER,ctt_t TEXT,_data TEXT,text TEXT) result: true
D/dalvikvm(  483): GC_CONCURRENT freed 313K, 17% free 2938K/3516K, paused 11ms+4ms, total 92ms
I/Choreographer(  442): Skipped 49 frames!  The application may be doing too much work on its main thread.
I/Choreographer(  442): Skipped 102 frames!  The application may be doing too much work on its main thread.
I/Choreographer(  442): Skipped 32 frames!  The application may be doing too much work on its main thread.
I/Choreographer(  442): Skipped 44 frames!  The application may be doing too much work on its main thread.
D/MmsSmsDatabaseHelper(  483): [MmsSmsDb] tableName: pdu hasAutoIncrement: CREATE TABLE pdu (_id INTEGER PRIMARY KEY AUTOINCREMENT,thread_id INTEGER,date INTEGER,date_sent INTEGER DEFAULT 0,msg_box INTEGER,read INTEGER DEFAULT 0,m_id TEXT,sub TEXT,sub_cs INTEGER,ct_t TEXT,ct_l TEXT,exp INTEGER,m_cls TEXT,m_type INTEGER,v INTEGER,m_size INTEGER,pri INTEGER,rr INTEGER,rpt_a INTEGER,resp_st INTEGER,st INTEGER,tr_id TEXT,retr_st INTEGER,retr_txt TEXT,retr_txt_cs INTEGER,read_status INTEGER,ct_cls INTEGER,resp_txt TEXT,d_tm INTEGER,d_rpt INTEGER,locked INTEGER DEFAULT 0,seen INTEGER DEFAULT 0,text_only INTEGER DEFAULT 0) result: true
D/MmsSmsDatabaseHelper(  483): [getWritableDatabase] hasAutoIncrementThreads: true hasAutoIncrementAddresses: true hasAutoIncrementPart: true hasAutoIncrementPdu: true
D/Launcher.Model(  577): Reload apps on config change. curr_mcc:310 prevmcc:0
D/Launcher.Model(  577): going to save icon bitmap for info=ShortcutInfo(title=Messagingintent=Intent { act=android.intent.action.MAIN cat=[android.intent.category.LAUNCHER] flg=0x10200000 cmp=com.android.mms/.ui.ConversationList }id=12 type=0 container=-101 screen=3 cellX=3 cellY=0 spanX=1 spanY=1 dropPos=null)
I/CalendarProvider2(  772): Sending notification intent: Intent { act=android.intent.action.PROVIDER_CHANGED dat=content://com.android.calendar }
W/ContentResolver(  772): Failed to get type for: content://com.android.calendar (Unknown URL content://com.android.calendar)
D/dalvikvm(  577): GC_FOR_ALLOC freed 164K, 8% free 3741K/4048K, paused 57ms, total 63ms
I/dalvikvm-heap(  577): Grow heap (frag case) to 4.401MB for 640016-byte allocation
D/AlertReceiver(  796): onReceive: a=android.intent.action.PROVIDER_CHANGED Intent { act=android.intent.action.PROVIDER_CHANGED dat=content://com.android.calendar flg=0x10 cmp=com.android.calendar/.alerts.AlertReceiver }
D/AlertUtils(  796): Flushing old alerts from shared prefs table
D/dalvikvm(  577): GC_FOR_ALLOC freed 3K, 7% free 4363K/4676K, paused 91ms, total 91ms
D/dalvikvm(  577): GC_CONCURRENT freed 24K, 8% free 4339K/4676K, paused 22ms+24ms, total 105ms
D/AlertService(  796): 0 Action = android.intent.action.PROVIDER_CHANGED
I/Choreographer(  577): Skipped 862 frames!  The application may be doing too much work on its main thread.
E/SurfaceFlinger(   37): ro.sf.lcd_density must be defined as a build property
D/AlertService(  796): Beginning updateAlertNotification
I/Choreographer(  577): Skipped 53 frames!  The application may be doing too much work on its main thread.
D/gralloc_goldfish(  577): Emulator without GPU emulation detected.
D/dalvikvm(  577): GC_FOR_ALLOC freed 717K, 20% free 3821K/4772K, paused 41ms, total 55ms
I/dalvikvm-heap(  577): Grow heap (frag case) to 4.423MB for 582416-byte allocation
D/dalvikvm(  577): GC_CONCURRENT freed 7K, 9% free 4382K/4772K, paused 7ms+6ms, total 50ms
D/dalvikvm(  577): WAIT_FOR_CONCURRENT_GC blocked 43ms
D/dalvikvm(  577): GC_FOR_ALLOC freed <1K, 9% free 4382K/4772K, paused 34ms, total 34ms
I/dalvikvm-heap(  577): Grow heap (frag case) to 4.971MB for 582416-byte allocation
D/dalvikvm(  577): GC_FOR_ALLOC freed 0K, 8% free 4950K/5344K, paused 42ms, total 42ms
D/dalvikvm(  577): GC_CONCURRENT freed <1K, 7% free 4993K/5344K, paused 6ms+8ms, total 92ms
I/ActivityManager(  289): Displayed com.android.launcher/com.android.launcher2.Launcher: +31s658ms (total +38s54ms)
I/Choreographer(  577): Skipped 334 frames!  The application may be doing too much work on its main thread.
D/dalvikvm(  577): WAIT_FOR_CONCURRENT_GC blocked 704ms
D/Launcher.Model(  577): going to save icon bitmap for info=ShortcutInfo(title=Phoneintent=Intent { act=android.intent.action.MAIN cat=[android.intent.category.LAUNCHER] flg=0x10200000 cmp=com.android.contacts/.activities.DialtactsActivity }id=8 type=0 container=-101 screen=0 cellX=0 cellY=0 spanX=1 spanY=1 dropPos=null)
D/Launcher.Model(  577): going to save icon bitmap for info=ShortcutInfo(title=Cameraintent=Intent { act=android.intent.action.MAIN cat=[android.intent.category.LAUNCHER] flg=0x10200000 cmp=com.android.camera/.Camera }id=4 type=0 container=-100 screen=2 cellX=0 cellY=3 spanX=1 spanY=1 dropPos=null)
D/Launcher.Model(  577): going to save icon bitmap for info=ShortcutInfo(title=Peopleintent=Intent { act=android.intent.action.MAIN cat=[android.intent.category.LAUNCHER] flg=0x10200000 cmp=com.android.contacts/.activities.PeopleActivity }id=10 type=0 container=-101 screen=1 cellX=1 cellY=0 spanX=1 spanY=1 dropPos=null)
D/Launcher.Model(  577): going to save icon bitmap for info=ShortcutInfo(title=Settingsintent=Intent { act=android.intent.action.MAIN cat=[android.intent.category.LAUNCHER] flg=0x10200000 cmp=com.android.settings/.Settings }id=6 type=0 container=-100 screen=3 cellX=2 cellY=3 spanX=1 spanY=1 dropPos=null)
I/MediaProvider(  598): Upgrading media database from version 0 to 511, which will destroy all old data
D/Launcher.Model(  577): going to save icon bitmap for info=ShortcutInfo(title=Browserintent=Intent { act=android.intent.action.MAIN cat=[android.intent.category.LAUNCHER] flg=0x10200000 cmp=com.android.browser/.BrowserActivity }id=14 type=0 container=-101 screen=4 cellX=4 cellY=0 spanX=1 spanY=1 dropPos=null)
D/dalvikvm(  577): GC_FOR_ALLOC freed 940K, 19% free 4738K/5824K, paused 43ms, total 47ms
D/dalvikvm(  577): GREF has increased to 201
I/Choreographer(  577): Skipped 201 frames!  The application may be doing too much work on its main thread.
I/Choreographer(  577): Skipped 214 frames!  The application may be doing too much work on its main thread.
D/dalvikvm(  289): GC_CONCURRENT freed 353K, 64% free 4788K/13048K, paused 41ms+24ms, total 264ms
D/dalvikvm(  577): GC_FOR_ALLOC freed 67K, 10% free 5270K/5824K, paused 79ms, total 91ms
I/dalvikvm-heap(  577): Grow heap (frag case) to 5.839MB for 582416-byte allocation
D/dalvikvm(  577): GC_FOR_ALLOC freed 237K, 13% free 5602K/6396K, paused 41ms, total 42ms
D/dalvikvm(  577): GC_FOR_ALLOC freed 575K, 22% free 5032K/6396K, paused 34ms, total 36ms
I/Choreographer(  577): Skipped 91 frames!  The application may be doing too much work on its main thread.
I/Choreographer(  577): Skipped 69 frames!  The application may be doing too much work on its main thread.
I/Choreographer(  577): Skipped 33 frames!  The application may be doing too much work on its main thread.
I/Choreographer(  577): Skipped 79 frames!  The application may be doing too much work on its main thread.
D/Mms:app (  704): cancelNotification
D/AlertService(  796): No fired or scheduled alerts
D/dalvikvm(  796): GC_CONCURRENT freed 261K, 15% free 2504K/2916K, paused 16ms+3ms, total 56ms
D/dalvikvm(  772): GC_CONCURRENT freed 210K, 13% free 2560K/2912K, paused 17ms+118ms, total 324ms
E/StrictMode(  796): A resource was acquired at attached stack trace but never released. See java.io.Closeable for information on avoiding resource leaks.
E/StrictMode(  796): java.lang.Throwable: Explicit termination method 'close' not called
E/StrictMode(  796): 	at dalvik.system.CloseGuard.open(CloseGuard.java:184)
E/StrictMode(  796): 	at android.content.ContentResolver$CursorWrapperInner.<init>(ContentResolver.java:1855)
E/StrictMode(  796): 	at android.content.ContentResolver.query(ContentResolver.java:394)
E/StrictMode(  796): 	at android.content.CursorLoader.loadInBackground(CursorLoader.java:65)
E/StrictMode(  796): 	at android.content.CursorLoader.loadInBackground(CursorLoader.java:43)
E/StrictMode(  796): 	at android.content.AsyncTaskLoader.onLoadInBackground(AsyncTaskLoader.java:301)
E/StrictMode(  796): 	at android.content.AsyncTaskLoader$LoadTask.doInBackground(AsyncTaskLoader.java:68)
E/StrictMode(  796): 	at android.content.AsyncTaskLoader$LoadTask.doInBackground(AsyncTaskLoader.java:56)
E/StrictMode(  796): 	at android.os.AsyncTask$2.call(AsyncTask.java:287)
E/StrictMode(  796): 	at java.util.concurrent.FutureTask.run(FutureTask.java:234)
E/StrictMode(  796): 	at java.util.concurrent.ThreadPoolExecutor.runWorker(ThreadPoolExecutor.java:1080)
E/StrictMode(  796): 	at java.util.concurrent.ThreadPoolExecutor$Worker.run(ThreadPoolExecutor.java:573)
E/StrictMode(  796): 	at java.lang.Thread.run(Thread.java:856)
W/CursorWrapperInner(  796): Cursor finalized without prior close()
I/ContactDirectoryManager(  549): deleted 0 stale rows which don't have any relevant directory
I/ContactDirectoryManager(  549): Discovered 0 contact directories in 290ms
I/ContactsDatabaseHelper(  549): Switching to locale en_US
D/dalvikvm(  577): GC_CONCURRENT freed 1898K, 39% free 3925K/6396K, paused 16ms+6ms, total 101ms
D/dalvikvm(  577): GC_FOR_ALLOC freed 88K, 40% free 3882K/6396K, paused 34ms, total 36ms
D/dalvikvm(  577): GC_CONCURRENT freed 1K, 32% free 4380K/6396K, paused 21ms+5ms, total 107ms
I/Choreographer(  577): Skipped 73 frames!  The application may be doing too much work on its main thread.
I/Choreographer(  577): Skipped 77 frames!  The application may be doing too much work on its main thread.
I/Choreographer(  577): Skipped 64 frames!  The application may be doing too much work on its main thread.
I/Choreographer(  577): Skipped 75 frames!  The application may be doing too much work on its main thread.
I/Choreographer(  577): Skipped 42 frames!  The application may be doing too much work on its main thread.
I/Choreographer(  577): Skipped 70 frames!  The application may be doing too much work on its main thread.
I/Choreographer(  577): Skipped 51 frames!  The application may be doing too much work on its main thread.
D/dalvikvm(  577): GC_FOR_ALLOC freed 8K, 24% free 4888K/6396K, paused 46ms, total 46ms
I/dalvikvm-heap(  577): Grow heap (frag case) to 5.520MB for 640016-byte allocation
D/dalvikvm(  577): GC_FOR_ALLOC freed 0K, 22% free 5513K/7024K, paused 86ms, total 86ms
D/dalvikvm(  577): GC_FOR_ALLOC freed 88K, 12% free 6251K/7024K, paused 52ms, total 62ms
D/dalvikvm(  577): GC_FOR_ALLOC freed 4K, 10% free 6858K/7596K, paused 38ms, total 39ms
I/Choreographer(  577): Skipped 1011 frames!  The application may be doing too much work on its main thread.
I/Choreographer(  577): Skipped 46 frames!  The application may be doing too much work on its main thread.
D/dalvikvm(  577): GC_FOR_ALLOC freed 969K, 17% free 6783K/8144K, paused 123ms, total 127ms
D/dalvikvm(  577): GC_FOR_ALLOC freed 56K, 9% free 7444K/8144K, paused 74ms, total 76ms
I/Choreographer(  577): Skipped 498 frames!  The application may be doing too much work on its main thread.
