I/System.out( 1198): org.jruby.runtime.callsite.SuperCallSite.callVarargs(SuperCallSite.java:108)
I/System.out( 1198): org.jruby.ast.ZSuperNode.interpret(ZSuperNode.java:104)
I/System.out( 1198): org.jruby.ast.NewlineNode.interpret(NewlineNode.java:105)
I/System.out( 1198): org.jruby.ast.BlockNode.interpret(BlockNode.java:71)
I/System.out( 1198): org.jruby.ast.RescueNode.executeBody(RescueNode.java:224)
I/System.out( 1198): org.jruby.ast.RescueNode.interpret(RescueNode.java:119)
I/System.out( 1198): org.jruby.evaluator.ASTInterpreter.INTERPRET_METHOD(ASTInterpreter.java:75)
I/System.out( 1198): org.jruby.internal.runtime.methods.InterpretedMethod.call(InterpretedMethod.java:112)
I/System.out( 1198): org.jruby.internal.runtime.methods.InterpretedMethod.call(InterpretedMethod.java:126)
I/System.out( 1198): org.jruby.RubyClass.finvoke(RubyClass.java:722)
I/System.out( 1198): org.jruby.javasupport.util.RuntimeHelpers.invoke(RuntimeHelpers.java:505)
I/System.out( 1198): org.jruby.embed.internal.EmbedRubyObjectAdapterImpl.callEachType(EmbedRubyObjectAdapterImpl.java:353)
I/System.out( 1198): org.jruby.embed.internal.EmbedRubyObjectAdapterImpl.call(EmbedRubyObjectAdapterImpl.java:306)
I/System.out( 1198): org.jruby.embed.internal.EmbedRubyObjectAdapterImpl.runRubyMethod(EmbedRubyObjectAdapterImpl.java:278)
I/System.out( 1198): org.jruby.embed.ScriptingContainer.runRubyMethod(ScriptingContainer.java:1547)
I/System.out( 1198): java.lang.reflect.Method.invokeNative(Native Method)
I/System.out( 1198): java.lang.reflect.Method.invoke(Method.java:511)
I/System.out( 1198): org.ruboto.JRubyAdapter.runRubyMethod(JRubyAdapter.java:148)
I/System.out( 1198): org.ruboto.ScriptLoader.callOnCreate(ScriptLoader.java:138)
I/System.out( 1198): org.ruboto.ScriptLoader.loadScript(ScriptLoader.java:113)
I/System.out( 1198): org.ruboto.RubotoActivity.onCreate(RubotoActivity.java:51)
I/System.out( 1198): org.ruboto.EntryPointActivity.onCreate(EntryPointActivity.java:38)
I/System.out( 1198): org.ruboto.core.RedirectActivity.onCreate(RedirectActivity.java:8)
I/System.out( 1198): org.ruboto.core.RubotoCoreActivity.onCreate(RubotoCoreActivity.java:25)
I/System.out( 1198): java.lang.reflect.Method.invokeNative(Native Method)
I/System.out( 1198): java.lang.reflect.Method.invoke(Method.java:511)
I/System.out( 1198): org.jruby.javasupport.JavaMethod.invokeDirectWithExceptionHandling(JavaMethod.java:455)
I/System.out( 1198): org.jruby.javasupport.JavaMethod.invokeDirect(JavaMethod.java:316)
I/System.out( 1198): org.jruby.java.invokers.InstanceMethodInvoker.call(InstanceMethodInvoker.java:61)
I/System.out( 1198): org.jruby.java.invokers.InstanceMethodInvoker.call(InstanceMethodInvoker.java:127)
I/System.out( 1198): org.jruby.runtime.callsite.SuperCallSite.callBlock(SuperCallSite.java:190)
I/System.out( 1198): org.jruby.runtime.callsite.SuperCallSite.call(SuperCallSite.java:197)
I/System.out( 1198): org.jruby.runtime.callsite.SuperCallSite.callVarargs(SuperCallSite.java:108)
I/System.out( 1198): org.jruby.ast.ZSuperNode.interpret(ZSuperNode.java:104)
I/System.out( 1198): org.jruby.ast.NewlineNode.interpret(NewlineNode.java:105)
I/System.out( 1198): org.jruby.ast.BlockNode.interpret(BlockNode.java:71)
I/System.out( 1198): org.jruby.ast.RescueNode.executeBody(RescueNode.java:224)
I/System.out( 1198): org.jruby.ast.RescueNode.interpret(RescueNode.java:119)
I/System.out( 1198): org.jruby.evaluator.ASTInterpreter.INTERPRET_METHOD(ASTInterpreter.java:75)
I/System.out( 1198): org.jruby.internal.runtime.methods.InterpretedMethod.call(InterpretedMethod.java:112)
I/System.out( 1198): org.jruby.internal.runtime.methods.InterpretedMethod.call(InterpretedMethod.java:126)
I/System.out( 1198): org.jruby.RubyClass.finvoke(RubyClass.java:722)
I/System.out( 1198): org.jruby.javasupport.util.RuntimeHelpers.invoke(RuntimeHelpers.java:505)
I/System.out( 1198): org.jruby.embed.internal.EmbedRubyObjectAdapterImpl.callEachType(EmbedRubyObjectAdapterImpl.java:353)
I/System.out( 1198): org.jruby.embed.internal.EmbedRubyObjectAdapterImpl.call(EmbedRubyObjectAdapterImpl.java:306)
I/System.out( 1198): org.jruby.embed.internal.EmbedRubyObjectAdapterImpl.runRubyMethod(EmbedRubyObjectAdapterImpl.java:278)
I/System.out( 1198): org.jruby.embed.ScriptingContainer.runRubyMethod(ScriptingContainer.java:1547)
I/System.out( 1198): java.lang.reflect.Method.invokeNative(Native Method)
I/System.out( 1198): java.lang.reflect.Method.invoke(Method.java:511)
I/System.out( 1198): org.ruboto.JRubyAdapter.runRubyMethod(JRubyAdapter.java:148)
I/System.out( 1198): org.ruboto.ScriptLoader.callOnCreate(ScriptLoader.java:138)
I/System.out( 1198): org.ruboto.ScriptLoader.loadScript(ScriptLoader.java:113)
I/System.out( 1198): org.ruboto.RubotoActivity.onCreate(RubotoActivity.java:51)
I/System.out( 1198): org.ruboto.EntryPointActivity.onCreate(EntryPointActivity.java:38)
I/System.out( 1198): org.ruboto.core.RedirectActivity.onCreate(RedirectActivity.java:8)
I/System.out( 1198): org.ruboto.core.RubotoCoreActivity.onCreate(RubotoCoreActivity.java:25)
I/System.out( 1198): java.lang.reflect.Method.invokeNative(Native Method)
I/System.out( 1198): java.lang.reflect.Method.invoke(Method.java:511)
I/System.out( 1198): org.jruby.javasupport.JavaMethod.invokeDirectWithExceptionHandling(JavaMethod.java:455)
I/System.out( 1198): org.jruby.javasupport.JavaMethod.invokeDirect(JavaMethod.java:316)
I/System.out( 1198): org.jruby.java.invokers.InstanceMethodInvoker.call(InstanceMethodInvoker.java:61)
I/System.out( 1198): org.jruby.java.invokers.InstanceMethodInvoker.call(InstanceMethodInvoker.java:127)
I/System.out( 1198): org.jruby.runtime.callsite.SuperCallSite.cacheAndCall(SuperCallSite.java:366)
I/System.out( 1198): org.jruby.runtime.callsite.SuperCallSite.callBlock(SuperCallSite.java:192)
I/System.out( 1198): org.jruby.runtime.callsite.SuperCallSite.call(SuperCallSite.java:197)
I/System.out( 1198): org.jruby.runtime.callsite.SuperCallSite.callVarargs(SuperCallSite.java:108)
I/System.out( 1198): org.jruby.ast.ZSuperNode.interpret(ZSuperNode.java:104)
I/System.out( 1198): org.jruby.ast.NewlineNode.interpret(NewlineNode.java:105)
I/System.out( 1198): org.jruby.ast.BlockNode.interpret(BlockNode.java:71)
I/System.out( 1198): org.jruby.ast.RescueNode.executeBody(RescueNode.java:224)
I/System.out( 1198): org.jruby.ast.RescueNode.interpret(RescueNode.java:119)
I/System.out( 1198): org.jruby.evaluator.ASTInterpreter.INTERPRET_METHOD(ASTInterpreter.java:75)
I/System.out( 1198): org.jruby.internal.runtime.methods.InterpretedMethod.call(InterpretedMethod.java:112)
I/System.out( 1198): org.jruby.internal.runtime.methods.InterpretedMethod.call(InterpretedMethod.java:126)
I/System.out( 1198): org.jruby.RubyClass.finvoke(RubyClass.java:722)
I/System.out( 1198): org.jruby.javasupport.util.RuntimeHelpers.invoke(RuntimeHelpers.java:505)
I/System.out( 1198): org.jruby.embed.internal.EmbedRubyObjectAdapterImpl.callEachType(EmbedRubyObjectAdapterImpl.java:353)
I/System.out( 1198): org.jruby.embed.internal.EmbedRubyObjectAdapterImpl.call(EmbedRubyObjectAdapterImpl.java:306)
I/System.out( 1198): org.jruby.embed.internal.EmbedRubyObjectAdapterImpl.runRubyMethod(EmbedRubyObjectAdapterImpl.java:278)
I/System.out( 1198): org.jruby.embed.ScriptingContainer.runRubyMethod(ScriptingContainer.java:1547)
I/System.out( 1198): java.lang.reflect.Method.invokeNative(Native Method)
I/System.out( 1198): java.lang.reflect.Method.invoke(Method.java:511)
I/System.out( 1198): org.ruboto.JRubyAdapter.runRubyMethod(JRubyAdapter.java:148)
I/System.out( 1198): org.ruboto.ScriptLoader.callOnCreate(ScriptLoader.java:138)
I/System.out( 1198): org.ruboto.ScriptLoader.loadScript(ScriptLoader.java:113)
I/System.out( 1198): org.ruboto.EntryPointActivity.fireRubotoActivity(EntryPointActivity.java:155)
I/System.out( 1198): org.ruboto.EntryPointActivity$2$1.run(EntryPointActivity.java:108)
I/System.out( 1198): android.os.Handler.handleCallback(Handler.java:725)
I/System.out( 1198): android.os.Handler.dispatchMessage(Handler.java:92)
I/System.out( 1198): android.os.Looper.loop(Looper.java:137)
I/System.out( 1198): android.app.ActivityThread.main(ActivityThread.java:5041)
I/System.out( 1198): java.lang.reflect.Method.invokeNative(Native Method)
I/System.out( 1198): java.lang.reflect.Method.invoke(Method.java:511)
I/System.out( 1198): com.android.internal.os.ZygoteInit$MethodAndArgsCaller.run(ZygoteInit.java:793)
I/System.out( 1198): com.android.internal.os.ZygoteInit.main(ZygoteInit.java:560)
I/System.out( 1198): dalvik.system.NativeStart.main(Native Method)
D/dalvikvm( 1198): GC_FOR_ALLOC freed 1661K, 11% free 16378K/18336K, paused 302ms, total 305ms
I/dalvikvm( 1198): threadid=1: stack overflow on call to Lorg/jruby/compiler/ASTInspector;.inspect:VL
I/dalvikvm( 1198):   method requires 200+20+12=232 bytes, fp is 0x44c443b0 (176 left)
I/dalvikvm( 1198):   expanding stack end (0x44c44300 to 0x44c44000)
I/dalvikvm( 1198): Shrank stack (to 0x44c44300, curFrame is 0x44c44ea0)
I/System.out( 1198): Exception creating activity: 
I/System.out( 1198): org.jruby.compiler.ASTInspector.inspect(ASTInspector.java:526)
I/System.out( 1198): org.jruby.compiler.ASTInspector.inspect(ASTInspector.java:410)
I/System.out( 1198): org.jruby.compiler.ASTInspector.inspect(ASTInspector.java:242)
I/System.out( 1198): org.jruby.compiler.ASTInspector.inspect(ASTInspector.java:242)
I/System.out( 1198): org.jruby.compiler.ASTInspector.inspect(ASTInspector.java:304)
I/System.out( 1198): org.jruby.compiler.ASTInspector.inspect(ASTInspector.java:463)
I/System.out( 1198): org.jruby.compiler.ASTInspector.inspect(ASTInspector.java:526)
I/System.out( 1198): org.jruby.compiler.ASTInspector.inspect(ASTInspector.java:242)
I/System.out( 1198): org.jruby.internal.runtime.methods.InterpretedMethod.<init>(InterpretedMethod.java:72)
I/System.out( 1198): org.jruby.internal.runtime.methods.InterpretedMethod.dup(InterpretedMethod.java:337)
I/System.out( 1198): org.jruby.RubyModule.cloneMethods(RubyModule.java:1594)
I/System.out( 1198): org.jruby.RubyBasicObject.getSingletonClassClone(RubyBasicObject.java:902)
I/System.out( 1198): org.jruby.RubyModule.initialize_copy(RubyModule.java:1613)
I/System.out( 1198): org.jruby.RubyModule$INVOKER$i$1$0$initialize_copy.call(RubyModule$INVOKER$i$1$0$initialize_copy.gen)
I/System.out( 1198): org.jruby.RubyClass.finvoke(RubyClass.java:741)
I/System.out( 1198): org.jruby.javasupport.util.RuntimeHelpers.invoke(RuntimeHelpers.java:496)
I/System.out( 1198): org.jruby.RubyBasicObject.callMethod(RubyBasicObject.java:358)
I/System.out( 1198): org.jruby.RubyKernel.initialize_dup(RubyKernel.java:1870)
I/System.out( 1198): org.jruby.RubyKernel$INVOKER$s$1$0$initialize_dup.call(RubyKernel$INVOKER$s$1$0$initialize_dup.gen)
I/System.out( 1198): org.jruby.RubyClass.finvoke(RubyClass.java:741)
I/System.out( 1198): org.jruby.javasupport.util.RuntimeHelpers.invoke(RuntimeHelpers.java:496)
I/System.out( 1198): org.jruby.RubyBasicObject.callMethod(RubyBasicObject.java:358)
I/System.out( 1198): org.jruby.RubyBasicObject.initCopy(RubyBasicObject.java:836)
I/System.out( 1198): org.jruby.RubyBasicObject.dup(RubyBasicObject.java:813)
I/System.out( 1198): org.jruby.javasupport.Java.createPackageModule(Java.java:888)
I/System.out( 1198): org.jruby.javasupport.Java.getJavaPackageModule(Java.java:878)
I/System.out( 1198): org.jruby.javasupport.Java.getJavaPackageModule(Java.java:854)
I/System.out( 1198): org.jruby.javasupport.JavaClass.setupProxy(JavaClass.java:729)
I/System.out( 1198): org.jruby.javasupport.Java.createProxyClass(Java.java:576)
I/System.out( 1198): org.jruby.javasupport.Java.createProxyClassForClass(Java.java:504)
I/System.out( 1198): org.jruby.javasupport.JavaSupport$3.computeValue(JavaSupport.java:157)
I/System.out( 1198): org.jruby.javasupport.JavaSupport$3.computeValue(JavaSupport.java:154)
I/System.out( 1198): org.jruby.util.collections.MapBasedClassValue.get(MapBasedClassValue.java:18)
I/System.out( 1198): org.jruby.javasupport.JavaSupport.getProxyClassFromCache(JavaSupport.java:210)
I/System.out( 1198): org.jruby.javasupport.Java.getProxyClass(Java.java:452)
I/System.out( 1198): org.jruby.javasupport.Java.getProxyClass(Java.java:448)
I/System.out( 1198): org.jruby.javasupport.Java.get_proxy_class(Java.java:550)
I/System.out( 1198): org.jruby.javasupport.JavaClass.installClassClasses(JavaClass.java:834)
I/System.out( 1198): org.jruby.javasupport.JavaClass.setupProxy(JavaClass.java:721)
I/System.out( 1198): org.jruby.javasupport.Java.createProxyClass(Java.java:576)
I/System.out( 1198): org.jruby.javasupport.Java.createProxyClassForClass(Java.java:504)
I/System.out( 1198): org.jruby.javasupport.JavaSupport$3.computeValue(JavaSupport.java:157)
I/System.out( 1198): org.jruby.javasupport.JavaSupport$3.computeValue(JavaSupport.java:154)
I/System.out( 1198): org.jruby.util.collections.MapBasedClassValue.get(MapBasedClassValue.java:18)
I/System.out( 1198): org.jruby.javasupport.JavaSupport.getProxyClassFromCache(JavaSupport.java:210)
I/System.out( 1198): org.jruby.javasupport.Java.getProxyClass(Java.java:452)
I/System.out( 1198): org.jruby.javasupport.Java.createProxyClassForClass(Java.java:504)
I/System.out( 1198): org.jruby.javasupport.JavaSupport$3.computeValue(JavaSupport.java:157)
I/System.out( 1198): org.jruby.javasupport.JavaSupport$3.computeValue(JavaSupport.java:154)
I/System.out( 1198): org.jruby.util.collections.MapBasedClassValue.get(MapBasedClassValue.java:18)
I/System.out( 1198): org.jruby.javasupport.JavaSupport.getProxyClassFromCache(JavaSupport.java:210)
I/System.out( 1198): org.jruby.javasupport.Java.getProxyClass(Java.java:452)
I/System.out( 1198): org.jruby.javasupport.Java.getInstance(Java.java:391)
I/System.out( 1198): org.jruby.javasupport.Java.getInstance(Java.java:373)
I/System.out( 1198): org.jruby.javasupport.JavaUtil.convertJavaToUsableRubyObject(JavaUtil.java:167)
I/System.out( 1198): org.jruby.javasupport.JavaMethod.convertReturn(JavaMethod.java:517)
I/System.out( 1198): org.jruby.javasupport.JavaMethod.invokeDirectWithExceptionHandling(JavaMethod.java:441)
I/System.out( 1198): org.jruby.javasupport.JavaMethod.invokeDirect(JavaMethod.java:304)
I/System.out( 1198): org.jruby.java.invokers.InstanceMethodInvoker.call(InstanceMethodInvoker.java:52)
I/System.out( 1198): org.jruby.internal.runtime.methods.AliasMethod.call(AliasMethod.java:56)
I/System.out( 1198): org.jruby.runtime.callsite.CachingCallSite.cacheAndCall(CachingCallSite.java:306)
I/System.out( 1198): org.jruby.runtime.callsite.CachingCallSite.call(CachingCallSite.java:136)
I/System.out( 1198): org.jruby.ast.VCallNode.interpret(VCallNode.java:88)
I/System.out( 1198): org.jruby.ast.CallOneArgNode.interpret(CallOneArgNode.java:57)
I/System.out( 1198): org.jruby.ast.LocalAsgnNode.interpret(LocalAsgnNode.java:123)
I/System.out( 1198): org.jruby.ast.NewlineNode.interpret(NewlineNode.java:105)
I/System.out( 1198): org.jruby.ast.BlockNode.interpret(BlockNode.java:71)
I/System.out( 1198): org.jruby.ast.RescueNode.executeBody(RescueNode.java:224)
I/System.out( 1198): org.jruby.ast.RescueNode.interpret(RescueNode.java:119)
I/System.out( 1198): org.jruby.evaluator.ASTInterpreter.INTERPRET_METHOD(ASTInterpreter.java:75)
I/System.out( 1198): org.jruby.internal.runtime.methods.InterpretedMethod.call(InterpretedMethod.java:112)
I/System.out( 1198): org.jruby.internal.runtime.methods.InterpretedMethod.call(InterpretedMethod.java:126)
I/System.out( 1198): org.jruby.RubyClass.finvoke(RubyClass.java:722)
I/System.out( 1198): org.jruby.javasupport.util.RuntimeHelpers.invoke(RuntimeHelpers.java:505)
I/System.out( 1198): org.jruby.embed.internal.EmbedRubyObjectAdapterImpl.callEachType(EmbedRubyObjectAdapterImpl.java:353)
I/System.out( 1198): org.jruby.embed.internal.EmbedRubyObjectAdapterImpl.call(EmbedRubyObjectAdapterImpl.java:306)
I/System.out( 1198): org.jruby.embed.internal.EmbedRubyObjectAdapterImpl.runRubyMethod(EmbedRubyObjectAdapterImpl.java:278)
I/System.out( 1198): org.jruby.embed.ScriptingContainer.runRubyMethod(ScriptingContainer.java:1547)
I/System.out( 1198): java.lang.reflect.Method.invokeNative(Native Method)
I/System.out( 1198): java.lang.reflect.Method.invoke(Method.java:511)
I/System.out( 1198): org.ruboto.JRubyAdapter.runRubyMethod(JRubyAdapter.java:148)
I/System.out( 1198): org.ruboto.ScriptLoader.callOnCreate(ScriptLoader.java:138)
I/System.out( 1198): org.ruboto.ScriptLoader.loadScript(ScriptLoader.java:113)
I/System.out( 1198): org.ruboto.RubotoActivity.onCreate(RubotoActivity.java:51)
I/System.out( 1198): org.ruboto.EntryPointActivity.onCreate(EntryPointActivity.java:38)
I/System.out( 1198): org.ruboto.core.RedirectActivity.onCreate(RedirectActivity.java:8)
I/System.out( 1198): org.ruboto.core.RubotoCoreActivity.onCreate(RubotoCoreActivity.java:25)
I/System.out( 1198): java.lang.reflect.Method.invokeNative(Native Method)
I/System.out( 1198): java.lang.reflect.Method.invoke(Method.java:511)
I/System.out( 1198): org.jruby.javasupport.JavaMethod.invokeDirectWithExceptionHandling(JavaMethod.java:455)
I/System.out( 1198): org.jruby.javasupport.JavaMethod.invokeDirect(JavaMethod.java:316)
I/System.out( 1198): org.jruby.java.invokers.InstanceMethodInvoker.call(InstanceMethodInvoker.java:61)
I/System.out( 1198): org.jruby.java.invokers.InstanceMethodInvoker.call(InstanceMethodInvoker.java:127)
I/System.out( 1198): org.jruby.runtime.callsite.SuperCallSite.callBlock(SuperCallSite.java:190)
I/System.out( 1198): org.jruby.runtime.callsite.SuperCallSite.call(SuperCallSite.java:197)
I/System.out( 1198): org.jruby.runtime.callsite.SuperCallSite.callVarargs(SuperCallSite.java:108)
I/System.out( 1198): org.jruby.ast.ZSuperNode.interpret(ZSuperNode.java:104)
I/System.out( 1198): org.jruby.ast.NewlineNode.interpret(NewlineNode.java:105)
I/System.out( 1198): org.jruby.ast.BlockNode.interpret(BlockNode.java:71)
I/System.out( 1198): org.jruby.ast.RescueNode.executeBody(RescueNode.java:224)
I/System.out( 1198): org.jruby.ast.RescueNode.interpret(RescueNode.java:119)
I/System.out( 1198): org.jruby.evaluator.ASTInterpreter.INTERPRET_METHOD(ASTInterpreter.java:75)
I/System.out( 1198): org.jruby.internal.runtime.methods.InterpretedMethod.call(InterpretedMethod.java:112)
I/System.out( 1198): org.jruby.internal.runtime.methods.InterpretedMethod.call(InterpretedMethod.java:126)
I/System.out( 1198): org.jruby.RubyClass.finvoke(RubyClass.java:722)
I/System.out( 1198): org.jruby.javasupport.util.RuntimeHelpers.invoke(RuntimeHelpers.java:505)
I/System.out( 1198): org.jruby.embed.internal.EmbedRubyObjectAdapterImpl.callEachType(EmbedRubyObjectAdapterImpl.java:353)
I/System.out( 1198): org.jruby.embed.internal.EmbedRubyObjectAdapterImpl.call(EmbedRubyObjectAdapterImpl.java:306)
I/System.out( 1198): org.jruby.embed.internal.EmbedRubyObjectAdapterImpl.runRubyMethod(EmbedRubyObjectAdapterImpl.java:278)
I/System.out( 1198): org.jruby.embed.ScriptingContainer.runRubyMethod(ScriptingContainer.java:1547)
I/System.out( 1198): java.lang.reflect.Method.invokeNative(Native Method)
I/System.out( 1198): java.lang.reflect.Method.invoke(Method.java:511)
I/System.out( 1198): org.ruboto.JRubyAdapter.runRubyMethod(JRubyAdapter.java:148)
I/System.out( 1198): org.ruboto.ScriptLoader.callOnCreate(ScriptLoader.java:138)
I/System.out( 1198): org.ruboto.ScriptLoader.loadScript(ScriptLoader.java:113)
I/System.out( 1198): org.ruboto.RubotoActivity.onCreate(RubotoActivity.java:51)
I/System.out( 1198): org.ruboto.EntryPointActivity.onCreate(EntryPointActivity.java:38)
I/System.out( 1198): org.ruboto.core.RedirectActivity.onCreate(RedirectActivity.java:8)
I/System.out( 1198): org.ruboto.core.RubotoCoreActivity.onCreate(RubotoCoreActivity.java:25)
I/System.out( 1198): java.lang.reflect.Method.invokeNative(Native Method)
I/System.out( 1198): java.lang.reflect.Method.invoke(Method.java:511)
I/System.out( 1198): org.jruby.javasupport.JavaMethod.invokeDirectWithExceptionHandling(JavaMethod.java:455)
I/System.out( 1198): org.jruby.javasupport.JavaMethod.invokeDirect(JavaMethod.java:316)
I/System.out( 1198): org.jruby.java.invokers.InstanceMethodInvoker.call(InstanceMethodInvoker.java:61)
I/System.out( 1198): org.jruby.java.invokers.InstanceMethodInvoker.call(InstanceMethodInvoker.java:127)
I/System.out( 1198): org.jruby.runtime.callsite.SuperCallSite.callBlock(SuperCallSite.java:190)
I/System.out( 1198): org.jruby.runtime.callsite.SuperCallSite.call(SuperCallSite.java:197)
I/System.out( 1198): org.jruby.runtime.callsite.SuperCallSite.callVarargs(SuperCallSite.java:108)
I/System.out( 1198): org.jruby.ast.ZSuperNode.interpret(ZSuperNode.java:104)
I/System.out( 1198): org.jruby.ast.NewlineNode.interpret(NewlineNode.java:105)
I/System.out( 1198): org.jruby.ast.BlockNode.interpret(BlockNode.java:71)
I/System.out( 1198): org.jruby.ast.RescueNode.executeBody(RescueNode.java:224)
I/System.out( 1198): org.jruby.ast.RescueNode.interpret(RescueNode.java:119)
I/System.out( 1198): org.jruby.evaluator.ASTInterpreter.INTERPRET_METHOD(ASTInterpreter.java:75)
I/System.out( 1198): org.jruby.internal.runtime.methods.InterpretedMethod.call(InterpretedMethod.java:112)
I/System.out( 1198): org.jruby.internal.runtime.methods.InterpretedMethod.call(InterpretedMethod.java:126)
I/System.out( 1198): org.jruby.RubyClass.finvoke(RubyClass.java:722)
I/System.out( 1198): org.jruby.javasupport.util.RuntimeHelpers.invoke(RuntimeHelpers.java:505)
I/System.out( 1198): org.jruby.embed.internal.EmbedRubyObjectAdapterImpl.callEachType(EmbedRubyObjectAdapterImpl.java:353)
I/System.out( 1198): org.jruby.embed.internal.EmbedRubyObjectAdapterImpl.call(EmbedRubyObjectAdapterImpl.java:306)
I/System.out( 1198): org.jruby.embed.internal.EmbedRubyObjectAdapterImpl.runRubyMethod(EmbedRubyObjectAdapterImpl.java:278)
I/System.out( 1198): org.jruby.embed.ScriptingContainer.runRubyMethod(ScriptingContainer.java:1547)
I/System.out( 1198): java.lang.reflect.Method.invokeNative(Native Method)
I/System.out( 1198): java.lang.reflect.Method.invoke(Method.java:511)
I/System.out( 1198): org.ruboto.JRubyAdapter.runRubyMethod(JRubyAdapter.java:148)
I/System.out( 1198): org.ruboto.ScriptLoader.callOnCreate(ScriptLoader.java:138)
I/System.out( 1198): org.ruboto.ScriptLoader.loadScript(ScriptLoader.java:113)
I/System.out( 1198): org.ruboto.RubotoActivity.onCreate(RubotoActivity.java:51)
I/System.out( 1198): org.ruboto.EntryPointActivity.onCreate(EntryPointActivity.java:38)
I/System.out( 1198): org.ruboto.core.RedirectActivity.onCreate(RedirectActivity.java:8)
I/System.out( 1198): org.ruboto.core.RubotoCoreActivity.onCreate(RubotoCoreActivity.java:25)
I/System.out( 1198): java.lang.reflect.Method.invokeNative(Native Method)
I/System.out( 1198): java.lang.reflect.Method.invoke(Method.java:511)
I/System.out( 1198): org.jruby.javasupport.JavaMethod.invokeDirectWithExceptionHandling(JavaMethod.java:455)
I/System.out( 1198): org.jruby.javasupport.JavaMethod.invokeDirect(JavaMethod.java:316)
I/System.out( 1198): org.jruby.java.invokers.InstanceMethodInvoker.call(InstanceMethodInvoker.java:61)
I/System.out( 1198): org.jruby.java.invokers.InstanceMethodInvoker.call(InstanceMethodInvoker.java:127)
I/System.out( 1198): org.jruby.runtime.callsite.SuperCallSite.callBlock(SuperCallSite.java:190)
I/System.out( 1198): org.jruby.runtime.callsite.SuperCallSite.call(SuperCallSite.java:197)
I/System.out( 1198): org.jruby.runtime.callsite.SuperCallSite.callVarargs(SuperCallSite.java:108)
I/System.out( 1198): org.jruby.ast.ZSuperNode.interpret(ZSuperNode.java:104)
I/System.out( 1198): org.jruby.ast.NewlineNode.interpret(NewlineNode.java:105)
I/System.out( 1198): org.jruby.ast.BlockNode.interpret(BlockNode.java:71)
I/System.out( 1198): org.jruby.ast.RescueNode.executeBody(RescueNode.java:224)
I/System.out( 1198): org.jruby.ast.RescueNode.interpret(RescueNode.java:119)
I/System.out( 1198): org.jruby.evaluator.ASTInterpreter.INTERPRET_METHOD(ASTInterpreter.java:75)
I/System.out( 1198): org.jruby.internal.runtime.methods.InterpretedMethod.call(InterpretedMethod.java:112)
I/System.out( 1198): org.jruby.internal.runtime.methods.InterpretedMethod.call(InterpretedMethod.java:126)
I/System.out( 1198): org.jruby.RubyClass.finvoke(RubyClass.java:722)
I/System.out( 1198): org.jruby.javasupport.util.RuntimeHelpers.invoke(RuntimeHelpers.java:505)
I/System.out( 1198): org.jruby.embed.internal.EmbedRubyObjectAdapterImpl.callEachType(EmbedRubyObjectAdapterImpl.java:353)
I/System.out( 1198): org.jruby.embed.internal.EmbedRubyObjectAdapterImpl.call(EmbedRubyObjectAdapterImpl.java:306)
I/System.out( 1198): org.jruby.embed.internal.EmbedRubyObjectAdapterImpl.runRubyMethod(EmbedRubyObjectAdapterImpl.java:278)
I/System.out( 1198): org.jruby.embed.ScriptingContainer.runRubyMethod(ScriptingContainer.java:1547)
I/System.out( 1198): java.lang.reflect.Method.invokeNative(Native Method)
I/System.out( 1198): java.lang.reflect.Method.invoke(Method.java:511)
I/System.out( 1198): org.ruboto.JRubyAdapter.runRubyMethod(JRubyAdapter.java:148)
I/System.out( 1198): org.ruboto.ScriptLoader.callOnCreate(ScriptLoader.java:138)
I/System.out( 1198): org.ruboto.ScriptLoader.loadScript(ScriptLoader.java:113)
I/System.out( 1198): org.ruboto.RubotoActivity.onCreate(RubotoActivity.java:51)
I/System.out( 1198): org.ruboto.EntryPointActivity.onCreate(EntryPointActivity.java:38)
I/System.out( 1198): org.ruboto.core.RedirectActivity.onCreate(RedirectActivity.java:8)
I/System.out( 1198): org.ruboto.core.RubotoCoreActivity.onCreate(RubotoCoreActivity.java:25)
I/System.out( 1198): java.lang.reflect.Method.invokeNative(Native Method)
I/System.out( 1198): java.lang.reflect.Method.invoke(Method.java:511)
I/System.out( 1198): org.jruby.javasupport.JavaMethod.invokeDirectWithExceptionHandling(JavaMethod.java:455)
I/System.out( 1198): org.jruby.javasupport.JavaMethod.invokeDirect(JavaMethod.java:316)
I/System.out( 1198): org.jruby.java.invokers.InstanceMethodInvoker.call(InstanceMethodInvoker.java:61)
I/System.out( 1198): org.jruby.java.invokers.InstanceMethodInvoker.call(InstanceMethodInvoker.java:127)
I/System.out( 1198): org.jruby.runtime.callsite.SuperCallSite.callBlock(SuperCallSite.java:190)
I/System.out( 1198): org.jruby.runtime.callsite.SuperCallSite.call(SuperCallSite.java:197)
I/System.out( 1198): org.jruby.runtime.callsite.SuperCallSite.callVarargs(SuperCallSite.java:108)
I/System.out( 1198): org.jruby.ast.ZSuperNode.interpret(ZSuperNode.java:104)
I/System.out( 1198): org.jruby.ast.NewlineNode.interpret(NewlineNode.java:105)
I/System.out( 1198): org.jruby.ast.BlockNode.interpret(BlockNode.java:71)
I/System.out( 1198): org.jruby.ast.RescueNode.executeBody(RescueNode.java:224)
I/System.out( 1198): org.jruby.ast.RescueNode.interpret(RescueNode.java:119)
I/System.out( 1198): org.jruby.evaluator.ASTInterpreter.INTERPRET_METHOD(ASTInterpreter.java:75)
I/System.out( 1198): org.jruby.internal.runtime.methods.InterpretedMethod.call(InterpretedMethod.java:112)
I/System.out( 1198): org.jruby.internal.runtime.methods.InterpretedMethod.call(InterpretedMethod.java:126)
I/System.out( 1198): org.jruby.RubyClass.finvoke(RubyClass.java:722)
I/System.out( 1198): org.jruby.javasupport.util.RuntimeHelpers.invoke(RuntimeHelpers.java:505)
I/System.out( 1198): org.jruby.embed.internal.EmbedRubyObjectAdapterImpl.callEachType(EmbedRubyObjectAdapterImpl.java:353)
I/System.out( 1198): org.jruby.embed.internal.EmbedRubyObjectAdapterImpl.call(EmbedRubyObjectAdapterImpl.java:306)
I/System.out( 1198): org.jruby.embed.internal.EmbedRubyObjectAdapterImpl.runRubyMethod(EmbedRubyObjectAdapterImpl.java:278)
I/System.out( 1198): org.jruby.embed.ScriptingContainer.runRubyMethod(ScriptingContainer.java:1547)
I/System.out( 1198): java.lang.reflect.Method.invokeNative(Native Method)
I/System.out( 1198): java.lang.reflect.Method.invoke(Method.java:511)
I/System.out( 1198): org.ruboto.JRubyAdapter.runRubyMethod(JRubyAdapter.java:148)
I/System.out( 1198): org.ruboto.ScriptLoader.callOnCreate(ScriptLoader.java:138)
I/System.out( 1198): org.ruboto.ScriptLoader.loadScript(ScriptLoader.java:113)
I/System.out( 1198): org.ruboto.RubotoActivity.onCreate(RubotoActivity.java:51)
I/System.out( 1198): org.ruboto.EntryPointActivity.onCreate(EntryPointActivity.java:38)
I/System.out( 1198): org.ruboto.core.RedirectActivity.onCreate(RedirectActivity.java:8)
I/System.out( 1198): org.ruboto.core.RubotoCoreActivity.onCreate(RubotoCoreActivity.java:25)
I/System.out( 1198): java.lang.reflect.Method.invokeNative(Native Method)
I/System.out( 1198): java.lang.reflect.Method.invoke(Method.java:511)
I/System.out( 1198): org.jruby.javasupport.JavaMethod.invokeDirectWithExceptionHandling(JavaMethod.java:455)
I/System.out( 1198): org.jruby.javasupport.JavaMethod.invokeDirect(JavaMethod.java:316)
I/System.out( 1198): org.jruby.java.invokers.InstanceMethodInvoker.call(InstanceMethodInvoker.java:61)
I/System.out( 1198): org.jruby.java.invokers.InstanceMethodInvoker.call(InstanceMethodInvoker.java:127)
I/System.out( 1198): org.jruby.runtime.callsite.SuperCallSite.callBlock(SuperCallSite.java:190)
I/System.out( 1198): org.jruby.runtime.callsite.SuperCallSite.call(SuperCallSite.java:197)
I/System.out( 1198): org.jruby.runtime.callsite.SuperCallSite.callVarargs(SuperCallSite.java:108)
I/System.out( 1198): org.jruby.ast.ZSuperNode.interpret(ZSuperNode.java:104)
I/System.out( 1198): org.jruby.ast.NewlineNode.interpret(NewlineNode.java:105)
I/System.out( 1198): org.jruby.ast.BlockNode.interpret(BlockNode.java:71)
I/System.out( 1198): org.jruby.ast.RescueNode.executeBody(RescueNode.java:224)
I/System.out( 1198): org.jruby.ast.RescueNode.interpret(RescueNode.java:119)
I/System.out( 1198): org.jruby.evaluator.ASTInterpreter.INTERPRET_METHOD(ASTInterpreter.java:75)
I/System.out( 1198): org.jruby.internal.runtime.methods.InterpretedMethod.call(InterpretedMethod.java:112)
I/System.out( 1198): org.jruby.internal.runtime.methods.InterpretedMethod.call(InterpretedMethod.java:126)
I/System.out( 1198): org.jruby.RubyClass.finvoke(RubyClass.java:722)
I/System.out( 1198): org.jruby.javasupport.util.RuntimeHelpers.invoke(RuntimeHelpers.java:505)
I/System.out( 1198): org.jruby.embed.internal.EmbedRubyObjectAdapterImpl.callEachType(EmbedRubyObjectAdapterImpl.java:353)
I/System.out( 1198): org.jruby.embed.internal.EmbedRubyObjectAdapterImpl.call(EmbedRubyObjectAdapterImpl.java:306)
I/System.out( 1198): org.jruby.embed.internal.EmbedRubyObjectAdapterImpl.runRubyMethod(EmbedRubyObjectAdapterImpl.java:278)
I/System.out( 1198): org.jruby.embed.ScriptingContainer.runRubyMethod(ScriptingContainer.java:1547)
I/System.out( 1198): java.lang.reflect.Method.invokeNative(Native Method)
I/System.out( 1198): java.lang.reflect.Method.invoke(Method.java:511)
I/System.out( 1198): org.ruboto.JRubyAdapter.runRubyMethod(JRubyAdapter.java:148)
I/System.out( 1198): org.ruboto.ScriptLoader.callOnCreate(ScriptLoader.java:138)
I/System.out( 1198): org.ruboto.ScriptLoader.loadScript(ScriptLoader.java:113)
I/System.out( 1198): org.ruboto.RubotoActivity.onCreate(RubotoActivity.java:51)
I/System.out( 1198): org.ruboto.EntryPointActivity.onCreate(EntryPointActivity.java:38)
I/System.out( 1198): org.ruboto.core.RedirectActivity.onCreate(RedirectActivity.java:8)
I/System.out( 1198): org.ruboto.core.RubotoCoreActivity.onCreate(RubotoCoreActivity.java:25)
I/System.out( 1198): java.lang.reflect.Method.invokeNative(Native Method)
I/System.out( 1198): java.lang.reflect.Method.invoke(Method.java:511)
I/System.out( 1198): org.jruby.javasupport.JavaMethod.invokeDirectWithExceptionHandling(JavaMethod.java:455)
I/System.out( 1198): org.jruby.javasupport.JavaMethod.invokeDirect(JavaMethod.java:316)
I/System.out( 1198): org.jruby.java.invokers.InstanceMethodInvoker.call(InstanceMethodInvoker.java:61)
I/System.out( 1198): org.jruby.java.invokers.InstanceMethodInvoker.call(InstanceMethodInvoker.java:127)
I/System.out( 1198): org.jruby.runtime.callsite.SuperCallSite.callBlock(SuperCallSite.java:190)
I/System.out( 1198): org.jruby.runtime.callsite.SuperCallSite.call(SuperCallSite.java:197)
I/System.out( 1198): org.jruby.runtime.callsite.SuperCallSite.callVarargs(SuperCallSite.java:108)
I/System.out( 1198): org.jruby.ast.ZSuperNode.interpret(ZSuperNode.java:104)
I/System.out( 1198): org.jruby.ast.NewlineNode.interpret(NewlineNode.java:105)
I/System.out( 1198): org.jruby.ast.BlockNode.interpret(BlockNode.java:71)
I/System.out( 1198): org.jruby.ast.RescueNode.executeBody(RescueNode.java:224)
I/System.out( 1198): org.jruby.ast.RescueNode.interpret(RescueNode.java:119)
I/System.out( 1198): org.jruby.evaluator.ASTInterpreter.INTERPRET_METHOD(ASTInterpreter.java:75)
I/System.out( 1198): org.jruby.internal.runtime.methods.InterpretedMethod.call(InterpretedMethod.java:112)
I/System.out( 1198): org.jruby.internal.runtime.methods.InterpretedMethod.call(InterpretedMethod.java:126)
I/System.out( 1198): org.jruby.RubyClass.finvoke(RubyClass.java:722)
I/System.out( 1198): org.jruby.javasupport.util.RuntimeHelpers.invoke(RuntimeHelpers.java:505)
I/System.out( 1198): org.jruby.embed.internal.EmbedRubyObjectAdapterImpl.callEachType(EmbedRubyObjectAdapterImpl.java:353)
I/System.out( 1198): org.jruby.embed.internal.EmbedRubyObjectAdapterImpl.call(EmbedRubyObjectAdapterImpl.java:306)
I/System.out( 1198): org.jruby.embed.internal.EmbedRubyObjectAdapterImpl.runRubyMethod(EmbedRubyObjectAdapterImpl.java:278)
I/System.out( 1198): org.jruby.embed.ScriptingContainer.runRubyMethod(ScriptingContainer.java:1547)
I/System.out( 1198): java.lang.reflect.Method.invokeNative(Native Method)
I/System.out( 1198): java.lang.reflect.Method.invoke(Method.java:511)
I/System.out( 1198): org.ruboto.JRubyAdapter.runRubyMethod(JRubyAdapter.java:148)
I/System.out( 1198): org.ruboto.ScriptLoader.callOnCreate(ScriptLoader.java:138)
I/System.out( 1198): org.ruboto.ScriptLoader.loadScript(ScriptLoader.java:113)
I/System.out( 1198): org.ruboto.RubotoActivity.onCreate(RubotoActivity.java:51)
I/System.out( 1198): org.ruboto.EntryPointActivity.onCreate(EntryPointActivity.java:38)
I/System.out( 1198): org.ruboto.core.RedirectActivity.onCreate(RedirectActivity.java:8)
I/System.out( 1198): org.ruboto.core.RubotoCoreActivity.onCreate(RubotoCoreActivity.java:25)
I/System.out( 1198): java.lang.reflect.Method.invokeNative(Native Method)
I/System.out( 1198): java.lang.reflect.Method.invoke(Method.java:511)
I/System.out( 1198): org.jruby.javasupport.JavaMethod.invokeDirectWithExceptionHandling(JavaMethod.java:455)
I/System.out( 1198): org.jruby.javasupport.JavaMethod.invokeDirect(JavaMethod.java:316)
I/System.out( 1198): org.jruby.java.invokers.InstanceMethodInvoker.call(InstanceMethodInvoker.java:61)
I/System.out( 1198): org.jruby.java.invokers.InstanceMethodInvoker.call(InstanceMethodInvoker.java:127)
I/System.out( 1198): org.jruby.runtime.callsite.SuperCallSite.callBlock(SuperCallSite.java:190)
I/System.out( 1198): org.jruby.runtime.callsite.SuperCallSite.call(SuperCallSite.java:197)
I/System.out( 1198): org.jruby.runtime.callsite.SuperCallSite.callVarargs(SuperCallSite.java:108)
I/System.out( 1198): org.jruby.ast.ZSuperNode.interpret(ZSuperNode.java:104)
I/System.out( 1198): org.jruby.ast.NewlineNode.interpret(NewlineNode.java:105)
I/System.out( 1198): org.jruby.ast.BlockNode.interpret(BlockNode.java:71)
I/System.out( 1198): org.jruby.ast.RescueNode.executeBody(RescueNode.java:224)
I/System.out( 1198): org.jruby.ast.RescueNode.interpret(RescueNode.java:119)
I/System.out( 1198): org.jruby.evaluator.ASTInterpreter.INTERPRET_METHOD(ASTInterpreter.java:75)
I/System.out( 1198): org.jruby.internal.runtime.methods.InterpretedMethod.call(InterpretedMethod.java:112)
I/System.out( 1198): org.jruby.internal.runtime.methods.InterpretedMethod.call(InterpretedMethod.java:126)
I/System.out( 1198): org.jruby.RubyClass.finvoke(RubyClass.java:722)
I/System.out( 1198): org.jruby.javasupport.util.RuntimeHelpers.invoke(RuntimeHelpers.java:505)
I/System.out( 1198): org.jruby.embed.internal.EmbedRubyObjectAdapterImpl.callEachType(EmbedRubyObjectAdapterImpl.java:353)
I/System.out( 1198): org.jruby.embed.internal.EmbedRubyObjectAdapterImpl.call(EmbedRubyObjectAdapterImpl.java:306)
I/System.out( 1198): org.jruby.embed.internal.EmbedRubyObjectAdapterImpl.runRubyMethod(EmbedRubyObjectAdapterImpl.java:278)
I/System.out( 1198): org.jruby.embed.ScriptingContainer.runRubyMethod(ScriptingContainer.java:1547)
I/System.out( 1198): java.lang.reflect.Method.invokeNative(Native Method)
I/System.out( 1198): java.lang.reflect.Method.invoke(Method.java:511)
I/System.out( 1198): org.ruboto.JRubyAdapter.runRubyMethod(JRubyAdapter.java:148)
I/System.out( 1198): org.ruboto.ScriptLoader.callOnCreate(ScriptLoader.java:138)
I/System.out( 1198): org.ruboto.ScriptLoader.loadScript(ScriptLoader.java:113)
I/System.out( 1198): org.ruboto.RubotoActivity.onCreate(RubotoActivity.java:51)
I/System.out( 1198): org.ruboto.EntryPointActivity.onCreate(EntryPointActivity.java:38)
I/System.out( 1198): org.ruboto.core.RedirectActivity.onCreate(RedirectActivity.java:8)
I/System.out( 1198): org.ruboto.core.RubotoCoreActivity.onCreate(RubotoCoreActivity.java:25)
I/System.out( 1198): java.lang.reflect.Method.invokeNative(Native Method)
I/System.out( 1198): java.lang.reflect.Method.invoke(Method.java:511)
I/System.out( 1198): org.jruby.javasupport.JavaMethod.invokeDirectWithExceptionHandling(JavaMethod.java:455)
I/System.out( 1198): org.jruby.javasupport.JavaMethod.invokeDirect(JavaMethod.java:316)
I/System.out( 1198): org.jruby.java.invokers.InstanceMethodInvoker.call(InstanceMethodInvoker.java:61)
I/System.out( 1198): org.jruby.java.invokers.InstanceMethodInvoker.call(InstanceMethodInvoker.java:127)
I/System.out( 1198): org.jruby.runtime.callsite.SuperCallSite.cacheAndCall(SuperCallSite.java:366)
I/System.out( 1198): org.jruby.runtime.callsite.SuperCallSite.callBlock(SuperCallSite.java:192)
I/System.out( 1198): org.jruby.runtime.callsite.SuperCallSite.call(SuperCallSite.java:197)
I/System.out( 1198): org.jruby.runtime.callsite.SuperCallSite.callVarargs(SuperCallSite.java:108)
I/System.out( 1198): org.jruby.ast.ZSuperNode.interpret(ZSuperNode.java:104)
I/System.out( 1198): org.jruby.ast.NewlineNode.interpret(NewlineNode.java:105)
I/System.out( 1198): org.jruby.ast.BlockNode.interpret(BlockNode.java:71)
I/System.out( 1198): org.jruby.ast.RescueNode.executeBody(RescueNode.java:224)
I/System.out( 1198): org.jruby.ast.RescueNode.interpret(RescueNode.java:119)
I/System.out( 1198): org.jruby.evaluator.ASTInterpreter.INTERPRET_METHOD(ASTInterpreter.java:75)
I/System.out( 1198): org.jruby.internal.runtime.methods.InterpretedMethod.call(InterpretedMethod.java:112)
I/System.out( 1198): org.jruby.internal.runtime.methods.InterpretedMethod.call(InterpretedMethod.java:126)
I/System.out( 1198): org.jruby.RubyClass.finvoke(RubyClass.java:722)
I/System.out( 1198): org.jruby.javasupport.util.RuntimeHelpers.invoke(RuntimeHelpers.java:505)
I/System.out( 1198): org.jruby.embed.internal.EmbedRubyObjectAdapterImpl.callEachType(EmbedRubyObjectAdapterImpl.java:353)
I/System.out( 1198): org.jruby.embed.internal.EmbedRubyObjectAdapterImpl.call(EmbedRubyObjectAdapterImpl.java:306)
I/System.out( 1198): org.jruby.embed.internal.EmbedRubyObjectAdapterImpl.runRubyMethod(EmbedRubyObjectAdapterImpl.java:278)
I/System.out( 1198): org.jruby.embed.ScriptingContainer.runRubyMethod(ScriptingContainer.java:1547)
I/System.out( 1198): java.lang.reflect.Method.invokeNative(Native Method)
I/System.out( 1198): java.lang.reflect.Method.invoke(Method.java:511)
I/System.out( 1198): org.ruboto.JRubyAdapter.runRubyMethod(JRubyAdapter.java:148)
I/System.out( 1198): org.ruboto.ScriptLoader.callOnCreate(ScriptLoader.java:138)
I/System.out( 1198): org.ruboto.ScriptLoader.loadScript(ScriptLoader.java:113)
I/System.out( 1198): org.ruboto.EntryPointActivity.fireRubotoActivity(EntryPointActivity.java:155)
I/System.out( 1198): org.ruboto.EntryPointActivity$2$1.run(EntryPointActivity.java:108)
I/System.out( 1198): android.os.Handler.handleCallback(Handler.java:725)
I/System.out( 1198): android.os.Handler.dispatchMessage(Handler.java:92)
I/System.out( 1198): android.os.Looper.loop(Looper.java:137)
I/System.out( 1198): android.app.ActivityThread.main(ActivityThread.java:5041)
I/System.out( 1198): java.lang.reflect.Method.invokeNative(Native Method)
I/System.out( 1198): java.lang.reflect.Method.invoke(Method.java:511)
I/System.out( 1198): com.android.internal.os.ZygoteInit$MethodAndArgsCaller.run(ZygoteInit.java:793)
I/System.out( 1198): com.android.internal.os.ZygoteInit.main(ZygoteInit.java:560)
I/System.out( 1198): dalvik.system.NativeStart.main(Native Method)
I/System.out( 1198): nil
I/System.out( 1198): nil
D/ExchangeService(  753): !!! EAS ExchangeService, onCreate
D/ExchangeService(  753): !!! EAS ExchangeService, onStartCommand, startingUp = false, running = false
W/ActivityManager(  289): Unable to start service Intent { act=com.android.email.ACCOUNT_INTENT } U=0: not found
D/ExchangeService(  753): !!! Email application not found; stopping self
W/ActivityManager(  289): Unable to start service Intent { act=com.android.email.ACCOUNT_INTENT } U=0: not found
D/ExchangeService(  753): !!! EAS ExchangeService, onStartCommand, startingUp = true, running = false
E/ActivityThread(  753): Service com.android.exchange.ExchangeService has leaked ServiceConnection com.android.emailcommon.service.ServiceProxy$ProxyConnection@40cf03d8 that was originally bound here
E/ActivityThread(  753): android.app.ServiceConnectionLeaked: Service com.android.exchange.ExchangeService has leaked ServiceConnection com.android.emailcommon.service.ServiceProxy$ProxyConnection@40cf03d8 that was originally bound here
E/ActivityThread(  753): 	at android.app.LoadedApk$ServiceDispatcher.<init>(LoadedApk.java:969)
E/ActivityThread(  753): 	at android.app.LoadedApk.getServiceDispatcher(LoadedApk.java:863)
E/ActivityThread(  753): 	at android.app.ContextImpl.bindService(ContextImpl.java:1418)
E/ActivityThread(  753): 	at android.app.ContextImpl.bindService(ContextImpl.java:1407)
E/ActivityThread(  753): 	at android.content.ContextWrapper.bindService(ContextWrapper.java:473)
E/ActivityThread(  753): 	at com.android.emailcommon.service.ServiceProxy.setTask(ServiceProxy.java:157)
E/ActivityThread(  753): 	at com.android.emailcommon.service.ServiceProxy.setTask(ServiceProxy.java:145)
E/ActivityThread(  753): 	at com.android.emailcommon.service.ServiceProxy.test(ServiceProxy.java:191)
E/ActivityThread(  753): 	at com.android.exchange.ExchangeService$7.run(ExchangeService.java:1850)
E/ActivityThread(  753): 	at com.android.emailcommon.utility.Utility$2.doInBackground(Utility.java:551)
E/ActivityThread(  753): 	at com.android.emailcommon.utility.Utility$2.doInBackground(Utility.java:549)
E/ActivityThread(  753): 	at android.os.AsyncTask$2.call(AsyncTask.java:287)
E/ActivityThread(  753): 	at java.util.concurrent.FutureTask.run(FutureTask.java:234)
E/ActivityThread(  753): 	at java.util.concurrent.ThreadPoolExecutor.runWorker(ThreadPoolExecutor.java:1080)
E/ActivityThread(  753): 	at java.util.concurrent.ThreadPoolExecutor$Worker.run(ThreadPoolExecutor.java:573)
E/ActivityThread(  753): 	at java.lang.Thread.run(Thread.java:856)
D/dalvikvm( 1198): GC_FOR_ALLOC freed 1567K, 11% free 16709K/18568K, paused 387ms, total 390ms
E/StrictMode(  753): null
E/StrictMode(  753): android.app.ServiceConnectionLeaked: Service com.android.exchange.ExchangeService has leaked ServiceConnection com.android.emailcommon.service.ServiceProxy$ProxyConnection@40cf03d8 that was originally bound here
E/StrictMode(  753): 	at android.app.LoadedApk$ServiceDispatcher.<init>(LoadedApk.java:969)
E/StrictMode(  753): 	at android.app.LoadedApk.getServiceDispatcher(LoadedApk.java:863)
E/StrictMode(  753): 	at android.app.ContextImpl.bindService(ContextImpl.java:1418)
E/StrictMode(  753): 	at android.app.ContextImpl.bindService(ContextImpl.java:1407)
E/StrictMode(  753): 	at android.content.ContextWrapper.bindService(ContextWrapper.java:473)
E/StrictMode(  753): 	at com.android.emailcommon.service.ServiceProxy.setTask(ServiceProxy.java:157)
E/StrictMode(  753): 	at com.android.emailcommon.service.ServiceProxy.setTask(ServiceProxy.java:145)
E/StrictMode(  753): 	at com.android.emailcommon.service.ServiceProxy.test(ServiceProxy.java:191)
E/StrictMode(  753): 	at com.android.exchange.ExchangeService$7.run(ExchangeService.java:1850)
E/StrictMode(  753): 	at com.android.emailcommon.utility.Utility$2.doInBackground(Utility.java:551)
E/StrictMode(  753): 	at com.android.emailcommon.utility.Utility$2.doInBackground(Utility.java:549)
E/StrictMode(  753): 	at android.os.AsyncTask$2.call(AsyncTask.java:287)
E/StrictMode(  753): 	at java.util.concurrent.FutureTask.run(FutureTask.java:234)
E/StrictMode(  753): 	at java.util.concurrent.ThreadPoolExecutor.runWorker(ThreadPoolExecutor.java:1080)
E/StrictMode(  753): 	at java.util.concurrent.ThreadPoolExecutor$Worker.run(ThreadPoolExecutor.java:573)
E/StrictMode(  753): 	at java.lang.Thread.run(Thread.java:856)
I/System.out( 1198): nil
I/System.out( 1198): nil
W/ActivityManager(  289): Unbind failed: could not find connection for android.os.BinderProxy@413b0be0
E/ActivityThread(  753): Service com.android.exchange.ExchangeService has leaked ServiceConnection com.android.emailcommon.service.ServiceProxy$ProxyConnection@40cf5458 that was originally bound here
E/ActivityThread(  753): android.app.ServiceConnectionLeaked: Service com.android.exchange.ExchangeService has leaked ServiceConnection com.android.emailcommon.service.ServiceProxy$ProxyConnection@40cf5458 that was originally bound here
E/ActivityThread(  753): 	at android.app.LoadedApk$ServiceDispatcher.<init>(LoadedApk.java:969)
E/ActivityThread(  753): 	at android.app.LoadedApk.getServiceDispatcher(LoadedApk.java:863)
E/ActivityThread(  753): 	at android.app.ContextImpl.bindService(ContextImpl.java:1418)
E/ActivityThread(  753): 	at android.app.ContextImpl.bindService(ContextImpl.java:1407)
E/ActivityThread(  753): 	at android.content.ContextWrapper.bindService(ContextWrapper.java:473)
E/ActivityThread(  753): 	at com.android.emailcommon.service.ServiceProxy.setTask(ServiceProxy.java:157)
E/ActivityThread(  753): 	at com.android.emailcommon.service.ServiceProxy.setTask(ServiceProxy.java:145)
E/ActivityThread(  753): 	at com.android.emailcommon.service.AccountServiceProxy.getDeviceId(AccountServiceProxy.java:116)
E/ActivityThread(  753): 	at com.android.exchange.ExchangeService.getDeviceId(ExchangeService.java:1249)
E/ActivityThread(  753): 	at com.android.exchange.ExchangeService$7.run(ExchangeService.java:1856)
E/ActivityThread(  753): 	at com.android.emailcommon.utility.Utility$2.doInBackground(Utility.java:551)
E/ActivityThread(  753): 	at com.android.emailcommon.utility.Utility$2.doInBackground(Utility.java:549)
E/ActivityThread(  753): 	at android.os.AsyncTask$2.call(AsyncTask.java:287)
E/ActivityThread(  753): 	at java.util.concurrent.FutureTask.run(FutureTask.java:234)
E/ActivityThread(  753): 	at java.util.concurrent.ThreadPoolExecutor.runWorker(ThreadPoolExecutor.java:1080)
E/ActivityThread(  753): 	at java.util.concurrent.ThreadPoolExecutor$Worker.run(ThreadPoolExecutor.java:573)
E/ActivityThread(  753): 	at java.lang.Thread.run(Thread.java:856)
E/StrictMode(  753): null
E/StrictMode(  753): android.app.ServiceConnectionLeaked: Service com.android.exchange.ExchangeService has leaked ServiceConnection com.android.emailcommon.service.ServiceProxy$ProxyConnection@40cf5458 that was originally bound here
E/StrictMode(  753): 	at android.app.LoadedApk$ServiceDispatcher.<init>(LoadedApk.java:969)
E/StrictMode(  753): 	at android.app.LoadedApk.getServiceDispatcher(LoadedApk.java:863)
E/StrictMode(  753): 	at android.app.ContextImpl.bindService(ContextImpl.java:1418)
E/StrictMode(  753): 	at android.app.ContextImpl.bindService(ContextImpl.java:1407)
E/StrictMode(  753): 	at android.content.ContextWrapper.bindService(ContextWrapper.java:473)
E/StrictMode(  753): 	at com.android.emailcommon.service.ServiceProxy.setTask(ServiceProxy.java:157)
E/StrictMode(  753): 	at com.android.emailcommon.service.ServiceProxy.setTask(ServiceProxy.java:145)
E/StrictMode(  753): 	at com.android.emailcommon.service.AccountServiceProxy.getDeviceId(AccountServiceProxy.java:116)
E/StrictMode(  753): 	at com.android.exchange.ExchangeService.getDeviceId(ExchangeService.java:1249)
E/StrictMode(  753): 	at com.android.exchange.ExchangeService$7.run(ExchangeService.java:1856)
E/StrictMode(  753): 	at com.android.emailcommon.utility.Utility$2.doInBackground(Utility.java:551)
E/StrictMode(  753): 	at com.android.emailcommon.utility.Utility$2.doInBackground(Utility.java:549)
E/StrictMode(  753): 	at android.os.AsyncTask$2.call(AsyncTask.java:287)
E/StrictMode(  753): 	at java.util.concurrent.FutureTask.run(FutureTask.java:234)
E/StrictMode(  753): 	at java.util.concurrent.ThreadPoolExecutor.runWorker(ThreadPoolExecutor.java:1080)
E/StrictMode(  753): 	at java.util.concurrent.ThreadPoolExecutor$Worker.run(ThreadPoolExecutor.java:573)
E/StrictMode(  753): 	at java.lang.Thread.run(Thread.java:856)
I/System.out( 1198): nil
I/System.out( 1198): nil
W/ActivityManager(  289): Unbind failed: could not find connection for android.os.BinderProxy@411e5fd8
I/System.out( 1198): nil
I/System.out( 1198): nil
I/System.out( 1198): nil
I/System.out( 1198): nil
I/System.out( 1198): nil
I/System.out( 1198): nil
I/System.out( 1198): nil
I/System.out( 1198): nil
I/System.out( 1198): nil
I/System.out( 1198): nil
D/RUBOTO  ( 1198): Hide progress
I/Choreographer( 1198): Skipped 3117 frames!  The application may be doing too much work on its main thread.
D/dalvikvm( 1198): GC_FOR_ALLOC freed 1935K, 12% free 16666K/18900K, paused 319ms, total 328ms
D/InputEventConsistencyVerifier( 1198): KeyEvent: ACTION_UP but key was not down.
D/InputEventConsistencyVerifier( 1198):   in com.android.internal.policy.impl.PhoneWindow$DecorView{40d06888 V.E..... R.....ID 0,0-320,480}
