E/ActivityThread(  753): 	at android.content.ContextWrapper.bindService(ContextWrapper.java:473)
E/ActivityThread(  753): 	at com.android.emailcommon.service.ServiceProxy.setTask(ServiceProxy.java:157)
E/ActivityThread(  753): 	at com.android.emailcommon.service.ServiceProxy.setTask(ServiceProxy.java:145)
E/ActivityThread(  753): 	at com.android.emailcommon.service.AccountServiceProxy.getDeviceId(AccountServiceProxy.java:116)
E/ActivityThread(  753): 	at com.android.exchange.ExchangeService.getDeviceId(ExchangeService.java:1249)
E/ActivityThread(  753): 	at com.android.exchange.ExchangeService$7.run(ExchangeService.java:1856)
E/ActivityThread(  753): 	at com.android.emailcommon.utility.Utility$2.doInBackground(Utility.java:551)
E/ActivityThread(  753): 	at com.android.emailcommon.utility.Utility$2.doInBackground(Utility.java:549)
E/ActivityThread(  753): 	at android.os.AsyncTask$2.call(AsyncTask.java:287)
E/ActivityThread(  753): 	at java.util.concurrent.FutureTask.run(FutureTask.java:234)
E/ActivityThread(  753): 	at java.util.concurrent.ThreadPoolExecutor.runWorker(ThreadPoolExecutor.java:1080)
E/ActivityThread(  753): 	at java.util.concurrent.ThreadPoolExecutor$Worker.run(ThreadPoolExecutor.java:573)
E/ActivityThread(  753): 	at java.lang.Thread.run(Thread.java:856)
E/StrictMode(  753): null
E/StrictMode(  753): android.app.ServiceConnectionLeaked: Service com.android.exchange.ExchangeService has leaked ServiceConnection com.android.emailcommon.service.ServiceProxy$ProxyConnection@40cdf388 that was originally bound here
E/StrictMode(  753): 	at android.app.LoadedApk$ServiceDispatcher.<init>(LoadedApk.java:969)
E/StrictMode(  753): 	at android.app.LoadedApk.getServiceDispatcher(LoadedApk.java:863)
E/StrictMode(  753): 	at android.app.ContextImpl.bindService(ContextImpl.java:1418)
E/StrictMode(  753): 	at android.app.ContextImpl.bindService(ContextImpl.java:1407)
E/StrictMode(  753): 	at android.content.ContextWrapper.bindService(ContextWrapper.java:473)
E/StrictMode(  753): 	at com.android.emailcommon.service.ServiceProxy.setTask(ServiceProxy.java:157)
E/StrictMode(  753): 	at com.android.emailcommon.service.ServiceProxy.setTask(ServiceProxy.java:145)
E/StrictMode(  753): 	at com.android.emailcommon.service.AccountServiceProxy.getDeviceId(AccountServiceProxy.java:116)
E/StrictMode(  753): 	at com.android.exchange.ExchangeService.getDeviceId(ExchangeService.java:1249)
E/StrictMode(  753): 	at com.android.exchange.ExchangeService$7.run(ExchangeService.java:1856)
E/StrictMode(  753): 	at com.android.emailcommon.utility.Utility$2.doInBackground(Utility.java:551)
E/StrictMode(  753): 	at com.android.emailcommon.utility.Utility$2.doInBackground(Utility.java:549)
E/StrictMode(  753): 	at android.os.AsyncTask$2.call(AsyncTask.java:287)
E/StrictMode(  753): 	at java.util.concurrent.FutureTask.run(FutureTask.java:234)
E/StrictMode(  753): 	at java.util.concurrent.ThreadPoolExecutor.runWorker(ThreadPoolExecutor.java:1080)
E/StrictMode(  753): 	at java.util.concurrent.ThreadPoolExecutor$Worker.run(ThreadPoolExecutor.java:573)
E/StrictMode(  753): 	at java.lang.Thread.run(Thread.java:856)
W/ActivityManager(  289): Unbind failed: could not find connection for android.os.BinderProxy@41708d98
W/WindowManager(  289): Failure taking screenshot for (164x246) to layer 21010
E/ActivityThread(  753): Service com.android.exchange.ExchangeService has leaked ServiceConnection com.android.emailcommon.service.ServiceProxy$ProxyConnection@40ce56b8 that was originally bound here
E/ActivityThread(  753): android.app.ServiceConnectionLeaked: Service com.android.exchange.ExchangeService has leaked ServiceConnection com.android.emailcommon.service.ServiceProxy$ProxyConnection@40ce56b8 that was originally bound here
E/ActivityThread(  753): 	at android.app.LoadedApk$ServiceDispatcher.<init>(LoadedApk.java:969)
E/ActivityThread(  753): 	at android.app.LoadedApk.getServiceDispatcher(LoadedApk.java:863)
E/ActivityThread(  753): 	at android.app.ContextImpl.bindService(ContextImpl.java:1418)
E/ActivityThread(  753): 	at android.app.ContextImpl.bindService(ContextImpl.java:1407)
E/ActivityThread(  753): 	at android.content.ContextWrapper.bindService(ContextWrapper.java:473)
E/ActivityThread(  753): 	at com.android.emailcommon.service.ServiceProxy.setTask(ServiceProxy.java:157)
E/ActivityThread(  753): 	at com.android.emailcommon.service.ServiceProxy.setTask(ServiceProxy.java:145)
E/ActivityThread(  753): 	at com.android.emailcommon.service.ServiceProxy.test(ServiceProxy.java:191)
E/ActivityThread(  753): 	at com.android.exchange.ExchangeService$7.run(ExchangeService.java:1850)
E/ActivityThread(  753): 	at com.android.emailcommon.utility.Utility$2.doInBackground(Utility.java:551)
E/ActivityThread(  753): 	at com.android.emailcommon.utility.Utility$2.doInBackground(Utility.java:549)
E/ActivityThread(  753): 	at android.os.AsyncTask$2.call(AsyncTask.java:287)
E/ActivityThread(  753): 	at java.util.concurrent.FutureTask.run(FutureTask.java:234)
E/ActivityThread(  753): 	at java.util.concurrent.ThreadPoolExecutor.runWorker(ThreadPoolExecutor.java:1080)
E/ActivityThread(  753): 	at java.util.concurrent.ThreadPoolExecutor$Worker.run(ThreadPoolExecutor.java:573)
E/ActivityThread(  753): 	at java.lang.Thread.run(Thread.java:856)
I/Choreographer(  577): Skipped 130 frames!  The application may be doing too much work on its main thread.
E/SurfaceFlinger(   37): ro.sf.lcd_density must be defined as a build property
W/InputMethodManagerService(  289): Starting input on non-focused client com.android.internal.view.IInputMethodClient$Stub$Proxy@40d8e3b8 (uid=10006 pid=731)
I/Choreographer(  577): Skipped 70 frames!  The application may be doing too much work on its main thread.
I/Choreographer(  289): Skipped 54 frames!  The application may be doing too much work on its main thread.
E/StrictMode(  753): null
E/StrictMode(  753): android.app.ServiceConnectionLeaked: Service com.android.exchange.ExchangeService has leaked ServiceConnection com.android.emailcommon.service.ServiceProxy$ProxyConnection@40ce56b8 that was originally bound here
E/StrictMode(  753): 	at android.app.LoadedApk$ServiceDispatcher.<init>(LoadedApk.java:969)
E/StrictMode(  753): 	at android.app.LoadedApk.getServiceDispatcher(LoadedApk.java:863)
E/StrictMode(  753): 	at android.app.ContextImpl.bindService(ContextImpl.java:1418)
E/StrictMode(  753): 	at android.app.ContextImpl.bindService(ContextImpl.java:1407)
E/StrictMode(  753): 	at android.content.ContextWrapper.bindService(ContextWrapper.java:473)
E/StrictMode(  753): 	at com.android.emailcommon.service.ServiceProxy.setTask(ServiceProxy.java:157)
E/StrictMode(  753): 	at com.android.emailcommon.service.ServiceProxy.setTask(ServiceProxy.java:145)
E/StrictMode(  753): 	at com.android.emailcommon.service.ServiceProxy.test(ServiceProxy.java:191)
E/StrictMode(  753): 	at com.android.exchange.ExchangeService$7.run(ExchangeService.java:1850)
E/StrictMode(  753): 	at com.android.emailcommon.utility.Utility$2.doInBackground(Utility.java:551)
E/StrictMode(  753): 	at com.android.emailcommon.utility.Utility$2.doInBackground(Utility.java:549)
E/StrictMode(  753): 	at android.os.AsyncTask$2.call(AsyncTask.java:287)
E/StrictMode(  753): 	at java.util.concurrent.FutureTask.run(FutureTask.java:234)
E/StrictMode(  753): 	at java.util.concurrent.ThreadPoolExecutor.runWorker(ThreadPoolExecutor.java:1080)
E/StrictMode(  753): 	at java.util.concurrent.ThreadPoolExecutor$Worker.run(ThreadPoolExecutor.java:573)
E/StrictMode(  753): 	at java.lang.Thread.run(Thread.java:856)
W/ActivityManager(  289): Unbind failed: could not find connection for android.os.BinderProxy@417087e0
I/Choreographer(  731): Skipped 45 frames!  The application may be doing too much work on its main thread.
D/ExchangeService(  753): Received deviceId from Email app: null
D/ExchangeService(  753): !!! deviceId unknown; stopping self and retrying
D/ExchangeService(  753): !!! EAS ExchangeService, onCreate
D/ExchangeService(  753): !!! EAS ExchangeService, onStartCommand, startingUp = false, running = false
W/ActivityManager(  289): Unable to start service Intent { act=com.android.email.ACCOUNT_INTENT } U=0: not found
D/ExchangeService(  753): !!! Email application not found; stopping self
D/ExchangeService(  753): !!! EAS ExchangeService, onStartCommand, startingUp = true, running = false
W/ActivityManager(  289): Unable to start service Intent { act=com.android.email.ACCOUNT_INTENT } U=0: not found
E/ActivityThread(  753): Service com.android.exchange.ExchangeService has leaked ServiceConnection com.android.emailcommon.service.ServiceProxy$ProxyConnection@40d0a688 that was originally bound here
E/ActivityThread(  753): android.app.ServiceConnectionLeaked: Service com.android.exchange.ExchangeService has leaked ServiceConnection com.android.emailcommon.service.ServiceProxy$ProxyConnection@40d0a688 that was originally bound here
E/ActivityThread(  753): 	at android.app.LoadedApk$ServiceDispatcher.<init>(LoadedApk.java:969)
E/ActivityThread(  753): 	at android.app.LoadedApk.getServiceDispatcher(LoadedApk.java:863)
E/ActivityThread(  753): 	at android.app.ContextImpl.bindService(ContextImpl.java:1418)
E/ActivityThread(  753): 	at android.app.ContextImpl.bindService(ContextImpl.java:1407)
E/ActivityThread(  753): 	at android.content.ContextWrapper.bindService(ContextWrapper.java:473)
E/ActivityThread(  753): 	at com.android.emailcommon.service.ServiceProxy.setTask(ServiceProxy.java:157)
E/ActivityThread(  753): 	at com.android.emailcommon.service.ServiceProxy.setTask(ServiceProxy.java:145)
E/ActivityThread(  753): 	at com.android.emailcommon.service.ServiceProxy.test(ServiceProxy.java:191)
E/ActivityThread(  753): 	at com.android.exchange.ExchangeService$7.run(ExchangeService.java:1850)
E/ActivityThread(  753): 	at com.android.emailcommon.utility.Utility$2.doInBackground(Utility.java:551)
E/ActivityThread(  753): 	at com.android.emailcommon.utility.Utility$2.doInBackground(Utility.java:549)
E/ActivityThread(  753): 	at android.os.AsyncTask$2.call(AsyncTask.java:287)
E/ActivityThread(  753): 	at java.util.concurrent.FutureTask.run(FutureTask.java:234)
E/ActivityThread(  753): 	at java.util.concurrent.ThreadPoolExecutor.runWorker(ThreadPoolExecutor.java:1080)
E/ActivityThread(  753): 	at java.util.concurrent.ThreadPoolExecutor$Worker.run(ThreadPoolExecutor.java:573)
E/ActivityThread(  753): 	at java.lang.Thread.run(Thread.java:856)
E/StrictMode(  753): null
E/StrictMode(  753): android.app.ServiceConnectionLeaked: Service com.android.exchange.ExchangeService has leaked ServiceConnection com.android.emailcommon.service.ServiceProxy$ProxyConnection@40d0a688 that was originally bound here
E/StrictMode(  753): 	at android.app.LoadedApk$ServiceDispatcher.<init>(LoadedApk.java:969)
E/StrictMode(  753): 	at android.app.LoadedApk.getServiceDispatcher(LoadedApk.java:863)
E/StrictMode(  753): 	at android.app.ContextImpl.bindService(ContextImpl.java:1418)
E/StrictMode(  753): 	at android.app.ContextImpl.bindService(ContextImpl.java:1407)
E/StrictMode(  753): 	at android.content.ContextWrapper.bindService(ContextWrapper.java:473)
E/StrictMode(  753): 	at com.android.emailcommon.service.ServiceProxy.setTask(ServiceProxy.java:157)
E/StrictMode(  753): 	at com.android.emailcommon.service.ServiceProxy.setTask(ServiceProxy.java:145)
E/StrictMode(  753): 	at com.android.emailcommon.service.ServiceProxy.test(ServiceProxy.java:191)
E/StrictMode(  753): 	at com.android.exchange.ExchangeService$7.run(ExchangeService.java:1850)
E/StrictMode(  753): 	at com.android.emailcommon.utility.Utility$2.doInBackground(Utility.java:551)
E/StrictMode(  753): 	at com.android.emailcommon.utility.Utility$2.doInBackground(Utility.java:549)
E/StrictMode(  753): 	at android.os.AsyncTask$2.call(AsyncTask.java:287)
E/StrictMode(  753): 	at java.util.concurrent.FutureTask.run(FutureTask.java:234)
E/StrictMode(  753): 	at java.util.concurrent.ThreadPoolExecutor.runWorker(ThreadPoolExecutor.java:1080)
E/StrictMode(  753): 	at java.util.concurrent.ThreadPoolExecutor$Worker.run(ThreadPoolExecutor.java:573)
E/StrictMode(  753): 	at java.lang.Thread.run(Thread.java:856)
W/ActivityManager(  289): Unbind failed: could not find connection for android.os.BinderProxy@4118a698
E/ActivityThread(  753): Service com.android.exchange.ExchangeService has leaked ServiceConnection com.android.emailcommon.service.ServiceProxy$ProxyConnection@40d0aa30 that was originally bound here
E/ActivityThread(  753): android.app.ServiceConnectionLeaked: Service com.android.exchange.ExchangeService has leaked ServiceConnection com.android.emailcommon.service.ServiceProxy$ProxyConnection@40d0aa30 that was originally bound here
E/ActivityThread(  753): 	at android.app.LoadedApk$ServiceDispatcher.<init>(LoadedApk.java:969)
E/ActivityThread(  753): 	at android.app.LoadedApk.getServiceDispatcher(LoadedApk.java:863)
E/ActivityThread(  753): 	at android.app.ContextImpl.bindService(ContextImpl.java:1418)
E/ActivityThread(  753): 	at android.app.ContextImpl.bindService(ContextImpl.java:1407)
E/ActivityThread(  753): 	at android.content.ContextWrapper.bindService(ContextWrapper.java:473)
E/ActivityThread(  753): 	at com.android.emailcommon.service.ServiceProxy.setTask(ServiceProxy.java:157)
E/ActivityThread(  753): 	at com.android.emailcommon.service.ServiceProxy.setTask(ServiceProxy.java:145)
E/ActivityThread(  753): 	at com.android.emailcommon.service.AccountServiceProxy.getDeviceId(AccountServiceProxy.java:116)
E/ActivityThread(  753): 	at com.android.exchange.ExchangeService.getDeviceId(ExchangeService.java:1249)
E/ActivityThread(  753): 	at com.android.exchange.ExchangeService$7.run(ExchangeService.java:1856)
E/ActivityThread(  753): 	at com.android.emailcommon.utility.Utility$2.doInBackground(Utility.java:551)
E/ActivityThread(  753): 	at com.android.emailcommon.utility.Utility$2.doInBackground(Utility.java:549)
E/ActivityThread(  753): 	at android.os.AsyncTask$2.call(AsyncTask.java:287)
E/ActivityThread(  753): 	at java.util.concurrent.FutureTask.run(FutureTask.java:234)
E/ActivityThread(  753): 	at java.util.concurrent.ThreadPoolExecutor.runWorker(ThreadPoolExecutor.java:1080)
E/ActivityThread(  753): 	at java.util.concurrent.ThreadPoolExecutor$Worker.run(ThreadPoolExecutor.java:573)
E/ActivityThread(  753): 	at java.lang.Thread.run(Thread.java:856)
E/StrictMode(  753): null
E/StrictMode(  753): android.app.ServiceConnectionLeaked: Service com.android.exchange.ExchangeService has leaked ServiceConnection com.android.emailcommon.service.ServiceProxy$ProxyConnection@40d0aa30 that was originally bound here
E/StrictMode(  753): 	at android.app.LoadedApk$ServiceDispatcher.<init>(LoadedApk.java:969)
E/StrictMode(  753): 	at android.app.LoadedApk.getServiceDispatcher(LoadedApk.java:863)
E/StrictMode(  753): 	at android.app.ContextImpl.bindService(ContextImpl.java:1418)
E/StrictMode(  753): 	at android.app.ContextImpl.bindService(ContextImpl.java:1407)
E/StrictMode(  753): 	at android.content.ContextWrapper.bindService(ContextWrapper.java:473)
E/StrictMode(  753): 	at com.android.emailcommon.service.ServiceProxy.setTask(ServiceProxy.java:157)
E/StrictMode(  753): 	at com.android.emailcommon.service.ServiceProxy.setTask(ServiceProxy.java:145)
E/StrictMode(  753): 	at com.android.emailcommon.service.AccountServiceProxy.getDeviceId(AccountServiceProxy.java:116)
E/StrictMode(  753): 	at com.android.exchange.ExchangeService.getDeviceId(ExchangeService.java:1249)
E/StrictMode(  753): 	at com.android.exchange.ExchangeService$7.run(ExchangeService.java:1856)
E/StrictMode(  753): 	at com.android.emailcommon.utility.Utility$2.doInBackground(Utility.java:551)
E/StrictMode(  753): 	at com.android.emailcommon.utility.Utility$2.doInBackground(Utility.java:549)
E/StrictMode(  753): 	at android.os.AsyncTask$2.call(AsyncTask.java:287)
E/StrictMode(  753): 	at java.util.concurrent.FutureTask.run(FutureTask.java:234)
E/StrictMode(  753): 	at java.util.concurrent.ThreadPoolExecutor.runWorker(ThreadPoolExecutor.java:1080)
E/StrictMode(  753): 	at java.util.concurrent.ThreadPoolExecutor$Worker.run(ThreadPoolExecutor.java:573)
E/StrictMode(  753): 	at java.lang.Thread.run(Thread.java:856)
D/dalvikvm(  753): GC_CONCURRENT freed 450K, 20% free 2457K/3052K, paused 5ms+9ms, total 80ms
W/ActivityManager(  289): Unbind failed: could not find connection for android.os.BinderProxy@4170c780
D/ExchangeService(  753): Received deviceId from Email app: null
D/ExchangeService(  753): !!! deviceId unknown; stopping self and retrying
D/ExchangeService(  753): !!! EAS ExchangeService, onCreate
D/ExchangeService(  753): !!! EAS ExchangeService, onStartCommand, startingUp = false, running = false
D/ExchangeService(  753): !!! EAS ExchangeService, onStartCommand, startingUp = true, running = false
W/ActivityManager(  289): Unable to start service Intent { act=com.android.email.ACCOUNT_INTENT } U=0: not found
D/ExchangeService(  753): !!! Email application not found; stopping self
W/ActivityManager(  289): Unable to start service Intent { act=com.android.email.ACCOUNT_INTENT } U=0: not found
E/ActivityThread(  753): Service com.android.exchange.ExchangeService has leaked ServiceConnection com.android.emailcommon.service.ServiceProxy$ProxyConnection@40d1c460 that was originally bound here
E/ActivityThread(  753): android.app.ServiceConnectionLeaked: Service com.android.exchange.ExchangeService has leaked ServiceConnection com.android.emailcommon.service.ServiceProxy$ProxyConnection@40d1c460 that was originally bound here
E/ActivityThread(  753): 	at android.app.LoadedApk$ServiceDispatcher.<init>(LoadedApk.java:969)
E/ActivityThread(  753): 	at android.app.LoadedApk.getServiceDispatcher(LoadedApk.java:863)
E/ActivityThread(  753): 	at android.app.ContextImpl.bindService(ContextImpl.java:1418)
E/ActivityThread(  753): 	at android.app.ContextImpl.bindService(ContextImpl.java:1407)
E/ActivityThread(  753): 	at android.content.ContextWrapper.bindService(ContextWrapper.java:473)
E/ActivityThread(  753): 	at com.android.emailcommon.service.ServiceProxy.setTask(ServiceProxy.java:157)
E/ActivityThread(  753): 	at com.android.emailcommon.service.ServiceProxy.setTask(ServiceProxy.java:145)
E/ActivityThread(  753): 	at com.android.emailcommon.service.AccountServiceProxy.getDeviceId(AccountServiceProxy.java:116)
E/ActivityThread(  753): 	at com.android.exchange.ExchangeService.getDeviceId(ExchangeService.java:1249)
E/ActivityThread(  753): 	at com.android.exchange.ExchangeService$7.run(ExchangeService.java:1856)
E/ActivityThread(  753): 	at com.android.emailcommon.utility.Utility$2.doInBackground(Utility.java:551)
E/ActivityThread(  753): 	at com.android.emailcommon.utility.Utility$2.doInBackground(Utility.java:549)
E/ActivityThread(  753): 	at android.os.AsyncTask$2.call(AsyncTask.java:287)
E/ActivityThread(  753): 	at java.util.concurrent.FutureTask.run(FutureTask.java:234)
E/ActivityThread(  753): 	at java.util.concurrent.ThreadPoolExecutor.runWorker(ThreadPoolExecutor.java:1080)
E/ActivityThread(  753): 	at java.util.concurrent.ThreadPoolExecutor$Worker.run(ThreadPoolExecutor.java:573)
E/ActivityThread(  753): 	at java.lang.Thread.run(Thread.java:856)
E/StrictMode(  753): null
E/StrictMode(  753): android.app.ServiceConnectionLeaked: Service com.android.exchange.ExchangeService has leaked ServiceConnection com.android.emailcommon.service.ServiceProxy$ProxyConnection@40d1c460 that was originally bound here
E/StrictMode(  753): 	at android.app.LoadedApk$ServiceDispatcher.<init>(LoadedApk.java:969)
E/StrictMode(  753): 	at android.app.LoadedApk.getServiceDispatcher(LoadedApk.java:863)
E/StrictMode(  753): 	at android.app.ContextImpl.bindService(ContextImpl.java:1418)
E/StrictMode(  753): 	at android.app.ContextImpl.bindService(ContextImpl.java:1407)
E/StrictMode(  753): 	at android.content.ContextWrapper.bindService(ContextWrapper.java:473)
E/StrictMode(  753): 	at com.android.emailcommon.service.ServiceProxy.setTask(ServiceProxy.java:157)
E/StrictMode(  753): 	at com.android.emailcommon.service.ServiceProxy.setTask(ServiceProxy.java:145)
E/StrictMode(  753): 	at com.android.emailcommon.service.AccountServiceProxy.getDeviceId(AccountServiceProxy.java:116)
E/StrictMode(  753): 	at com.android.exchange.ExchangeService.getDeviceId(ExchangeService.java:1249)
E/StrictMode(  753): 	at com.android.exchange.ExchangeService$7.run(ExchangeService.java:1856)
E/StrictMode(  753): 	at com.android.emailcommon.utility.Utility$2.doInBackground(Utility.java:551)
E/StrictMode(  753): 	at com.android.emailcommon.utility.Utility$2.doInBackground(Utility.java:549)
E/StrictMode(  753): 	at android.os.AsyncTask$2.call(AsyncTask.java:287)
E/StrictMode(  753): 	at java.util.concurrent.FutureTask.run(FutureTask.java:234)
E/StrictMode(  753): 	at java.util.concurrent.ThreadPoolExecutor.runWorker(ThreadPoolExecutor.java:1080)
E/StrictMode(  753): 	at java.util.concurrent.ThreadPoolExecutor$Worker.run(ThreadPoolExecutor.java:573)
E/StrictMode(  753): 	at java.lang.Thread.run(Thread.java:856)
W/ActivityManager(  289): Unbind failed: could not find connection for android.os.BinderProxy@4137d810
E/ActivityThread(  753): Service com.android.exchange.ExchangeService has leaked ServiceConnection com.android.emailcommon.service.ServiceProxy$ProxyConnection@40d45d48 that was originally bound here
E/ActivityThread(  753): android.app.ServiceConnectionLeaked: Service com.android.exchange.ExchangeService has leaked ServiceConnection com.android.emailcommon.service.ServiceProxy$ProxyConnection@40d45d48 that was originally bound here
E/ActivityThread(  753): 	at android.app.LoadedApk$ServiceDispatcher.<init>(LoadedApk.java:969)
E/ActivityThread(  753): 	at android.app.LoadedApk.getServiceDispatcher(LoadedApk.java:863)
E/ActivityThread(  753): 	at android.app.ContextImpl.bindService(ContextImpl.java:1418)
E/ActivityThread(  753): 	at android.app.ContextImpl.bindService(ContextImpl.java:1407)
E/ActivityThread(  753): 	at android.content.ContextWrapper.bindService(ContextWrapper.java:473)
E/ActivityThread(  753): 	at com.android.emailcommon.service.ServiceProxy.setTask(ServiceProxy.java:157)
E/ActivityThread(  753): 	at com.android.emailcommon.service.ServiceProxy.setTask(ServiceProxy.java:145)
E/ActivityThread(  753): 	at com.android.emailcommon.service.ServiceProxy.test(ServiceProxy.java:191)
E/ActivityThread(  753): 	at com.android.exchange.ExchangeService$7.run(ExchangeService.java:1850)
E/ActivityThread(  753): 	at com.android.emailcommon.utility.Utility$2.doInBackground(Utility.java:551)
E/ActivityThread(  753): 	at com.android.emailcommon.utility.Utility$2.doInBackground(Utility.java:549)
E/ActivityThread(  753): 	at android.os.AsyncTask$2.call(AsyncTask.java:287)
E/ActivityThread(  753): 	at java.util.concurrent.FutureTask.run(FutureTask.java:234)
E/ActivityThread(  753): 	at java.util.concurrent.ThreadPoolExecutor.runWorker(ThreadPoolExecutor.java:1080)
E/ActivityThread(  753): 	at java.util.concurrent.ThreadPoolExecutor$Worker.run(ThreadPoolExecutor.java:573)
E/ActivityThread(  753): 	at java.lang.Thread.run(Thread.java:856)
E/StrictMode(  753): null
E/StrictMode(  753): android.app.ServiceConnectionLeaked: Service com.android.exchange.ExchangeService has leaked ServiceConnection com.android.emailcommon.service.ServiceProxy$ProxyConnection@40d45d48 that was originally bound here
E/StrictMode(  753): 	at android.app.LoadedApk$ServiceDispatcher.<init>(LoadedApk.java:969)
E/StrictMode(  753): 	at android.app.LoadedApk.getServiceDispatcher(LoadedApk.java:863)
E/StrictMode(  753): 	at android.app.ContextImpl.bindService(ContextImpl.java:1418)
E/StrictMode(  753): 	at android.app.ContextImpl.bindService(ContextImpl.java:1407)
E/StrictMode(  753): 	at android.content.ContextWrapper.bindService(ContextWrapper.java:473)
E/StrictMode(  753): 	at com.android.emailcommon.service.ServiceProxy.setTask(ServiceProxy.java:157)
E/StrictMode(  753): 	at com.android.emailcommon.service.ServiceProxy.setTask(ServiceProxy.java:145)
E/StrictMode(  753): 	at com.android.emailcommon.service.ServiceProxy.test(ServiceProxy.java:191)
E/StrictMode(  753): 	at com.android.exchange.ExchangeService$7.run(ExchangeService.java:1850)
E/StrictMode(  753): 	at com.android.emailcommon.utility.Utility$2.doInBackground(Utility.java:551)
E/StrictMode(  753): 	at com.android.emailcommon.utility.Utility$2.doInBackground(Utility.java:549)
E/StrictMode(  753): 	at android.os.AsyncTask$2.call(AsyncTask.java:287)
E/StrictMode(  753): 	at java.util.concurrent.FutureTask.run(FutureTask.java:234)
E/StrictMode(  753): 	at java.util.concurrent.ThreadPoolExecutor.runWorker(ThreadPoolExecutor.java:1080)
E/StrictMode(  753): 	at java.util.concurrent.ThreadPoolExecutor$Worker.run(ThreadPoolExecutor.java:573)
E/StrictMode(  753): 	at java.lang.Thread.run(Thread.java:856)
W/ActivityManager(  289): Unbind failed: could not find connection for android.os.BinderProxy@4171f0a8
D/ExchangeService(  753): Received deviceId from Email app: null
D/ExchangeService(  753): !!! deviceId unknown; stopping self and retrying
D/ExchangeService(  753): !!! EAS ExchangeService, onCreate
D/ExchangeService(  753): !!! EAS ExchangeService, onStartCommand, startingUp = false, running = false
D/ExchangeService(  753): !!! EAS ExchangeService, onStartCommand, startingUp = true, running = false
W/ActivityManager(  289): Unable to start service Intent { act=com.android.email.ACCOUNT_INTENT } U=0: not found
D/ExchangeService(  753): !!! Email application not found; stopping self
W/ActivityManager(  289): Unable to start service Intent { act=com.android.email.ACCOUNT_INTENT } U=0: not found
E/ActivityThread(  753): Service com.android.exchange.ExchangeService has leaked ServiceConnection com.android.emailcommon.service.ServiceProxy$ProxyConnection@40ce8678 that was originally bound here
E/ActivityThread(  753): android.app.ServiceConnectionLeaked: Service com.android.exchange.ExchangeService has leaked ServiceConnection com.android.emailcommon.service.ServiceProxy$ProxyConnection@40ce8678 that was originally bound here
E/ActivityThread(  753): 	at android.app.LoadedApk$ServiceDispatcher.<init>(LoadedApk.java:969)
E/ActivityThread(  753): 	at android.app.LoadedApk.getServiceDispatcher(LoadedApk.java:863)
E/ActivityThread(  753): 	at android.app.ContextImpl.bindService(ContextImpl.java:1418)
E/ActivityThread(  753): 	at android.app.ContextImpl.bindService(ContextImpl.java:1407)
E/ActivityThread(  753): 	at android.content.ContextWrapper.bindService(ContextWrapper.java:473)
E/ActivityThread(  753): 	at com.android.emailcommon.service.ServiceProxy.setTask(ServiceProxy.java:157)
E/ActivityThread(  753): 	at com.android.emailcommon.service.ServiceProxy.setTask(ServiceProxy.java:145)
E/ActivityThread(  753): 	at com.android.emailcommon.service.ServiceProxy.test(ServiceProxy.java:191)
E/ActivityThread(  753): 	at com.android.exchange.ExchangeService$7.run(ExchangeService.java:1850)
E/ActivityThread(  753): 	at com.android.emailcommon.utility.Utility$2.doInBackground(Utility.java:551)
E/ActivityThread(  753): 	at com.android.emailcommon.utility.Utility$2.doInBackground(Utility.java:549)
E/ActivityThread(  753): 	at android.os.AsyncTask$2.call(AsyncTask.java:287)
E/ActivityThread(  753): 	at java.util.concurrent.FutureTask.run(FutureTask.java:234)
E/ActivityThread(  753): 	at java.util.concurrent.ThreadPoolExecutor.runWorker(ThreadPoolExecutor.java:1080)
E/ActivityThread(  753): 	at java.util.concurrent.ThreadPoolExecutor$Worker.run(ThreadPoolExecutor.java:573)
E/ActivityThread(  753): 	at java.lang.Thread.run(Thread.java:856)
D/dalvikvm(  289): GC_CONCURRENT freed 431K, 63% free 4843K/13048K, paused 6ms+17ms, total 129ms
E/StrictMode(  753): null
E/StrictMode(  753): android.app.ServiceConnectionLeaked: Service com.android.exchange.ExchangeService has leaked ServiceConnection com.android.emailcommon.service.ServiceProxy$ProxyConnection@40ce8678 that was originally bound here
E/StrictMode(  753): 	at android.app.LoadedApk$ServiceDispatcher.<init>(LoadedApk.java:969)
E/StrictMode(  753): 	at android.app.LoadedApk.getServiceDispatcher(LoadedApk.java:863)
E/StrictMode(  753): 	at android.app.ContextImpl.bindService(ContextImpl.java:1418)
E/StrictMode(  753): 	at android.app.ContextImpl.bindService(ContextImpl.java:1407)
E/StrictMode(  753): 	at android.content.ContextWrapper.bindService(ContextWrapper.java:473)
E/StrictMode(  753): 	at com.android.emailcommon.service.ServiceProxy.setTask(ServiceProxy.java:157)
E/StrictMode(  753): 	at com.android.emailcommon.service.ServiceProxy.setTask(ServiceProxy.java:145)
E/StrictMode(  753): 	at com.android.emailcommon.service.ServiceProxy.test(ServiceProxy.java:191)
E/StrictMode(  753): 	at com.android.exchange.ExchangeService$7.run(ExchangeService.java:1850)
E/StrictMode(  753): 	at com.android.emailcommon.utility.Utility$2.doInBackground(Utility.java:551)
E/StrictMode(  753): 	at com.android.emailcommon.utility.Utility$2.doInBackground(Utility.java:549)
E/StrictMode(  753): 	at android.os.AsyncTask$2.call(AsyncTask.java:287)
E/StrictMode(  753): 	at java.util.concurrent.FutureTask.run(FutureTask.java:234)
E/StrictMode(  753): 	at java.util.concurrent.ThreadPoolExecutor.runWorker(ThreadPoolExecutor.java:1080)
E/StrictMode(  753): 	at java.util.concurrent.ThreadPoolExecutor$Worker.run(ThreadPoolExecutor.java:573)
E/StrictMode(  753): 	at java.lang.Thread.run(Thread.java:856)
W/ActivityManager(  289): Unbind failed: could not find connection for android.os.BinderProxy@41717188
E/ActivityThread(  753): Service com.android.exchange.ExchangeService has leaked ServiceConnection com.android.emailcommon.service.ServiceProxy$ProxyConnection@40ce93e8 that was originally bound here
E/ActivityThread(  753): android.app.ServiceConnectionLeaked: Service com.android.exchange.ExchangeService has leaked ServiceConnection com.android.emailcommon.service.ServiceProxy$ProxyConnection@40ce93e8 that was originally bound here
E/ActivityThread(  753): 	at android.app.LoadedApk$ServiceDispatcher.<init>(LoadedApk.java:969)
E/ActivityThread(  753): 	at android.app.LoadedApk.getServiceDispatcher(LoadedApk.java:863)
E/ActivityThread(  753): 	at android.app.ContextImpl.bindService(ContextImpl.java:1418)
E/ActivityThread(  753): 	at android.app.ContextImpl.bindService(ContextImpl.java:1407)
E/ActivityThread(  753): 	at android.content.ContextWrapper.bindService(ContextWrapper.java:473)
E/ActivityThread(  753): 	at com.android.emailcommon.service.ServiceProxy.setTask(ServiceProxy.java:157)
E/ActivityThread(  753): 	at com.android.emailcommon.service.ServiceProxy.setTask(ServiceProxy.java:145)
E/ActivityThread(  753): 	at com.android.emailcommon.service.AccountServiceProxy.getDeviceId(AccountServiceProxy.java:116)
E/ActivityThread(  753): 	at com.android.exchange.ExchangeService.getDeviceId(ExchangeService.java:1249)
E/ActivityThread(  753): 	at com.android.exchange.ExchangeService$7.run(ExchangeService.java:1856)
E/ActivityThread(  753): 	at com.android.emailcommon.utility.Utility$2.doInBackground(Utility.java:551)
E/ActivityThread(  753): 	at com.android.emailcommon.utility.Utility$2.doInBackground(Utility.java:549)
E/ActivityThread(  753): 	at android.os.AsyncTask$2.call(AsyncTask.java:287)
E/ActivityThread(  753): 	at java.util.concurrent.FutureTask.run(FutureTask.java:234)
E/ActivityThread(  753): 	at java.util.concurrent.ThreadPoolExecutor.runWorker(ThreadPoolExecutor.java:1080)
E/ActivityThread(  753): 	at java.util.concurrent.ThreadPoolExecutor$Worker.run(ThreadPoolExecutor.java:573)
E/ActivityThread(  753): 	at java.lang.Thread.run(Thread.java:856)
E/StrictMode(  753): null
E/StrictMode(  753): android.app.ServiceConnectionLeaked: Service com.android.exchange.ExchangeService has leaked ServiceConnection com.android.emailcommon.service.ServiceProxy$ProxyConnection@40ce93e8 that was originally bound here
E/StrictMode(  753): 	at android.app.LoadedApk$ServiceDispatcher.<init>(LoadedApk.java:969)
E/StrictMode(  753): 	at android.app.LoadedApk.getServiceDispatcher(LoadedApk.java:863)
E/StrictMode(  753): 	at android.app.ContextImpl.bindService(ContextImpl.java:1418)
E/StrictMode(  753): 	at android.app.ContextImpl.bindService(ContextImpl.java:1407)
E/StrictMode(  753): 	at android.content.ContextWrapper.bindService(ContextWrapper.java:473)
E/StrictMode(  753): 	at com.android.emailcommon.service.ServiceProxy.setTask(ServiceProxy.java:157)
E/StrictMode(  753): 	at com.android.emailcommon.service.ServiceProxy.setTask(ServiceProxy.java:145)
E/StrictMode(  753): 	at com.android.emailcommon.service.AccountServiceProxy.getDeviceId(AccountServiceProxy.java:116)
E/StrictMode(  753): 	at com.android.exchange.ExchangeService.getDeviceId(ExchangeService.java:1249)
E/StrictMode(  753): 	at com.android.exchange.ExchangeService$7.run(ExchangeService.java:1856)
E/StrictMode(  753): 	at com.android.emailcommon.utility.Utility$2.doInBackground(Utility.java:551)
E/StrictMode(  753): 	at com.android.emailcommon.utility.Utility$2.doInBackground(Utility.java:549)
E/StrictMode(  753): 	at android.os.AsyncTask$2.call(AsyncTask.java:287)
E/StrictMode(  753): 	at java.util.concurrent.FutureTask.run(FutureTask.java:234)
E/StrictMode(  753): 	at java.util.concurrent.ThreadPoolExecutor.runWorker(ThreadPoolExecutor.java:1080)
E/StrictMode(  753): 	at java.util.concurrent.ThreadPoolExecutor$Worker.run(ThreadPoolExecutor.java:573)
E/StrictMode(  753): 	at java.lang.Thread.run(Thread.java:856)
W/ActivityManager(  289): Unbind failed: could not find connection for android.os.BinderProxy@416ecfa8
D/AndroidRuntime(  992): 
D/AndroidRuntime(  992): >>>>>> AndroidRuntime START com.android.internal.os.RuntimeInit <<<<<<
D/AndroidRuntime(  992): CheckJNI is ON
D/dalvikvm(  992): Trying to load lib libjavacore.so 0x0
D/dalvikvm(  992): Added shared lib libjavacore.so 0x0
D/dalvikvm(  992): Trying to load lib libnativehelper.so 0x0
D/dalvikvm(  992): Added shared lib libnativehelper.so 0x0
D/AndroidRuntime(  992): Calling main entry com.android.commands.pm.Pm
I/ActivityManager(  289): Start proc com.android.defcontainer for service com.android.defcontainer/.DefaultContainerService: pid=1003 uid=10009 gids={50009, 1015, 2001, 1028}
E/Trace   ( 1003): error opening trace file: No such file or directory (2)
W/ActivityManager(  289): No content provider found for permission revoke: file:///data/local/tmp/QuickStart-debug.apk
W/ActivityManager(  289): No content provider found for permission revoke: file:///data/local/tmp/QuickStart-debug.apk
I/PackageManager(  289): Copying native libraries to /data/app-lib/vmdl1605562262
I/PackageManager(  289): Running dexopt on: org.ruboto.example.quick_start
D/dalvikvm( 1018): DexOpt: 'Landroid/annotation/SuppressLint;' has an earlier definition; blocking out
D/dalvikvm( 1018): DexOpt: 'Landroid/annotation/TargetApi;' has an earlier definition; blocking out
D/dalvikvm( 1018): DexOpt: not verifying/optimizing 'Landroid/annotation/SuppressLint;': multiple definitions
D/dalvikvm( 1018): DexOpt: not verifying/optimizing 'Landroid/annotation/TargetApi;': multiple definitions
D/dalvikvm( 1018): DexOpt: load 69ms, verify+opt 229ms, 341548 bytes
I/ActivityManager(  289): Force stopping package org.ruboto.example.quick_start appid=10046 user=-1
D/dalvikvm(  289): GC_CONCURRENT freed 501K, 63% free 4864K/13048K, paused 7ms+12ms, total 138ms
D/PackageManager(  289): New package installed in /data/app/org.ruboto.example.quick_start-1.apk
I/InputReader(  289): Reconfiguring input devices.  changes=0x00000010
I/dalvikvm(  289): Jit: resizing JitTable from 4096 to 8192
W/AccountTypeManager(  660): No authenticator found for type=com.android.exchange, ignoring it.
I/AccountTypeManager(  660): Loaded meta-data for 0 account types, 0 accounts in 158ms(wall) 2ms(cpu)
I/ActivityManager(  289): Start proc com.svox.pico for broadcast com.svox.pico/.VoiceDataInstallerReceiver: pid=1019 uid=10014 gids={50014, 1015, 1028}
E/Trace   ( 1019): error opening trace file: No such file or directory (2)
D/dalvikvm(  289): GC_CONCURRENT freed 539K, 63% free 4843K/13048K, paused 227ms+47ms, total 435ms
D/dalvikvm(  289): WAIT_FOR_CONCURRENT_GC blocked 243ms
W/InputMethodManagerService(  289): Found no subtypes in a system IME: com.android.inputmethod.pinyin
D/dalvikvm(  577): GC_CONCURRENT freed 2628K, 49% free 4537K/8776K, paused 15ms+28ms, total 148ms
D/dalvikvm(  289): GC_EXPLICIT freed 100K, 64% free 4826K/13048K, paused 601ms+82ms, total 1217ms
D/AndroidRuntime(  992): Shutting down VM
D/dalvikvm(  992): GC_CONCURRENT freed 94K, 18% free 467K/564K, paused 0ms+1ms, total 13ms
D/jdwp    (  992): Got wake-up signal, bailing out of select
D/dalvikvm(  992): Debugger has detached; object registry had 1 entries
W/RecognitionManagerService(  289): no available voice recognition services found for user 0
D/ExchangeService(  753): Received deviceId from Email app: null
D/ExchangeService(  753): !!! deviceId unknown; stopping self and retrying
D/dalvikvm(  577): GC_FOR_ALLOC freed 481K, 49% free 4511K/8776K, paused 48ms, total 64ms
D/dalvikvm(  577): GC_FOR_ALLOC freed 42K, 44% free 4971K/8776K, paused 41ms, total 42ms
I/Choreographer(  577): Skipped 106 frames!  The application may be doing too much work on its main thread.
I/Choreographer(  577): Skipped 105 frames!  The application may be doing too much work on its main thread.
I/Choreographer(  577): Skipped 41 frames!  The application may be doing too much work on its main thread.
I/Choreographer(  577): Skipped 46 frames!  The application may be doing too much work on its main thread.
I/Choreographer(  577): Skipped 38 frames!  The application may be doing too much work on its main thread.
I/Choreographer(  577): Skipped 55 frames!  The application may be doing too much work on its main thread.
D/dalvikvm(  577): GC_CONCURRENT freed 12K, 34% free 5827K/8776K, paused 20ms+18ms, total 140ms
D/dalvikvm(  577): WAIT_FOR_CONCURRENT_GC blocked 36ms
I/Choreographer(  577): Skipped 220 frames!  The application may be doing too much work on its main thread.
I/Choreographer(  577): Skipped 31 frames!  The application may be doing too much work on its main thread.
I/Choreographer(  577): Skipped 31 frames!  The application may be doing too much work on its main thread.
I/Choreographer(  577): Skipped 58 frames!  The application may be doing too much work on its main thread.
I/Choreographer(  577): Skipped 37 frames!  The application may be doing too much work on its main thread.
D/dalvikvm(  577): GC_CONCURRENT freed 410K, 26% free 6572K/8776K, paused 5ms+32ms, total 241ms
D/dalvikvm(  577): WAIT_FOR_CONCURRENT_GC blocked 139ms
I/dalvikvm-heap(  577): Grow heap (frag case) to 6.947MB for 411152-byte allocation
D/dalvikvm(  577): WAIT_FOR_CONCURRENT_GC blocked 71ms
I/dalvikvm-heap(  577): Grow heap (frag case) to 6.972MB for 26896-byte allocation
D/dalvikvm(  577): GC_FOR_ALLOC freed 141K, 26% free 6858K/9180K, paused 75ms, total 76ms
D/dalvikvm(  577): WAIT_FOR_CONCURRENT_GC blocked 140ms
I/Choreographer(  577): Skipped 78 frames!  The application may be doing too much work on its main thread.
D/dalvikvm(  577): GC_FOR_ALLOC freed 141K, 26% free 6881K/9180K, paused 89ms, total 94ms
I/dalvikvm-heap(  577): Grow heap (frag case) to 7.358MB for 525136-byte allocation
D/dalvikvm(  577): GC_FOR_ALLOC freed 1K, 24% free 7393K/9696K, paused 87ms, total 88ms
D/dalvikvm(  577): GC_FOR_ALLOC freed 2192K, 33% free 6500K/9696K, paused 45ms, total 52ms
D/ExchangeService(  753): !!! EAS ExchangeService, onCreate
D/ExchangeService(  753): !!! EAS ExchangeService, onStartCommand, startingUp = false, running = false
W/ActivityManager(  289): Unable to start service Intent { act=com.android.email.ACCOUNT_INTENT } U=0: not found
D/ExchangeService(  753): !!! Email application not found; stopping self
W/ActivityManager(  289): Unable to start service Intent { act=com.android.email.ACCOUNT_INTENT } U=0: not found
D/ExchangeService(  753): !!! EAS ExchangeService, onStartCommand, startingUp = true, running = false
E/ActivityThread(  753): Service com.android.exchange.ExchangeService has leaked ServiceConnection com.android.emailcommon.service.ServiceProxy$ProxyConnection@40d0fe48 that was originally bound here
E/ActivityThread(  753): android.app.ServiceConnectionLeaked: Service com.android.exchange.ExchangeService has leaked ServiceConnection com.android.emailcommon.service.ServiceProxy$ProxyConnection@40d0fe48 that was originally bound here
E/ActivityThread(  753): 	at android.app.LoadedApk$ServiceDispatcher.<init>(LoadedApk.java:969)
E/ActivityThread(  753): 	at android.app.LoadedApk.getServiceDispatcher(LoadedApk.java:863)
E/ActivityThread(  753): 	at android.app.ContextImpl.bindService(ContextImpl.java:1418)
E/ActivityThread(  753): 	at android.app.ContextImpl.bindService(ContextImpl.java:1407)
E/ActivityThread(  753): 	at android.content.ContextWrapper.bindService(ContextWrapper.java:473)
E/ActivityThread(  753): 	at com.android.emailcommon.service.ServiceProxy.setTask(ServiceProxy.java:157)
E/ActivityThread(  753): 	at com.android.emailcommon.service.ServiceProxy.setTask(ServiceProxy.java:145)
E/ActivityThread(  753): 	at com.android.emailcommon.service.ServiceProxy.test(ServiceProxy.java:191)
E/ActivityThread(  753): 	at com.android.exchange.ExchangeService$7.run(ExchangeService.java:1850)
E/ActivityThread(  753): 	at com.android.emailcommon.utility.Utility$2.doInBackground(Utility.java:551)
E/ActivityThread(  753): 	at com.android.emailcommon.utility.Utility$2.doInBackground(Utility.java:549)
E/ActivityThread(  753): 	at android.os.AsyncTask$2.call(AsyncTask.java:287)
E/ActivityThread(  753): 	at java.util.concurrent.FutureTask.run(FutureTask.java:234)
E/ActivityThread(  753): 	at java.util.concurrent.ThreadPoolExecutor.runWorker(ThreadPoolExecutor.java:1080)
E/ActivityThread(  753): 	at java.util.concurrent.ThreadPoolExecutor$Worker.run(ThreadPoolExecutor.java:573)
E/ActivityThread(  753): 	at java.lang.Thread.run(Thread.java:856)
E/StrictMode(  753): null
E/StrictMode(  753): android.app.ServiceConnectionLeaked: Service com.android.exchange.ExchangeService has leaked ServiceConnection com.android.emailcommon.service.ServiceProxy$ProxyConnection@40d0fe48 that was originally bound here
E/StrictMode(  753): 	at android.app.LoadedApk$ServiceDispatcher.<init>(LoadedApk.java:969)
E/StrictMode(  753): 	at android.app.LoadedApk.getServiceDispatcher(LoadedApk.java:863)
E/StrictMode(  753): 	at android.app.ContextImpl.bindService(ContextImpl.java:1418)
E/StrictMode(  753): 	at android.app.ContextImpl.bindService(ContextImpl.java:1407)
E/StrictMode(  753): 	at android.content.ContextWrapper.bindService(ContextWrapper.java:473)
E/StrictMode(  753): 	at com.android.emailcommon.service.ServiceProxy.setTask(ServiceProxy.java:157)
E/StrictMode(  753): 	at com.android.emailcommon.service.ServiceProxy.setTask(ServiceProxy.java:145)
E/StrictMode(  753): 	at com.android.emailcommon.service.ServiceProxy.test(ServiceProxy.java:191)
E/StrictMode(  753): 	at com.android.exchange.ExchangeService$7.run(ExchangeService.java:1850)
E/StrictMode(  753): 	at com.android.emailcommon.utility.Utility$2.doInBackground(Utility.java:551)
E/StrictMode(  753): 	at com.android.emailcommon.utility.Utility$2.doInBackground(Utility.java:549)
E/StrictMode(  753): 	at android.os.AsyncTask$2.call(AsyncTask.java:287)
E/StrictMode(  753): 	at java.util.concurrent.FutureTask.run(FutureTask.java:234)
E/StrictMode(  753): 	at java.util.concurrent.ThreadPoolExecutor.runWorker(ThreadPoolExecutor.java:1080)
E/StrictMode(  753): 	at java.util.concurrent.ThreadPoolExecutor$Worker.run(ThreadPoolExecutor.java:573)
E/StrictMode(  753): 	at java.lang.Thread.run(Thread.java:856)
W/ActivityManager(  289): Unbind failed: could not find connection for android.os.BinderProxy@40d89808
E/ActivityThread(  753): Service com.android.exchange.ExchangeService has leaked ServiceConnection com.android.emailcommon.service.ServiceProxy$ProxyConnection@40d101f0 that was originally bound here
E/ActivityThread(  753): android.app.ServiceConnectionLeaked: Service com.android.exchange.ExchangeService has leaked ServiceConnection com.android.emailcommon.service.ServiceProxy$ProxyConnection@40d101f0 that was originally bound here
E/ActivityThread(  753): 	at android.app.LoadedApk$ServiceDispatcher.<init>(LoadedApk.java:969)
E/ActivityThread(  753): 	at android.app.LoadedApk.getServiceDispatcher(LoadedApk.java:863)
E/ActivityThread(  753): 	at android.app.ContextImpl.bindService(ContextImpl.java:1418)
E/ActivityThread(  753): 	at android.app.ContextImpl.bindService(ContextImpl.java:1407)
E/ActivityThread(  753): 	at android.content.ContextWrapper.bindService(ContextWrapper.java:473)
E/ActivityThread(  753): 	at com.android.emailcommon.service.ServiceProxy.setTask(ServiceProxy.java:157)
E/ActivityThread(  753): 	at com.android.emailcommon.service.ServiceProxy.setTask(ServiceProxy.java:145)
E/ActivityThread(  753): 	at com.android.emailcommon.service.AccountServiceProxy.getDeviceId(AccountServiceProxy.java:116)
E/ActivityThread(  753): 	at com.android.exchange.ExchangeService.getDeviceId(ExchangeService.java:1249)
E/ActivityThread(  753): 	at com.android.exchange.ExchangeService$7.run(ExchangeService.java:1856)
E/ActivityThread(  753): 	at com.android.emailcommon.utility.Utility$2.doInBackground(Utility.java:551)
E/ActivityThread(  753): 	at com.android.emailcommon.utility.Utility$2.doInBackground(Utility.java:549)
E/ActivityThread(  753): 	at android.os.AsyncTask$2.call(AsyncTask.java:287)
E/ActivityThread(  753): 	at java.util.concurrent.FutureTask.run(FutureTask.java:234)
E/ActivityThread(  753): 	at java.util.concurrent.ThreadPoolExecutor.runWorker(ThreadPoolExecutor.java:1080)
E/ActivityThread(  753): 	at java.util.concurrent.ThreadPoolExecutor$Worker.run(ThreadPoolExecutor.java:573)
E/ActivityThread(  753): 	at java.lang.Thread.run(Thread.java:856)
E/StrictMode(  753): null
E/StrictMode(  753): android.app.ServiceConnectionLeaked: Service com.android.exchange.ExchangeService has leaked ServiceConnection com.android.emailcommon.service.ServiceProxy$ProxyConnection@40d101f0 that was originally bound here
E/StrictMode(  753): 	at android.app.LoadedApk$ServiceDispatcher.<init>(LoadedApk.java:969)
E/StrictMode(  753): 	at android.app.LoadedApk.getServiceDispatcher(LoadedApk.java:863)
E/StrictMode(  753): 	at android.app.ContextImpl.bindService(ContextImpl.java:1418)
E/StrictMode(  753): 	at android.app.ContextImpl.bindService(ContextImpl.java:1407)
E/StrictMode(  753): 	at android.content.ContextWrapper.bindService(ContextWrapper.java:473)
E/StrictMode(  753): 	at com.android.emailcommon.service.ServiceProxy.setTask(ServiceProxy.java:157)
E/StrictMode(  753): 	at com.android.emailcommon.service.ServiceProxy.setTask(ServiceProxy.java:145)
E/StrictMode(  753): 	at com.android.emailcommon.service.AccountServiceProxy.getDeviceId(AccountServiceProxy.java:116)
E/StrictMode(  753): 	at com.android.exchange.ExchangeService.getDeviceId(ExchangeService.java:1249)
E/StrictMode(  753): 	at com.android.exchange.ExchangeService$7.run(ExchangeService.java:1856)
E/StrictMode(  753): 	at com.android.emailcommon.utility.Utility$2.doInBackground(Utility.java:551)
E/StrictMode(  753): 	at com.android.emailcommon.utility.Utility$2.doInBackground(Utility.java:549)
E/StrictMode(  753): 	at android.os.AsyncTask$2.call(AsyncTask.java:287)
E/StrictMode(  753): 	at java.util.concurrent.FutureTask.run(FutureTask.java:234)
E/StrictMode(  753): 	at java.util.concurrent.ThreadPoolExecutor.runWorker(ThreadPoolExecutor.java:1080)
E/StrictMode(  753): 	at java.util.concurrent.ThreadPoolExecutor$Worker.run(ThreadPoolExecutor.java:573)
E/StrictMode(  753): 	at java.lang.Thread.run(Thread.java:856)
W/ActivityManager(  289): Unbind failed: could not find connection for android.os.BinderProxy@41659e98
D/dalvikvm(  753): GC_CONCURRENT freed 469K, 20% free 2453K/3064K, paused 27ms+8ms, total 100ms
D/dalvikvm(  577): GC_FOR_ALLOC freed 1007K, 29% free 6503K/9080K, paused 44ms, total 46ms
I/dalvikvm-heap(  577): Grow heap (frag case) to 6.977MB for 512632-byte allocation
D/dalvikvm(  577): GC_FOR_ALLOC freed 16K, 28% free 6988K/9584K, paused 47ms, total 47ms
D/dalvikvm(  577): GC_FOR_ALLOC freed 5K, 28% free 6983K/9584K, paused 41ms, total 41ms
I/dalvikvm-heap(  577): Grow heap (frag case) to 7.445MB for 512632-byte allocation
D/dalvikvm(  577): GC_FOR_ALLOC freed <1K, 26% free 7484K/10088K, paused 48ms, total 48ms
D/dalvikvm(  577): GC_FOR_ALLOC freed <1K, 26% free 7484K/10088K, paused 42ms, total 42ms
I/dalvikvm-heap(  577): Grow heap (frag case) to 7.934MB for 512632-byte allocation
D/dalvikvm(  577): GC_FOR_ALLOC freed 0K, 25% free 7985K/10592K, paused 46ms, total 46ms
I/Choreographer(  577): Skipped 299 frames!  The application may be doing too much work on its main thread.
I/ActivityManager(  289): START u0 {act=android.intent.action.MAIN cat=[android.intent.category.LAUNCHER] flg=0x10200000 cmp=org.ruboto.example.quick_start/.QuickStartActivity} from pid 577
W/WindowManager(  289): Failure taking screenshot for (164x246) to layer 21005
I/Choreographer(  577): Skipped 46 frames!  The application may be doing too much work on its main thread.
E/SurfaceFlinger(   37): ro.sf.lcd_density must be defined as a build property
D/dalvikvm( 1044): Not late-enabling CheckJNI (already on)
I/ActivityManager(  289): Start proc org.ruboto.example.quick_start for activity org.ruboto.example.quick_start/.QuickStartActivity: pid=1044 uid=10046 gids={50046, 1028}
I/dalvikvm( 1044): Turning on JNI app bug workarounds for target SDK version 10...
E/Trace   ( 1044): error opening trace file: No such file or directory (2)
I/ARMAssembler(   37): generated scanline__00000077:03515104_00009002_00000000 [127 ipp] (149 ins) at [0x40f94460:0x40f946b4] in 2518899 ns
D/RUBOTO  ( 1044): EntryPointActivity onCreate:
