D/InputEventConsistencyVerifier( 1198):   0: sent at 710486000000, KeyEvent { action=ACTION_UP, keyCode=KEYCODE_DPAD_DOWN, scanCode=108, metaState=0, flags=0x8, repeatCount=0, eventTime=710486, downTime=710316, deviceId=0, source=0x301 }
D/InputEventConsistencyVerifier( 1198):   -- recent events --
D/InputEventConsistencyVerifier( 1198):   1: sent at 705432518000, (unhandled) MotionEvent { action=ACTION_UP, id[0]=0, x[0]=147.92781, y[0]=144.68048, toolType[0]=TOOL_TYPE_FINGER, buttonState=0, metaState=0, flags=0x0, edgeFlags=0x0, pointerCount=1, historySize=0, eventTime=705432, downTime=704548, deviceId=0, source=0x1002 }
D/InputEventConsistencyVerifier( 1198):   2: sent at 705371756000, (unhandled) MotionEvent { action=ACTION_MOVE, id[0]=0, x[0]=147.92781, y[0]=144.68048, toolType[0]=TOOL_TYPE_FINGER, buttonState=0, metaState=0, flags=0x0, edgeFlags=0x0, pointerCount=1, historySize=1, eventTime=705371, downTime=704548, deviceId=0, source=0x1002 }
D/InputEventConsistencyVerifier( 1198):   3: sent at 705352771217, (unhandled) MotionEvent { action=ACTION_MOVE, id[0]=0, x[0]=145.0, y[0]=151.81575, toolType[0]=TOOL_TYPE_FINGER, buttonState=0, metaState=0, flags=0x0, edgeFlags=0x0, pointerCount=1, historySize=1, eventTime=705352, downTime=704548, deviceId=0, source=0x1002 }
D/InputEventConsistencyVerifier( 1198):   4: sent at 705315907193, (unhandled) MotionEvent { action=ACTION_MOVE, id[0]=0, x[0]=145.0, y[0]=152.79935, toolType[0]=TOOL_TYPE_FINGER, buttonState=0, metaState=0, flags=0x0, edgeFlags=0x0, pointerCount=1, historySize=2, eventTime=705315, downTime=704548, deviceId=0, source=0x1002 }
D/InputEventConsistencyVerifier( 1198):   5: sent at 705292867178, (unhandled) MotionEvent { action=ACTION_MOVE, id[0]=0, x[0]=145.0, y[0]=154.17664, toolType[0]=TOOL_TYPE_FINGER, buttonState=0, metaState=0, flags=0x0, edgeFlags=0x0, pointerCount=1, historySize=1, eventTime=705292, downTime=704548, deviceId=0, source=0x1002 }
D/dalvikvm( 1198): GC_CONCURRENT freed 2385K, 15% free 16218K/18900K, paused 11ms+14ms, total 367ms
D/dalvikvm( 1198): WAIT_FOR_CONCURRENT_GC blocked 331ms
D/InputEventConsistencyVerifier( 1198): KeyEvent: ACTION_UP but key was not down.
D/InputEventConsistencyVerifier( 1198):   in com.android.internal.policy.impl.PhoneWindow$DecorView{40d06888 V.E..... R.....ID 0,0-320,480}
D/InputEventConsistencyVerifier( 1198):   0: sent at 722659000000, KeyEvent { action=ACTION_UP, keyCode=KEYCODE_DPAD_DOWN, scanCode=108, metaState=0, flags=0x8, repeatCount=0, eventTime=722659, downTime=722559, deviceId=0, source=0x301 }
D/InputEventConsistencyVerifier( 1198):   -- recent events --
D/InputEventConsistencyVerifier( 1198):   1: sent at 721857707000, (unhandled) MotionEvent { action=ACTION_UP, id[0]=0, x[0]=182.0, y[0]=439.0, toolType[0]=TOOL_TYPE_FINGER, buttonState=0, metaState=0, flags=0x0, edgeFlags=0x0, pointerCount=1, historySize=0, eventTime=721857, downTime=721711, deviceId=0, source=0x1002 }
D/InputEventConsistencyVerifier( 1198):   2: sent at 721711872000, (unhandled) MotionEvent { action=ACTION_DOWN, id[0]=0, x[0]=182.0, y[0]=439.0, toolType[0]=TOOL_TYPE_FINGER, buttonState=0, metaState=0, flags=0x0, edgeFlags=0x0, pointerCount=1, historySize=0, eventTime=721711, downTime=721711, deviceId=0, source=0x1002 }
D/InputEventConsistencyVerifier( 1198):   3: sent at 720902954000, (unhandled) MotionEvent { action=ACTION_UP, id[0]=0, x[0]=263.0, y[0]=210.0, toolType[0]=TOOL_TYPE_FINGER, buttonState=0, metaState=0, flags=0x0, edgeFlags=0x0, pointerCount=1, historySize=0, eventTime=720902, downTime=720205, deviceId=0, source=0x1002 }
D/InputEventConsistencyVerifier( 1198):   4: sent at 720902901000, (unhandled) MotionEvent { action=ACTION_MOVE, id[0]=0, x[0]=263.0, y[0]=210.0, toolType[0]=TOOL_TYPE_FINGER, buttonState=0, metaState=0, flags=0x0, edgeFlags=0x0, pointerCount=1, historySize=12, eventTime=720902, downTime=720205, deviceId=0, source=0x1002 }
D/InputEventConsistencyVerifier( 1198):   5: sent at 720540749105, (unhandled) MotionEvent { action=ACTION_MOVE, id[0]=0, x[0]=261.0, y[0]=387.81735, toolType[0]=TOOL_TYPE_FINGER, buttonState=0, metaState=0, flags=0x0, edgeFlags=0x0, pointerCount=1, historySize=1, eventTime=720540, downTime=720205, deviceId=0, source=0x1002 }
D/ExchangeService(  753): Received deviceId from Email app: null
D/ExchangeService(  753): !!! deviceId unknown; stopping self and retrying
D/ExchangeService(  753): !!! EAS ExchangeService, onCreate
D/ExchangeService(  753): !!! EAS ExchangeService, onStartCommand, startingUp = false, running = false
W/ActivityManager(  289): Unable to start service Intent { act=com.android.email.ACCOUNT_INTENT } U=0: not found
D/ExchangeService(  753): !!! Email application not found; stopping self
W/ActivityManager(  289): Unable to start service Intent { act=com.android.email.ACCOUNT_INTENT } U=0: not found
D/ExchangeService(  753): !!! EAS ExchangeService, onStartCommand, startingUp = true, running = false
E/ActivityThread(  753): Service com.android.exchange.ExchangeService has leaked ServiceConnection com.android.emailcommon.service.ServiceProxy$ProxyConnection@40cddd38 that was originally bound here
E/ActivityThread(  753): android.app.ServiceConnectionLeaked: Service com.android.exchange.ExchangeService has leaked ServiceConnection com.android.emailcommon.service.ServiceProxy$ProxyConnection@40cddd38 that was originally bound here
E/ActivityThread(  753): 	at android.app.LoadedApk$ServiceDispatcher.<init>(LoadedApk.java:969)
E/ActivityThread(  753): 	at android.app.LoadedApk.getServiceDispatcher(LoadedApk.java:863)
E/ActivityThread(  753): 	at android.app.ContextImpl.bindService(ContextImpl.java:1418)
E/ActivityThread(  753): 	at android.app.ContextImpl.bindService(ContextImpl.java:1407)
E/ActivityThread(  753): 	at android.content.ContextWrapper.bindService(ContextWrapper.java:473)
E/ActivityThread(  753): 	at com.android.emailcommon.service.ServiceProxy.setTask(ServiceProxy.java:157)
E/ActivityThread(  753): 	at com.android.emailcommon.service.ServiceProxy.setTask(ServiceProxy.java:145)
E/ActivityThread(  753): 	at com.android.emailcommon.service.ServiceProxy.test(ServiceProxy.java:191)
E/ActivityThread(  753): 	at com.android.exchange.ExchangeService$7.run(ExchangeService.java:1850)
E/ActivityThread(  753): 	at com.android.emailcommon.utility.Utility$2.doInBackground(Utility.java:551)
E/ActivityThread(  753): 	at com.android.emailcommon.utility.Utility$2.doInBackground(Utility.java:549)
E/ActivityThread(  753): 	at android.os.AsyncTask$2.call(AsyncTask.java:287)
E/ActivityThread(  753): 	at java.util.concurrent.FutureTask.run(FutureTask.java:234)
E/ActivityThread(  753): 	at java.util.concurrent.ThreadPoolExecutor.runWorker(ThreadPoolExecutor.java:1080)
E/ActivityThread(  753): 	at java.util.concurrent.ThreadPoolExecutor$Worker.run(ThreadPoolExecutor.java:573)
E/ActivityThread(  753): 	at java.lang.Thread.run(Thread.java:856)
E/StrictMode(  753): null
E/StrictMode(  753): android.app.ServiceConnectionLeaked: Service com.android.exchange.ExchangeService has leaked ServiceConnection com.android.emailcommon.service.ServiceProxy$ProxyConnection@40cddd38 that was originally bound here
E/StrictMode(  753): 	at android.app.LoadedApk$ServiceDispatcher.<init>(LoadedApk.java:969)
E/StrictMode(  753): 	at android.app.LoadedApk.getServiceDispatcher(LoadedApk.java:863)
E/StrictMode(  753): 	at android.app.ContextImpl.bindService(ContextImpl.java:1418)
E/StrictMode(  753): 	at android.app.ContextImpl.bindService(ContextImpl.java:1407)
E/StrictMode(  753): 	at android.content.ContextWrapper.bindService(ContextWrapper.java:473)
E/StrictMode(  753): 	at com.android.emailcommon.service.ServiceProxy.setTask(ServiceProxy.java:157)
E/StrictMode(  753): 	at com.android.emailcommon.service.ServiceProxy.setTask(ServiceProxy.java:145)
E/StrictMode(  753): 	at com.android.emailcommon.service.ServiceProxy.test(ServiceProxy.java:191)
E/StrictMode(  753): 	at com.android.exchange.ExchangeService$7.run(ExchangeService.java:1850)
E/StrictMode(  753): 	at com.android.emailcommon.utility.Utility$2.doInBackground(Utility.java:551)
E/StrictMode(  753): 	at com.android.emailcommon.utility.Utility$2.doInBackground(Utility.java:549)
E/StrictMode(  753): 	at android.os.AsyncTask$2.call(AsyncTask.java:287)
E/StrictMode(  753): 	at java.util.concurrent.FutureTask.run(FutureTask.java:234)
E/StrictMode(  753): 	at java.util.concurrent.ThreadPoolExecutor.runWorker(ThreadPoolExecutor.java:1080)
E/StrictMode(  753): 	at java.util.concurrent.ThreadPoolExecutor$Worker.run(ThreadPoolExecutor.java:573)
E/StrictMode(  753): 	at java.lang.Thread.run(Thread.java:856)
W/ActivityManager(  289): Unbind failed: could not find connection for android.os.BinderProxy@40de4468
E/ActivityThread(  753): Service com.android.exchange.ExchangeService has leaked ServiceConnection com.android.emailcommon.service.ServiceProxy$ProxyConnection@40d262c8 that was originally bound here
E/ActivityThread(  753): android.app.ServiceConnectionLeaked: Service com.android.exchange.ExchangeService has leaked ServiceConnection com.android.emailcommon.service.ServiceProxy$ProxyConnection@40d262c8 that was originally bound here
E/ActivityThread(  753): 	at android.app.LoadedApk$ServiceDispatcher.<init>(LoadedApk.java:969)
E/ActivityThread(  753): 	at android.app.LoadedApk.getServiceDispatcher(LoadedApk.java:863)
E/ActivityThread(  753): 	at android.app.ContextImpl.bindService(ContextImpl.java:1418)
E/ActivityThread(  753): 	at android.app.ContextImpl.bindService(ContextImpl.java:1407)
E/ActivityThread(  753): 	at android.content.ContextWrapper.bindService(ContextWrapper.java:473)
E/ActivityThread(  753): 	at com.android.emailcommon.service.ServiceProxy.setTask(ServiceProxy.java:157)
E/ActivityThread(  753): 	at com.android.emailcommon.service.ServiceProxy.setTask(ServiceProxy.java:145)
E/ActivityThread(  753): 	at com.android.emailcommon.service.AccountServiceProxy.getDeviceId(AccountServiceProxy.java:116)
E/ActivityThread(  753): 	at com.android.exchange.ExchangeService.getDeviceId(ExchangeService.java:1249)
E/ActivityThread(  753): 	at com.android.exchange.ExchangeService$7.run(ExchangeService.java:1856)
E/ActivityThread(  753): 	at com.android.emailcommon.utility.Utility$2.doInBackground(Utility.java:551)
E/ActivityThread(  753): 	at com.android.emailcommon.utility.Utility$2.doInBackground(Utility.java:549)
E/ActivityThread(  753): 	at android.os.AsyncTask$2.call(AsyncTask.java:287)
E/ActivityThread(  753): 	at java.util.concurrent.FutureTask.run(FutureTask.java:234)
E/ActivityThread(  753): 	at java.util.concurrent.ThreadPoolExecutor.runWorker(ThreadPoolExecutor.java:1080)
E/ActivityThread(  753): 	at java.util.concurrent.ThreadPoolExecutor$Worker.run(ThreadPoolExecutor.java:573)
E/ActivityThread(  753): 	at java.lang.Thread.run(Thread.java:856)
E/StrictMode(  753): null
E/StrictMode(  753): android.app.ServiceConnectionLeaked: Service com.android.exchange.ExchangeService has leaked ServiceConnection com.android.emailcommon.service.ServiceProxy$ProxyConnection@40d262c8 that was originally bound here
E/StrictMode(  753): 	at android.app.LoadedApk$ServiceDispatcher.<init>(LoadedApk.java:969)
E/StrictMode(  753): 	at android.app.LoadedApk.getServiceDispatcher(LoadedApk.java:863)
E/StrictMode(  753): 	at android.app.ContextImpl.bindService(ContextImpl.java:1418)
E/StrictMode(  753): 	at android.app.ContextImpl.bindService(ContextImpl.java:1407)
E/StrictMode(  753): 	at android.content.ContextWrapper.bindService(ContextWrapper.java:473)
E/StrictMode(  753): 	at com.android.emailcommon.service.ServiceProxy.setTask(ServiceProxy.java:157)
E/StrictMode(  753): 	at com.android.emailcommon.service.ServiceProxy.setTask(ServiceProxy.java:145)
E/StrictMode(  753): 	at com.android.emailcommon.service.AccountServiceProxy.getDeviceId(AccountServiceProxy.java:116)
E/StrictMode(  753): 	at com.android.exchange.ExchangeService.getDeviceId(ExchangeService.java:1249)
E/StrictMode(  753): 	at com.android.exchange.ExchangeService$7.run(ExchangeService.java:1856)
E/StrictMode(  753): 	at com.android.emailcommon.utility.Utility$2.doInBackground(Utility.java:551)
E/StrictMode(  753): 	at com.android.emailcommon.utility.Utility$2.doInBackground(Utility.java:549)
E/StrictMode(  753): 	at android.os.AsyncTask$2.call(AsyncTask.java:287)
E/StrictMode(  753): 	at java.util.concurrent.FutureTask.run(FutureTask.java:234)
E/StrictMode(  753): 	at java.util.concurrent.ThreadPoolExecutor.runWorker(ThreadPoolExecutor.java:1080)
E/StrictMode(  753): 	at java.util.concurrent.ThreadPoolExecutor$Worker.run(ThreadPoolExecutor.java:573)
E/StrictMode(  753): 	at java.lang.Thread.run(Thread.java:856)
W/ActivityManager(  289): Unbind failed: could not find connection for android.os.BinderProxy@41127ae0
D/dalvikvm( 1198): GC_CONCURRENT freed 2070K, 15% free 16195K/18900K, paused 11ms+13ms, total 461ms
D/dalvikvm( 1198): WAIT_FOR_CONCURRENT_GC blocked 248ms
I/Choreographer(  442): Skipped 77 frames!  The application may be doing too much work on its main thread.
V/PhoneStatusBar(  442): setLightsOn(true)
I/Choreographer(  442): Skipped 46 frames!  The application may be doing too much work on its main thread.
I/Choreographer(  442): Skipped 70 frames!  The application may be doing too much work on its main thread.
D/dalvikvm(  442): GC_CONCURRENT freed 416K, 66% free 3929K/11532K, paused 6ms+42ms, total 156ms
I/Choreographer(  442): Skipped 56 frames!  The application may be doing too much work on its main thread.
I/Choreographer(  442): Skipped 31 frames!  The application may be doing too much work on its main thread.
I/Choreographer(  442): Skipped 43 frames!  The application may be doing too much work on its main thread.
I/Choreographer(  442): Skipped 30 frames!  The application may be doing too much work on its main thread.
I/Choreographer(  442): Skipped 31 frames!  The application may be doing too much work on its main thread.
I/Choreographer(  442): Skipped 32 frames!  The application may be doing too much work on its main thread.
I/Choreographer(  442): Skipped 30 frames!  The application may be doing too much work on its main thread.
I/Choreographer(  442): Skipped 38 frames!  The application may be doing too much work on its main thread.
I/Choreographer(  442): Skipped 30 frames!  The application may be doing too much work on its main thread.
I/Choreographer(  442): Skipped 47 frames!  The application may be doing too much work on its main thread.
W/InputMethodManagerService(  289): Window already focused, ignoring focus gain of: com.android.internal.view.IInputMethodClient$Stub$Proxy@410f1c78 attribute=android.view.inputmethod.EditorInfo@410f11f8, token = android.os.BinderProxy@411ded68
I/Choreographer(  442): Skipped 58 frames!  The application may be doing too much work on its main thread.
V/PhoneStatusBar(  442): setLightsOn(true)
D/InputEventConsistencyVerifier( 1198): KeyEvent: ACTION_UP but key was not down.
D/InputEventConsistencyVerifier( 1198):   in com.android.internal.policy.impl.PhoneWindow$DecorView{40d06888 V.E..... R.....ID 0,0-320,480}
D/InputEventConsistencyVerifier( 1198):   0: sent at 745247000000, KeyEvent { action=ACTION_UP, keyCode=KEYCODE_DPAD_DOWN, scanCode=108, metaState=0, flags=0x8, repeatCount=0, eventTime=745247, downTime=745168, deviceId=0, source=0x301 }
D/InputEventConsistencyVerifier( 1198):   -- recent events --
D/InputEventConsistencyVerifier( 1198):   1: sent at 744533979000, (unhandled) MotionEvent { action=ACTION_UP, id[0]=0, x[0]=284.0, y[0]=420.0, toolType[0]=TOOL_TYPE_FINGER, buttonState=0, metaState=0, flags=0x0, edgeFlags=0x0, pointerCount=1, historySize=0, eventTime=744533, downTime=744418, deviceId=0, source=0x1002 }
D/InputEventConsistencyVerifier( 1198):   2: sent at 744418665000, (unhandled) MotionEvent { action=ACTION_DOWN, id[0]=0, x[0]=284.0, y[0]=420.0, toolType[0]=TOOL_TYPE_FINGER, buttonState=0, metaState=0, flags=0x0, edgeFlags=0x0, pointerCount=1, historySize=0, eventTime=744418, downTime=744418, deviceId=0, source=0x1002 }
D/InputEventConsistencyVerifier( 1198):   3: sent at 742759106000, (unhandled) MotionEvent { action=ACTION_UP, id[0]=0, x[0]=178.0, y[0]=330.0, toolType[0]=TOOL_TYPE_FINGER, buttonState=0, metaState=0, flags=0x0, edgeFlags=0x0, pointerCount=1, historySize=0, eventTime=742759, downTime=742059, deviceId=0, source=0x1002 }
D/InputEventConsistencyVerifier( 1198):   4: sent at 742759052000, (unhandled) MotionEvent { action=ACTION_MOVE, id[0]=0, x[0]=178.0, y[0]=330.0, toolType[0]=TOOL_TYPE_FINGER, buttonState=0, metaState=0, flags=0x0, edgeFlags=0x0, pointerCount=1, historySize=0, eventTime=742759, downTime=742059, deviceId=0, source=0x1002 }
D/InputEventConsistencyVerifier( 1198):   5: sent at 742743643560, (unhandled) MotionEvent { action=ACTION_MOVE, id[0]=0, x[0]=178.0, y[0]=327.03638, toolType[0]=TOOL_TYPE_FINGER, buttonState=0, metaState=0, flags=0x0, edgeFlags=0x0, pointerCount=1, historySize=1, eventTime=742743, downTime=742059, deviceId=0, source=0x1002 }
W/WindowManager(  289): Failure taking screenshot for (164x246) to layer 21015
D/RUBOTO  ( 1198): onPause: 
I/Choreographer(  577): Skipped 64 frames!  The application may be doing too much work on its main thread.
E/SurfaceFlinger(   37): ro.sf.lcd_density must be defined as a build property
W/InputMethodManagerService(  289): Starting input on non-focused client com.android.internal.view.IInputMethodClient$Stub$Proxy@411eadd0 (uid=10047 pid=1198)
I/Choreographer(  577): Skipped 1343 frames!  The application may be doing too much work on its main thread.
D/dalvikvm(  577): GC_FOR_ALLOC freed 4194K, 51% free 5221K/10592K, paused 260ms, total 281ms
I/InputDispatcher(  289): Window 'Window{41048ca8 u0 com.android.launcher/com.android.launcher2.Launcher}' spent 2680.6ms processing the last input event: KeyEvent(action=0, deviceId=0, source=0x00000301)
I/Choreographer(  577): Skipped 505 frames!  The application may be doing too much work on its main thread.
D/dalvikvm(  577): GC_CONCURRENT freed 298K, 46% free 5799K/10592K, paused 92ms+52ms, total 475ms
D/dalvikvm(  577): WAIT_FOR_CONCURRENT_GC blocked 160ms
E/SurfaceFlinger(   37): ro.sf.lcd_density must be defined as a build property
I/Choreographer(  577): Skipped 102 frames!  The application may be doing too much work on its main thread.
D/dalvikvm(  577): GC_CONCURRENT freed 575K, 40% free 6369K/10592K, paused 32ms+14ms, total 466ms
D/dalvikvm(  577): WAIT_FOR_CONCURRENT_GC blocked 62ms
D/dalvikvm(  577): WAIT_FOR_CONCURRENT_GC blocked 391ms
D/dalvikvm(  577): WAIT_FOR_CONCURRENT_GC blocked 375ms
D/dalvikvm(  577): WAIT_FOR_CONCURRENT_GC blocked 375ms
D/dalvikvm(  577): WAIT_FOR_CONCURRENT_GC blocked 93ms
D/dalvikvm(  577): WAIT_FOR_CONCURRENT_GC blocked 108ms
I/Choreographer(  577): Skipped 252 frames!  The application may be doing too much work on its main thread.
I/Choreographer(  289): Skipped 35 frames!  The application may be doing too much work on its main thread.
W/InputMethodManagerService(  289): Window already focused, ignoring focus gain of: com.android.internal.view.IInputMethodClient$Stub$Proxy@40e99780 attribute=null, token = android.os.BinderProxy@40f3de40
D/dalvikvm(  577): GC_CONCURRENT freed 699K, 34% free 6991K/10592K, paused 30ms+15ms, total 172ms
D/dalvikvm(  577): WAIT_FOR_CONCURRENT_GC blocked 149ms
I/Choreographer(  577): Skipped 32 frames!  The application may be doing too much work on its main thread.
I/Choreographer(  577): Skipped 96 frames!  The application may be doing too much work on its main thread.
I/Choreographer(  577): Skipped 50 frames!  The application may be doing too much work on its main thread.
D/RUBOTO  ( 1198): onDestroy: 
D/dalvikvm(  577): GC_CONCURRENT freed 2289K, 42% free 6225K/10592K, paused 9ms+26ms, total 162ms
D/dalvikvm(  577): WAIT_FOR_CONCURRENT_GC blocked 153ms
I/ActivityManager(  289): START u0 {act=android.intent.action.MAIN cat=[android.intent.category.LAUNCHER] flg=0x10200000 cmp=org.ruboto.example.quick_start/.QuickStartActivity} from pid 577
W/WindowManager(  289): Failure taking screenshot for (164x246) to layer 21010
I/Choreographer(  577): Skipped 41 frames!  The application may be doing too much work on its main thread.
E/SurfaceFlinger(   37): ro.sf.lcd_density must be defined as a build property
D/RUBOTO  ( 1044): EntryPointActivity onCreate:
I/ActivityManager(  289): START u0 {cmp=org.ruboto.example.quick_start/org.ruboto.SplashActivity (has extras)} from pid 1044
I/System.out( 1044): RubotoActivity onCreate(): org.ruboto.example.quick_start.QuickStartActivity, finishing: true
I/RUBOTO  ( 1044): Method called before JRuby runtime was initialized: RubotoActivity#onApplyThemeResource
I/RUBOTO  ( 1044): Method called before JRuby runtime was initialized: RubotoActivity#onUserInteraction
I/RUBOTO  ( 1044): Method called before JRuby runtime was initialized: RubotoActivity#onUserLeaveHint
I/Choreographer(  289): Skipped 56 frames!  The application may be doing too much work on its main thread.
I/Choreographer(  577): Skipped 74 frames!  The application may be doing too much work on its main thread.
D/RUBOTO  ( 1044): SplashActivity onCreate:
I/RUBOTO  ( 1044): Showing progress
D/dalvikvm( 1044): GC_CONCURRENT freed 133K, 9% free 3097K/3376K, paused 10ms+24ms, total 203ms
V/PhoneStatusBar(  442): setLightsOn(true)
D/RUBOTO  ( 1044): onResume: 
D/RUBOTO  ( 1044): Setting up JRuby runtime (DEBUG)
I/System.out( 1044): Found JRuby in platform APK
I/RUBOTO  ( 1044): RUBOTO_CORE_VERSION_NAME: 0.5.6
I/RUBOTO  ( 1044): Setting JRUBY_HOME: file:/data/app/org.ruboto.core-1.apk!/jruby.home
I/Choreographer( 1044): Skipped 65 frames!  The application may be doing too much work on its main thread.
E/SurfaceFlinger(   37): ro.sf.lcd_density must be defined as a build property
E/SurfaceFlinger(   37): ro.sf.lcd_density must be defined as a build property
I/Choreographer( 1044): Skipped 113 frames!  The application may be doing too much work on its main thread.
I/ActivityManager(  289): Displayed org.ruboto.example.quick_start/org.ruboto.SplashActivity: +989ms (total +1s206ms)
I/Choreographer(  289): Skipped 33 frames!  The application may be doing too much work on its main thread.
I/RUBOTO  ( 1044): Method called before JRuby runtime was initialized: RubotoActivity#onDestroy
I/Choreographer(  289): Skipped 37 frames!  The application may be doing too much work on its main thread.
I/Choreographer( 1044): Skipped 37 frames!  The application may be doing too much work on its main thread.
E/dalvikvm( 1044): Could not find class 'org.jruby.compiler.impl.BaseBodyCompiler', referenced from method org.jruby.runtime.opto.OptoFactory.<clinit>
W/dalvikvm( 1044): VFY: unable to resolve const-class 4594 (Lorg/jruby/compiler/impl/BaseBodyCompiler;) in Lorg/jruby/runtime/opto/OptoFactory;
D/dalvikvm( 1044): VFY: replacing opcode 0x1c at 0x0010
W/dalvikvm( 1044): VFY: unable to find class referenced in signature (Lorg/jruby/compiler/impl/BaseBodyCompiler;)
W/dalvikvm( 1044): VFY: unable to find class referenced in signature (Lorg/jruby/compiler/impl/BaseBodyCompiler;)
I/dalvikvm( 1044): Could not find method java.lang.management.ManagementFactory.getPlatformMBeanServer, referenced from method org.jruby.management.BeanManagerImpl.register
W/dalvikvm( 1044): VFY: unable to resolve static method 6256: Ljava/lang/management/ManagementFactory;.getPlatformMBeanServer ()Ljavax/management/MBeanServer;
D/dalvikvm( 1044): VFY: replacing opcode 0x71 at 0x0000
W/dalvikvm( 1044): VFY: unable to resolve exception class 1073 (Ljavax/management/InstanceAlreadyExistsException;)
W/dalvikvm( 1044): VFY: unable to find exception handler at addr 0xd
W/dalvikvm( 1044): VFY:  rejected Lorg/jruby/management/BeanManagerImpl;.register (Ljava/lang/String;Ljava/lang/Object;)V
W/dalvikvm( 1044): VFY:  rejecting opcode 0x0d at 0x000d
W/dalvikvm( 1044): VFY:  rejected Lorg/jruby/management/BeanManagerImpl;.register (Ljava/lang/String;Ljava/lang/Object;)V
W/dalvikvm( 1044): Verifier rejected class Lorg/jruby/management/BeanManagerImpl;
I/Choreographer(  577): Skipped 166 frames!  The application may be doing too much work on its main thread.
D/dalvikvm( 1044): GC_CONCURRENT freed 480K, 17% free 3067K/3692K, paused 20ms+24ms, total 135ms
E/dalvikvm( 1044): Could not find class 'jnr.posix.FreeBSDPOSIX', referenced from method jnr.posix.POSIXFactory.loadFreeBSDPOSIX
W/dalvikvm( 1044): VFY: unable to resolve new-instance 1454 (Ljnr/posix/FreeBSDPOSIX;) in Ljnr/posix/POSIXFactory;
D/dalvikvm( 1044): VFY: replacing opcode 0x22 at 0x0000
E/dalvikvm( 1044): Could not find class 'jnr.posix.MacOSPOSIX', referenced from method jnr.posix.POSIXFactory.loadMacOSPOSIX
W/dalvikvm( 1044): VFY: unable to resolve new-instance 1485 (Ljnr/posix/MacOSPOSIX;) in Ljnr/posix/POSIXFactory;
D/dalvikvm( 1044): VFY: replacing opcode 0x22 at 0x0000
E/dalvikvm( 1044): Could not find class 'jnr.posix.OpenBSDPOSIX', referenced from method jnr.posix.POSIXFactory.loadOpenBSDPOSIX
W/dalvikvm( 1044): VFY: unable to resolve new-instance 1491 (Ljnr/posix/OpenBSDPOSIX;) in Ljnr/posix/POSIXFactory;
D/dalvikvm( 1044): VFY: replacing opcode 0x22 at 0x0000
E/dalvikvm( 1044): Could not find class 'jnr.posix.SolarisPOSIX', referenced from method jnr.posix.POSIXFactory.loadSolarisPOSIX
W/dalvikvm( 1044): VFY: unable to resolve new-instance 1506 (Ljnr/posix/SolarisPOSIX;) in Ljnr/posix/POSIXFactory;
D/dalvikvm( 1044): VFY: replacing opcode 0x22 at 0x0000
E/dalvikvm( 1044): Could not find class 'jnr.posix.WindowsPOSIX', referenced from method jnr.posix.POSIXFactory.loadWindowsPOSIX
W/dalvikvm( 1044): VFY: unable to resolve new-instance 1517 (Ljnr/posix/WindowsPOSIX;) in Ljnr/posix/POSIXFactory;
D/dalvikvm( 1044): VFY: replacing opcode 0x22 at 0x0000
D/dalvikvm( 1044): DexOpt: unable to opt direct call 0x23cc at 0x0a in Ljnr/posix/POSIXFactory;.loadFreeBSDPOSIX
D/dalvikvm( 1044): DexOpt: unable to opt direct call 0x258b at 0x0a in Ljnr/posix/POSIXFactory;.loadMacOSPOSIX
D/dalvikvm( 1044): DexOpt: unable to opt direct call 0x2599 at 0x0a in Ljnr/posix/POSIXFactory;.loadOpenBSDPOSIX
D/dalvikvm( 1044): DexOpt: unable to opt direct call 0x25ec at 0x07 in Ljnr/posix/POSIXFactory;.loadSolarisPOSIX
D/dalvikvm( 1044): DexOpt: unable to opt direct call 0x261b at 0x0a in Ljnr/posix/POSIXFactory;.loadSolarisPOSIX
D/dalvikvm( 1044): DexOpt: unable to opt direct call 0x25ed at 0x07 in Ljnr/posix/POSIXFactory;.loadWindowsPOSIX
D/dalvikvm( 1044): DexOpt: unable to opt direct call 0x2642 at 0x0a in Ljnr/posix/POSIXFactory;.loadWindowsPOSIX
W/dalvikvm( 1044): VFY: unable to resolve static field 5065 (PASSWD) in Ljnr/posix/MacOSPOSIX;
D/dalvikvm( 1044): VFY: replacing opcode 0x62 at 0x000d
W/dalvikvm( 1044): VFY: unable to resolve static field 5087 (PASSWD) in Ljnr/posix/SolarisPOSIX;
D/dalvikvm( 1044): VFY: replacing opcode 0x62 at 0x001b
W/dalvikvm( 1044): VFY: unable to resolve static field 4964 (PASSWD) in Ljnr/posix/FreeBSDPOSIX;
D/dalvikvm( 1044): VFY: replacing opcode 0x62 at 0x0022
W/dalvikvm( 1044): VFY: unable to resolve static field 5076 (PASSWD) in Ljnr/posix/OpenBSDPOSIX;
D/dalvikvm( 1044): VFY: replacing opcode 0x62 at 0x0029
W/dalvikvm( 1044): VFY: unable to resolve static field 5100 (PASSWD) in Ljnr/posix/WindowsPOSIX;
D/dalvikvm( 1044): VFY: replacing opcode 0x62 at 0x0030
I/dalvikvm( 1044): Could not find method sun.misc.Unsafe.fullFence, referenced from method org.jruby.util.unsafe.UnsafeHolder.fullFence
W/dalvikvm( 1044): VFY: unable to resolve virtual method 53799: Lsun/misc/Unsafe;.fullFence ()V
D/dalvikvm( 1044): VFY: replacing opcode 0x6e at 0x0002
I/dalvikvm( 1044): Could not find method sun.misc.Unsafe.loadFence, referenced from method org.jruby.util.unsafe.UnsafeHolder.loadFence
W/dalvikvm( 1044): VFY: unable to resolve virtual method 53802: Lsun/misc/Unsafe;.loadFence ()V
D/dalvikvm( 1044): VFY: replacing opcode 0x6e at 0x0002
I/dalvikvm( 1044): Could not find method sun.misc.Unsafe.storeFence, referenced from method org.jruby.util.unsafe.UnsafeHolder.storeFence
W/dalvikvm( 1044): VFY: unable to resolve virtual method 53806: Lsun/misc/Unsafe;.storeFence ()V
D/dalvikvm( 1044): VFY: replacing opcode 0x6e at 0x0002
D/dalvikvm( 1044): GC_CONCURRENT freed 393K, 15% free 3167K/3704K, paused 12ms+25ms, total 143ms
D/dalvikvm( 1044): GC_CONCURRENT freed 378K, 14% free 3286K/3808K, paused 19ms+18ms, total 134ms
D/dalvikvm( 1044): GC_CONCURRENT freed 165K, 8% free 3632K/3940K, paused 20ms+13ms, total 151ms
D/dalvikvm( 1044): WAIT_FOR_CONCURRENT_GC blocked 5ms
D/dalvikvm( 1044): GC_CONCURRENT freed 136K, 7% free 3978K/4272K, paused 9ms+54ms, total 180ms
D/dalvikvm( 1044): GC_CONCURRENT freed 158K, 7% free 4337K/4660K, paused 13ms+8ms, total 164ms
D/dalvikvm( 1044): WAIT_FOR_CONCURRENT_GC blocked 46ms
D/dalvikvm( 1044): GC_CONCURRENT freed 306K, 10% free 4635K/5124K, paused 7ms+4ms, total 121ms
D/dalvikvm( 1044): WAIT_FOR_CONCURRENT_GC blocked 34ms
D/dalvikvm( 1044): GC_FOR_ALLOC freed 232K, 12% free 4783K/5380K, paused 55ms, total 55ms
D/dalvikvm( 1044): GC_FOR_ALLOC freed 373K, 12% free 4867K/5508K, paused 54ms, total 54ms
D/dalvikvm( 1044): GC_FOR_ALLOC freed 433K, 13% free 5012K/5720K, paused 51ms, total 77ms
D/dalvikvm( 1044): GC_CONCURRENT freed 493K, 11% free 5377K/6020K, paused 16ms+26ms, total 192ms
D/dalvikvm( 1044): GC_CONCURRENT freed 213K, 6% free 6169K/6524K, paused 6ms+20ms, total 197ms
D/dalvikvm( 1044): WAIT_FOR_CONCURRENT_GC blocked 8ms
D/dalvikvm( 1044): GC_CONCURRENT freed 690K, 11% free 6748K/7580K, paused 9ms+16ms, total 226ms
D/dalvikvm( 1044): WAIT_FOR_CONCURRENT_GC blocked 9ms
E/ThrottleService(  289): problem during onPollAlarm: java.lang.IllegalStateException: problem parsing stats: java.io.FileNotFoundException: /proc/net/xt_qtaguid/iface_stat_all: open failed: ENOENT (No such file or directory)
D/dalvikvm( 1044): GC_CONCURRENT freed 906K, 13% free 7304K/8352K, paused 9ms+22ms, total 317ms
D/dalvikvm( 1044): WAIT_FOR_CONCURRENT_GC blocked 41ms
D/dalvikvm( 1044): GC_CONCURRENT freed 1134K, 15% free 7808K/9096K, paused 8ms+7ms, total 263ms
D/dalvikvm( 1044): WAIT_FOR_CONCURRENT_GC blocked 50ms
I/dalvikvm( 1044): Could not find method java.lang.management.ManagementFactory.getGarbageCollectorMXBeans, referenced from method org.jruby.RubyGC.count
W/dalvikvm( 1044): VFY: unable to resolve static method 6255: Ljava/lang/management/ManagementFactory;.getGarbageCollectorMXBeans ()Ljava/util/List;
D/dalvikvm( 1044): VFY: replacing opcode 0x71 at 0x0001
W/dalvikvm( 1044): VFY: unable to find class referenced in signature (Lsun/misc/SignalHandler;)
E/dalvikvm( 1044): Could not find class 'sun.misc.Signal', referenced from method org.jruby.util.SunSignalFacade.trap
W/dalvikvm( 1044): VFY: unable to resolve new-instance 9082 (Lsun/misc/Signal;) in Lorg/jruby/util/SunSignalFacade;
D/dalvikvm( 1044): VFY: replacing opcode 0x22 at 0x0000
I/dalvikvm( 1044): Failed resolving Lorg/jruby/util/SunSignalFacade$JRubySignalHandler; interface 9083 'Lsun/misc/SignalHandler;'
W/dalvikvm( 1044): Link of class 'Lorg/jruby/util/SunSignalFacade$JRubySignalHandler;' failed
I/dalvikvm( 1044): Failed resolving Lorg/jruby/util/SunSignalFacade$JRubySignalHandler; interface 9083 'Lsun/misc/SignalHandler;'
W/dalvikvm( 1044): Link of class 'Lorg/jruby/util/SunSignalFacade$JRubySignalHandler;' failed
I/dalvikvm( 1044): Could not find method org.jruby.util.SunSignalFacade$JRubySignalHandler.access$000, referenced from method org.jruby.util.SunSignalFacade.trap
W/dalvikvm( 1044): VFY: unable to resolve static method 51662: Lorg/jruby/util/SunSignalFacade$JRubySignalHandler;.access$000 (Lorg/jruby/util/SunSignalFacade$JRubySignalHandler;)Ljava/lang/String;
D/dalvikvm( 1044): VFY: replacing opcode 0x71 at 0x0000
W/dalvikvm( 1044): VFY: unable to resolve static field 16802 (SIG_IGN) in Lsun/misc/SignalHandler;
D/dalvikvm( 1044): VFY: replacing opcode 0x62 at 0x0008
W/dalvikvm( 1044): VFY: unable to resolve static field 16801 (SIG_DFL) in Lsun/misc/SignalHandler;
D/dalvikvm( 1044): VFY: replacing opcode 0x62 at 0x0008
E/dalvikvm( 1044): Could not find class 'sun.misc.Signal', referenced from method org.jruby.util.SunSignalFacade.restorePlatformDefault
W/dalvikvm( 1044): VFY: unable to resolve new-instance 9082 (Lsun/misc/Signal;) in Lorg/jruby/util/SunSignalFacade;
D/dalvikvm( 1044): VFY: replacing opcode 0x22 at 0x0005
I/dalvikvm( 1044): Failed resolving Lorg/jruby/util/SunSignalFacade$JRubySignalHandler; interface 9083 'Lsun/misc/SignalHandler;'
W/dalvikvm( 1044): Link of class 'Lorg/jruby/util/SunSignalFacade$JRubySignalHandler;' failed
E/dalvikvm( 1044): Could not find class 'org.jruby.util.SunSignalFacade$JRubySignalHandler', referenced from method org.jruby.util.SunSignalFacade.trap
W/dalvikvm( 1044): VFY: unable to resolve new-instance 8743 (Lorg/jruby/util/SunSignalFacade$JRubySignalHandler;) in Lorg/jruby/util/SunSignalFacade;
D/dalvikvm( 1044): VFY: replacing opcode 0x22 at 0x0000
I/dalvikvm( 1044): Failed resolving Lorg/jruby/util/SunSignalFacade$JRubySignalHandler; interface 9083 'Lsun/misc/SignalHandler;'
W/dalvikvm( 1044): Link of class 'Lorg/jruby/util/SunSignalFacade$JRubySignalHandler;' failed
E/dalvikvm( 1044): Could not find class 'org.jruby.util.SunSignalFacade$JRubySignalHandler', referenced from method org.jruby.util.SunSignalFacade.trap
W/dalvikvm( 1044): VFY: unable to resolve new-instance 8743 (Lorg/jruby/util/SunSignalFacade$JRubySignalHandler;) in Lorg/jruby/util/SunSignalFacade;
D/dalvikvm( 1044): VFY: replacing opcode 0x22 at 0x0004
D/dalvikvm( 1044): DexOpt: unable to opt direct call 0xd221 at 0x02 in Lorg/jruby/util/SunSignalFacade;.trap
D/dalvikvm( 1044): DexOpt: unable to opt direct call 0xd221 at 0x0b in Lorg/jruby/util/SunSignalFacade;.restorePlatformDefault
I/dalvikvm( 1044): Failed resolving Lorg/jruby/util/SunSignalFacade$JRubySignalHandler; interface 9083 'Lsun/misc/SignalHandler;'
W/dalvikvm( 1044): Link of class 'Lorg/jruby/util/SunSignalFacade$JRubySignalHandler;' failed
D/dalvikvm( 1044): DexOpt: unable to opt direct call 0xc9cb at 0x02 in Lorg/jruby/util/SunSignalFacade;.trap
I/dalvikvm( 1044): Failed resolving Lorg/jruby/util/SunSignalFacade$JRubySignalHandler; interface 9083 'Lsun/misc/SignalHandler;'
W/dalvikvm( 1044): Link of class 'Lorg/jruby/util/SunSignalFacade$JRubySignalHandler;' failed
D/dalvikvm( 1044): DexOpt: unable to opt direct call 0xc9cc at 0x0e in Lorg/jruby/util/SunSignalFacade;.trap
D/dalvikvm( 1044): GC_CONCURRENT freed 1231K, 15% free 8394K/9768K, paused 8ms+12ms, total 384ms
D/dalvikvm( 1044): WAIT_FOR_CONCURRENT_GC blocked 28ms
I/dalvikvm( 1044): Could not find method sun.misc.Unsafe.getLong, referenced from method org.jruby.util.StringSupport.utf8Length
W/dalvikvm( 1044): VFY: unable to resolve virtual method 53800: Lsun/misc/Unsafe;.getLong (Ljava/lang/Object;I)J
D/dalvikvm( 1044): VFY: replacing opcode 0x6e at 0x002c
I/dalvikvm( 1044): Could not find method sun.misc.Unsafe.getLong, referenced from method org.jruby.util.StringSupport.utf8Nth
W/dalvikvm( 1044): VFY: unable to resolve virtual method 53800: Lsun/misc/Unsafe;.getLong (Ljava/lang/Object;I)J
D/dalvikvm( 1044): VFY: replacing opcode 0x6e at 0x0027
D/ExchangeService(  753): Received deviceId from Email app: null
D/ExchangeService(  753): !!! deviceId unknown; stopping self and retrying
D/dalvikvm( 1044): GC_CONCURRENT freed 1077K, 12% free 9328K/10548K, paused 10ms+12ms, total 317ms
D/dalvikvm( 1044): WAIT_FOR_CONCURRENT_GC blocked 110ms
D/dalvikvm( 1044): GC_CONCURRENT freed 1541K, 15% free 9826K/11520K, paused 10ms+9ms, total 282ms
D/dalvikvm( 1044): WAIT_FOR_CONCURRENT_GC blocked 163ms
D/ExchangeService(  753): !!! EAS ExchangeService, onCreate
D/ExchangeService(  753): !!! EAS ExchangeService, onStartCommand, startingUp = false, running = false
W/ActivityManager(  289): Unable to start service Intent { act=com.android.email.ACCOUNT_INTENT } U=0: not found
D/ExchangeService(  753): !!! Email application not found; stopping self
W/ActivityManager(  289): Unable to start service Intent { act=com.android.email.ACCOUNT_INTENT } U=0: not found
D/ExchangeService(  753): !!! EAS ExchangeService, onStartCommand, startingUp = true, running = false
E/ActivityThread(  753): Service com.android.exchange.ExchangeService has leaked ServiceConnection com.android.emailcommon.service.ServiceProxy$ProxyConnection@40d49670 that was originally bound here
E/ActivityThread(  753): android.app.ServiceConnectionLeaked: Service com.android.exchange.ExchangeService has leaked ServiceConnection com.android.emailcommon.service.ServiceProxy$ProxyConnection@40d49670 that was originally bound here
E/ActivityThread(  753): 	at android.app.LoadedApk$ServiceDispatcher.<init>(LoadedApk.java:969)
E/ActivityThread(  753): 	at android.app.LoadedApk.getServiceDispatcher(LoadedApk.java:863)
E/ActivityThread(  753): 	at android.app.ContextImpl.bindService(ContextImpl.java:1418)
E/ActivityThread(  753): 	at android.app.ContextImpl.bindService(ContextImpl.java:1407)
E/ActivityThread(  753): 	at android.content.ContextWrapper.bindService(ContextWrapper.java:473)
E/ActivityThread(  753): 	at com.android.emailcommon.service.ServiceProxy.setTask(ServiceProxy.java:157)
E/ActivityThread(  753): 	at com.android.emailcommon.service.ServiceProxy.setTask(ServiceProxy.java:145)
E/ActivityThread(  753): 	at com.android.emailcommon.service.ServiceProxy.test(ServiceProxy.java:191)
E/ActivityThread(  753): 	at com.android.exchange.ExchangeService$7.run(ExchangeService.java:1850)
E/ActivityThread(  753): 	at com.android.emailcommon.utility.Utility$2.doInBackground(Utility.java:551)
E/ActivityThread(  753): 	at com.android.emailcommon.utility.Utility$2.doInBackground(Utility.java:549)
E/ActivityThread(  753): 	at android.os.AsyncTask$2.call(AsyncTask.java:287)
E/ActivityThread(  753): 	at java.util.concurrent.FutureTask.run(FutureTask.java:234)
E/ActivityThread(  753): 	at java.util.concurrent.ThreadPoolExecutor.runWorker(ThreadPoolExecutor.java:1080)
E/ActivityThread(  753): 	at java.util.concurrent.ThreadPoolExecutor$Worker.run(ThreadPoolExecutor.java:573)
E/ActivityThread(  753): 	at java.lang.Thread.run(Thread.java:856)
D/dalvikvm( 1044): GC_CONCURRENT freed 1724K, 16% free 10149K/12016K, paused 24ms+38ms, total 453ms
D/dalvikvm( 1044): WAIT_FOR_CONCURRENT_GC blocked 120ms
E/StrictMode(  753): null
E/StrictMode(  753): android.app.ServiceConnectionLeaked: Service com.android.exchange.ExchangeService has leaked ServiceConnection com.android.emailcommon.service.ServiceProxy$ProxyConnection@40d49670 that was originally bound here
E/StrictMode(  753): 	at android.app.LoadedApk$ServiceDispatcher.<init>(LoadedApk.java:969)
E/StrictMode(  753): 	at android.app.LoadedApk.getServiceDispatcher(LoadedApk.java:863)
E/StrictMode(  753): 	at android.app.ContextImpl.bindService(ContextImpl.java:1418)
E/StrictMode(  753): 	at android.app.ContextImpl.bindService(ContextImpl.java:1407)
E/StrictMode(  753): 	at android.content.ContextWrapper.bindService(ContextWrapper.java:473)
E/StrictMode(  753): 	at com.android.emailcommon.service.ServiceProxy.setTask(ServiceProxy.java:157)
E/StrictMode(  753): 	at com.android.emailcommon.service.ServiceProxy.setTask(ServiceProxy.java:145)
E/StrictMode(  753): 	at com.android.emailcommon.service.ServiceProxy.test(ServiceProxy.java:191)
E/StrictMode(  753): 	at com.android.exchange.ExchangeService$7.run(ExchangeService.java:1850)
E/StrictMode(  753): 	at com.android.emailcommon.utility.Utility$2.doInBackground(Utility.java:551)
E/StrictMode(  753): 	at com.android.emailcommon.utility.Utility$2.doInBackground(Utility.java:549)
E/StrictMode(  753): 	at android.os.AsyncTask$2.call(AsyncTask.java:287)
E/StrictMode(  753): 	at java.util.concurrent.FutureTask.run(FutureTask.java:234)
E/StrictMode(  753): 	at java.util.concurrent.ThreadPoolExecutor.runWorker(ThreadPoolExecutor.java:1080)
E/StrictMode(  753): 	at java.util.concurrent.ThreadPoolExecutor$Worker.run(ThreadPoolExecutor.java:573)
E/StrictMode(  753): 	at java.lang.Thread.run(Thread.java:856)
W/ActivityManager(  289): Unbind failed: could not find connection for android.os.BinderProxy@40e11640
E/ActivityThread(  753): Service com.android.exchange.ExchangeService has leaked ServiceConnection com.android.emailcommon.service.ServiceProxy$ProxyConnection@40d49a18 that was originally bound here
E/ActivityThread(  753): android.app.ServiceConnectionLeaked: Service com.android.exchange.ExchangeService has leaked ServiceConnection com.android.emailcommon.service.ServiceProxy$ProxyConnection@40d49a18 that was originally bound here
E/ActivityThread(  753): 	at android.app.LoadedApk$ServiceDispatcher.<init>(LoadedApk.java:969)
E/ActivityThread(  753): 	at android.app.LoadedApk.getServiceDispatcher(LoadedApk.java:863)
E/ActivityThread(  753): 	at android.app.ContextImpl.bindService(ContextImpl.java:1418)
E/ActivityThread(  753): 	at android.app.ContextImpl.bindService(ContextImpl.java:1407)
E/ActivityThread(  753): 	at android.content.ContextWrapper.bindService(ContextWrapper.java:473)
E/ActivityThread(  753): 	at com.android.emailcommon.service.ServiceProxy.setTask(ServiceProxy.java:157)
E/ActivityThread(  753): 	at com.android.emailcommon.service.ServiceProxy.setTask(ServiceProxy.java:145)
E/ActivityThread(  753): 	at com.android.emailcommon.service.AccountServiceProxy.getDeviceId(AccountServiceProxy.java:116)
E/ActivityThread(  753): 	at com.android.exchange.ExchangeService.getDeviceId(ExchangeService.java:1249)
E/ActivityThread(  753): 	at com.android.exchange.ExchangeService$7.run(ExchangeService.java:1856)
E/ActivityThread(  753): 	at com.android.emailcommon.utility.Utility$2.doInBackground(Utility.java:551)
E/ActivityThread(  753): 	at com.android.emailcommon.utility.Utility$2.doInBackground(Utility.java:549)
E/ActivityThread(  753): 	at android.os.AsyncTask$2.call(AsyncTask.java:287)
E/ActivityThread(  753): 	at java.util.concurrent.FutureTask.run(FutureTask.java:234)
E/ActivityThread(  753): 	at java.util.concurrent.ThreadPoolExecutor.runWorker(ThreadPoolExecutor.java:1080)
E/ActivityThread(  753): 	at java.util.concurrent.ThreadPoolExecutor$Worker.run(ThreadPoolExecutor.java:573)
E/ActivityThread(  753): 	at java.lang.Thread.run(Thread.java:856)
E/StrictMode(  753): null
E/StrictMode(  753): android.app.ServiceConnectionLeaked: Service com.android.exchange.ExchangeService has leaked ServiceConnection com.android.emailcommon.service.ServiceProxy$ProxyConnection@40d49a18 that was originally bound here
E/StrictMode(  753): 	at android.app.LoadedApk$ServiceDispatcher.<init>(LoadedApk.java:969)
E/StrictMode(  753): 	at android.app.LoadedApk.getServiceDispatcher(LoadedApk.java:863)
E/StrictMode(  753): 	at android.app.ContextImpl.bindService(ContextImpl.java:1418)
E/StrictMode(  753): 	at android.app.ContextImpl.bindService(ContextImpl.java:1407)
E/StrictMode(  753): 	at android.content.ContextWrapper.bindService(ContextWrapper.java:473)
E/StrictMode(  753): 	at com.android.emailcommon.service.ServiceProxy.setTask(ServiceProxy.java:157)
E/StrictMode(  753): 	at com.android.emailcommon.service.ServiceProxy.setTask(ServiceProxy.java:145)
E/StrictMode(  753): 	at com.android.emailcommon.service.AccountServiceProxy.getDeviceId(AccountServiceProxy.java:116)
E/StrictMode(  753): 	at com.android.exchange.ExchangeService.getDeviceId(ExchangeService.java:1249)
E/StrictMode(  753): 	at com.android.exchange.ExchangeService$7.run(ExchangeService.java:1856)
E/StrictMode(  753): 	at com.android.emailcommon.utility.Utility$2.doInBackground(Utility.java:551)
E/StrictMode(  753): 	at com.android.emailcommon.utility.Utility$2.doInBackground(Utility.java:549)
E/StrictMode(  753): 	at android.os.AsyncTask$2.call(AsyncTask.java:287)
E/StrictMode(  753): 	at java.util.concurrent.FutureTask.run(FutureTask.java:234)
E/StrictMode(  753): 	at java.util.concurrent.ThreadPoolExecutor.runWorker(ThreadPoolExecutor.java:1080)
E/StrictMode(  753): 	at java.util.concurrent.ThreadPoolExecutor$Worker.run(ThreadPoolExecutor.java:573)
E/StrictMode(  753): 	at java.lang.Thread.run(Thread.java:856)
W/ActivityManager(  289): Unbind failed: could not find connection for android.os.BinderProxy@40e11d60
D/dalvikvm(  753): GC_CONCURRENT freed 511K, 21% free 2466K/3120K, paused 58ms+493ms, total 2414ms
I/dalvikvm( 1044): Jit: resizing JitTable from 4096 to 8192
D/dalvikvm( 1044): GC_CONCURRENT freed 1360K, 13% free 10838K/12340K, paused 9ms+13ms, total 434ms
D/dalvikvm( 1044): WAIT_FOR_CONCURRENT_GC blocked 127ms
W/System.err( 1044): 2014-01-10T18:56:38.607Z: JavaProxyClassFactory: Created proxy class factory: org.ruboto.DalvikProxyClassFactory@416285a8
D/dalvikvm( 1044): GC_CONCURRENT freed 1598K, 14% free 11288K/13028K, paused 11ms+13ms, total 543ms
D/dalvikvm( 1044): WAIT_FOR_CONCURRENT_GC blocked 107ms
D/RUBOTO  ( 1044): Setting JRuby current directory to /data/data/org.ruboto.example.quick_start/files
W/ContextImpl( 1044): Unable to create external files directory
E/RUBOTO  ( 1044): Development mode active, but sdcard is not available.  Make sure you have added
E/RUBOTO  ( 1044): <uses-permission android:name='android.permission.WRITE_EXTERNAL_STORAGE' />
E/RUBOTO  ( 1044): to your AndroidManifest.xml file.
I/RUBOTO  ( 1044): Extra scripts dir not present: /data/data/org.ruboto.example.quick_start/files/scripts
D/RUBOTO  ( 1044): onResume: JRuby OK
I/ActivityManager(  289): START u0 {act=android.intent.action.VIEW cat=[android.intent.category.LAUNCHER] flg=0x10200000 cmp=org.ruboto.example.quick_start/.QuickStartActivity bnds=[6,87][80,169]} from pid 1044
W/WindowManager(  289): Failure taking screenshot for (164x246) to layer 21020
D/RUBOTO  ( 1044): onPause: 
D/RUBOTO  ( 1044): EntryPointActivity onCreate:
I/System.out( 1044): RubotoActivity onCreate(): org.ruboto.example.quick_start.QuickStartActivity, finishing: false
D/RUBOTO  ( 1044): Looking for Ruby class: QuickStartActivity
D/RUBOTO  ( 1044): Found: null
D/RUBOTO  ( 1044): Checking path: scripts/quick_start_activity.rb
D/RUBOTO  ( 1044): Classpath resource: jar:file:/data/app/org.ruboto.example.quick_start-1.apk!/quick_start_activity.rb
D/RUBOTO  ( 1044): Found script.
D/RUBOTO  ( 1044): Checking path: scripts/quick_start_activity.rb
D/RUBOTO  ( 1044): Classpath resource: jar:file:/data/app/org.ruboto.example.quick_start-1.apk!/quick_start_activity.rb
D/RUBOTO  ( 1044): hasBackingJavaClass
D/RUBOTO  ( 1044): Loading script: quick_start_activity.rb
D/RUBOTO  ( 1044): Script contains class definition
D/RUBOTO  ( 1044): Script has separate Java class
D/dalvikvm( 1044): GC_CONCURRENT freed 1364K, 12% free 11973K/13480K, paused 10ms+107ms, total 1311ms
D/dalvikvm( 1044): WAIT_FOR_CONCURRENT_GC blocked 236ms
I/Choreographer(  289): Skipped 67 frames!  The application may be doing too much work on its main thread.
D/dalvikvm( 1044): GC_CONCURRENT freed 980K, 8% free 13042K/14164K, paused 10ms+13ms, total 326ms
D/dalvikvm( 1044): WAIT_FOR_CONCURRENT_GC blocked 178ms
D/RUBOTO  ( 1044): Set class: Java::OrgRubotoExampleQuick_start::QuickStartActivity
D/RUBOTO  ( 1044): Checking path: scripts/quick_start_activity.rb
D/RUBOTO  ( 1044): Classpath resource: jar:file:/data/app/org.ruboto.example.quick_start-1.apk!/quick_start_activity.rb
D/dalvikvm( 1044): GC_CONCURRENT freed 1327K, 10% free 13763K/15232K, paused 10ms+21ms, total 440ms
D/dalvikvm( 1044): WAIT_FOR_CONCURRENT_GC blocked 132ms
W/ActivityManager(  289): Launch timeout has expired, giving up wake lock!
W/ActivityManager(  289): Activity idle timeout for ActivityRecord{40e23aa0 u0 org.ruboto.example.quick_start/.QuickStartActivity}
D/dalvikvm( 1044): GC_CONCURRENT freed 1029K, 8% free 14781K/15952K, paused 11ms+13ms, total 418ms
D/dalvikvm( 1044): WAIT_FOR_CONCURRENT_GC blocked 175ms
D/dalvikvm( 1044): GC_CONCURRENT freed 1246K, 9% free 15584K/16972K, paused 11ms+17ms, total 372ms
D/dalvikvm( 1044): WAIT_FOR_CONCURRENT_GC blocked 266ms
D/dalvikvm( 1044): GC_CONCURRENT freed 1430K, 9% free 16195K/17776K, paused 11ms+19ms, total 378ms
D/dalvikvm( 1044): WAIT_FOR_CONCURRENT_GC blocked 274ms
D/RUBOTO  ( 1044): Script load took 5928ms
D/RUBOTO  ( 1044): EntryPointActivity onCreate:
D/dalvikvm( 1044): GC_CONCURRENT freed 1370K, 9% free 16769K/18384K, paused 12ms+18ms, total 372ms
D/dalvikvm( 1044): WAIT_FOR_CONCURRENT_GC blocked 329ms
D/dalvikvm( 1044): GC_CONCURRENT freed 1963K, 12% free 16732K/18960K, paused 11ms+12ms, total 350ms
D/dalvikvm( 1044): WAIT_FOR_CONCURRENT_GC blocked 329ms
D/RUBOTO  ( 1044): onDestroy: 
E/WindowManager( 1044): Activity org.ruboto.SplashActivity has leaked window com.android.internal.policy.impl.PhoneWindow$DecorView{40d968f8 V.E..... R.....I. 0,0-166,114} that was originally added here
E/WindowManager( 1044): android.view.WindowLeaked: Activity org.ruboto.SplashActivity has leaked window com.android.internal.policy.impl.PhoneWindow$DecorView{40d968f8 V.E..... R.....I. 0,0-166,114} that was originally added here
E/WindowManager( 1044): 	at android.view.ViewRootImpl.<init>(ViewRootImpl.java:354)
E/WindowManager( 1044): 	at android.view.WindowManagerGlobal.addView(WindowManagerGlobal.java:216)
E/WindowManager( 1044): 	at android.view.WindowManagerImpl.addView(WindowManagerImpl.java:69)
E/WindowManager( 1044): 	at android.app.Dialog.show(Dialog.java:281)
E/WindowManager( 1044): 	at android.app.ProgressDialog.show(ProgressDialog.java:116)
E/WindowManager( 1044): 	at android.app.ProgressDialog.show(ProgressDialog.java:104)
E/WindowManager( 1044): 	at org.ruboto.SplashActivity.showProgress(SplashActivity.java:163)
E/WindowManager( 1044): 	at org.ruboto.SplashActivity.initJRuby(SplashActivity.java:74)
E/WindowManager( 1044): 	at org.ruboto.SplashActivity.onCreate(SplashActivity.java:42)
E/WindowManager( 1044): 	at android.app.Activity.performCreate(Activity.java:5104)
E/WindowManager( 1044): 	at android.app.Instrumentation.callActivityOnCreate(Instrumentation.java:1080)
E/WindowManager( 1044): 	at android.app.ActivityThread.performLaunchActivity(ActivityThread.java:2144)
