D/dalvikvm( 1358): DexOpt: unable to opt direct call 0xc9cb at 0x02 in Lorg/jruby/util/SunSignalFacade;.trap
I/dalvikvm( 1358): Failed resolving Lorg/jruby/util/SunSignalFacade$JRubySignalHandler; interface 9083 'Lsun/misc/SignalHandler;'
W/dalvikvm( 1358): Link of class 'Lorg/jruby/util/SunSignalFacade$JRubySignalHandler;' failed
D/dalvikvm( 1358): DexOpt: unable to opt direct call 0xc9cc at 0x0e in Lorg/jruby/util/SunSignalFacade;.trap
D/dalvikvm( 1358): GC_CONCURRENT freed 1216K, 14% free 8393K/9756K, paused 24ms+23ms, total 424ms
D/dalvikvm( 1358): WAIT_FOR_CONCURRENT_GC blocked 14ms
I/dalvikvm( 1358): Could not find method sun.misc.Unsafe.getLong, referenced from method org.jruby.util.StringSupport.utf8Length
W/dalvikvm( 1358): VFY: unable to resolve virtual method 53800: Lsun/misc/Unsafe;.getLong (Ljava/lang/Object;I)J
D/dalvikvm( 1358): VFY: replacing opcode 0x6e at 0x002c
I/dalvikvm( 1358): Could not find method sun.misc.Unsafe.getLong, referenced from method org.jruby.util.StringSupport.utf8Nth
W/dalvikvm( 1358): VFY: unable to resolve virtual method 53800: Lsun/misc/Unsafe;.getLong (Ljava/lang/Object;I)J
D/dalvikvm( 1358): VFY: replacing opcode 0x6e at 0x0027
D/dalvikvm( 1358): GC_CONCURRENT freed 1078K, 12% free 9318K/10544K, paused 8ms+12ms, total 314ms
D/dalvikvm( 1358): WAIT_FOR_CONCURRENT_GC blocked 161ms
D/dalvikvm( 1358): GC_CONCURRENT freed 1541K, 15% free 9812K/11508K, paused 9ms+9ms, total 255ms
D/dalvikvm( 1358): WAIT_FOR_CONCURRENT_GC blocked 151ms
D/ExchangeService(  753): !!! EAS ExchangeService, onCreate
D/ExchangeService(  753): !!! EAS ExchangeService, onStartCommand, startingUp = false, running = false
W/ActivityManager(  289): Unable to start service Intent { act=com.android.email.ACCOUNT_INTENT } U=0: not found
D/ExchangeService(  753): !!! Email application not found; stopping self
W/ActivityManager(  289): Unable to start service Intent { act=com.android.email.ACCOUNT_INTENT } U=0: not found
D/ExchangeService(  753): !!! EAS ExchangeService, onStartCommand, startingUp = true, running = false
E/ActivityThread(  753): Service com.android.exchange.ExchangeService has leaked ServiceConnection com.android.emailcommon.service.ServiceProxy$ProxyConnection@40d64de0 that was originally bound here
E/ActivityThread(  753): android.app.ServiceConnectionLeaked: Service com.android.exchange.ExchangeService has leaked ServiceConnection com.android.emailcommon.service.ServiceProxy$ProxyConnection@40d64de0 that was originally bound here
E/ActivityThread(  753): 	at android.app.LoadedApk$ServiceDispatcher.<init>(LoadedApk.java:969)
E/ActivityThread(  753): 	at android.app.LoadedApk.getServiceDispatcher(LoadedApk.java:863)
E/ActivityThread(  753): 	at android.app.ContextImpl.bindService(ContextImpl.java:1418)
E/ActivityThread(  753): 	at android.app.ContextImpl.bindService(ContextImpl.java:1407)
E/ActivityThread(  753): 	at android.content.ContextWrapper.bindService(ContextWrapper.java:473)
E/ActivityThread(  753): 	at com.android.emailcommon.service.ServiceProxy.setTask(ServiceProxy.java:157)
E/ActivityThread(  753): 	at com.android.emailcommon.service.ServiceProxy.setTask(ServiceProxy.java:145)
E/ActivityThread(  753): 	at com.android.emailcommon.service.ServiceProxy.test(ServiceProxy.java:191)
E/ActivityThread(  753): 	at com.android.exchange.ExchangeService$7.run(ExchangeService.java:1850)
E/ActivityThread(  753): 	at com.android.emailcommon.utility.Utility$2.doInBackground(Utility.java:551)
E/ActivityThread(  753): 	at com.android.emailcommon.utility.Utility$2.doInBackground(Utility.java:549)
E/ActivityThread(  753): 	at android.os.AsyncTask$2.call(AsyncTask.java:287)
E/ActivityThread(  753): 	at java.util.concurrent.FutureTask.run(FutureTask.java:234)
E/ActivityThread(  753): 	at java.util.concurrent.ThreadPoolExecutor.runWorker(ThreadPoolExecutor.java:1080)
E/ActivityThread(  753): 	at java.util.concurrent.ThreadPoolExecutor$Worker.run(ThreadPoolExecutor.java:573)
E/ActivityThread(  753): 	at java.lang.Thread.run(Thread.java:856)
E/StrictMode(  753): null
E/StrictMode(  753): android.app.ServiceConnectionLeaked: Service com.android.exchange.ExchangeService has leaked ServiceConnection com.android.emailcommon.service.ServiceProxy$ProxyConnection@40d64de0 that was originally bound here
E/StrictMode(  753): 	at android.app.LoadedApk$ServiceDispatcher.<init>(LoadedApk.java:969)
E/StrictMode(  753): 	at android.app.LoadedApk.getServiceDispatcher(LoadedApk.java:863)
E/StrictMode(  753): 	at android.app.ContextImpl.bindService(ContextImpl.java:1418)
E/StrictMode(  753): 	at android.app.ContextImpl.bindService(ContextImpl.java:1407)
E/StrictMode(  753): 	at android.content.ContextWrapper.bindService(ContextWrapper.java:473)
E/StrictMode(  753): 	at com.android.emailcommon.service.ServiceProxy.setTask(ServiceProxy.java:157)
E/StrictMode(  753): 	at com.android.emailcommon.service.ServiceProxy.setTask(ServiceProxy.java:145)
E/StrictMode(  753): 	at com.android.emailcommon.service.ServiceProxy.test(ServiceProxy.java:191)
E/StrictMode(  753): 	at com.android.exchange.ExchangeService$7.run(ExchangeService.java:1850)
E/StrictMode(  753): 	at com.android.emailcommon.utility.Utility$2.doInBackground(Utility.java:551)
E/StrictMode(  753): 	at com.android.emailcommon.utility.Utility$2.doInBackground(Utility.java:549)
E/StrictMode(  753): 	at android.os.AsyncTask$2.call(AsyncTask.java:287)
E/StrictMode(  753): 	at java.util.concurrent.FutureTask.run(FutureTask.java:234)
E/StrictMode(  753): 	at java.util.concurrent.ThreadPoolExecutor.runWorker(ThreadPoolExecutor.java:1080)
E/StrictMode(  753): 	at java.util.concurrent.ThreadPoolExecutor$Worker.run(ThreadPoolExecutor.java:573)
E/StrictMode(  753): 	at java.lang.Thread.run(Thread.java:856)
W/ActivityManager(  289): Unbind failed: could not find connection for android.os.BinderProxy@410d1890
E/ActivityThread(  753): Service com.android.exchange.ExchangeService has leaked ServiceConnection com.android.emailcommon.service.ServiceProxy$ProxyConnection@40d65058 that was originally bound here
E/ActivityThread(  753): android.app.ServiceConnectionLeaked: Service com.android.exchange.ExchangeService has leaked ServiceConnection com.android.emailcommon.service.ServiceProxy$ProxyConnection@40d65058 that was originally bound here
E/ActivityThread(  753): 	at android.app.LoadedApk$ServiceDispatcher.<init>(LoadedApk.java:969)
E/ActivityThread(  753): 	at android.app.LoadedApk.getServiceDispatcher(LoadedApk.java:863)
E/ActivityThread(  753): 	at android.app.ContextImpl.bindService(ContextImpl.java:1418)
E/ActivityThread(  753): 	at android.app.ContextImpl.bindService(ContextImpl.java:1407)
E/ActivityThread(  753): 	at android.content.ContextWrapper.bindService(ContextWrapper.java:473)
E/ActivityThread(  753): 	at com.android.emailcommon.service.ServiceProxy.setTask(ServiceProxy.java:157)
E/ActivityThread(  753): 	at com.android.emailcommon.service.ServiceProxy.setTask(ServiceProxy.java:145)
E/ActivityThread(  753): 	at com.android.emailcommon.service.AccountServiceProxy.getDeviceId(AccountServiceProxy.java:116)
E/ActivityThread(  753): 	at com.android.exchange.ExchangeService.getDeviceId(ExchangeService.java:1249)
E/ActivityThread(  753): 	at com.android.exchange.ExchangeService$7.run(ExchangeService.java:1856)
E/ActivityThread(  753): 	at com.android.emailcommon.utility.Utility$2.doInBackground(Utility.java:551)
E/ActivityThread(  753): 	at com.android.emailcommon.utility.Utility$2.doInBackground(Utility.java:549)
E/ActivityThread(  753): 	at android.os.AsyncTask$2.call(AsyncTask.java:287)
E/ActivityThread(  753): 	at java.util.concurrent.FutureTask.run(FutureTask.java:234)
E/ActivityThread(  753): 	at java.util.concurrent.ThreadPoolExecutor.runWorker(ThreadPoolExecutor.java:1080)
E/ActivityThread(  753): 	at java.util.concurrent.ThreadPoolExecutor$Worker.run(ThreadPoolExecutor.java:573)
E/ActivityThread(  753): 	at java.lang.Thread.run(Thread.java:856)
E/StrictMode(  753): null
E/StrictMode(  753): android.app.ServiceConnectionLeaked: Service com.android.exchange.ExchangeService has leaked ServiceConnection com.android.emailcommon.service.ServiceProxy$ProxyConnection@40d65058 that was originally bound here
E/StrictMode(  753): 	at android.app.LoadedApk$ServiceDispatcher.<init>(LoadedApk.java:969)
E/StrictMode(  753): 	at android.app.LoadedApk.getServiceDispatcher(LoadedApk.java:863)
E/StrictMode(  753): 	at android.app.ContextImpl.bindService(ContextImpl.java:1418)
E/StrictMode(  753): 	at android.app.ContextImpl.bindService(ContextImpl.java:1407)
E/StrictMode(  753): 	at android.content.ContextWrapper.bindService(ContextWrapper.java:473)
E/StrictMode(  753): 	at com.android.emailcommon.service.ServiceProxy.setTask(ServiceProxy.java:157)
E/StrictMode(  753): 	at com.android.emailcommon.service.ServiceProxy.setTask(ServiceProxy.java:145)
E/StrictMode(  753): 	at com.android.emailcommon.service.AccountServiceProxy.getDeviceId(AccountServiceProxy.java:116)
E/StrictMode(  753): 	at com.android.exchange.ExchangeService.getDeviceId(ExchangeService.java:1249)
E/StrictMode(  753): 	at com.android.exchange.ExchangeService$7.run(ExchangeService.java:1856)
E/StrictMode(  753): 	at com.android.emailcommon.utility.Utility$2.doInBackground(Utility.java:551)
E/StrictMode(  753): 	at com.android.emailcommon.utility.Utility$2.doInBackground(Utility.java:549)
E/StrictMode(  753): 	at android.os.AsyncTask$2.call(AsyncTask.java:287)
E/StrictMode(  753): 	at java.util.concurrent.FutureTask.run(FutureTask.java:234)
E/StrictMode(  753): 	at java.util.concurrent.ThreadPoolExecutor.runWorker(ThreadPoolExecutor.java:1080)
E/StrictMode(  753): 	at java.util.concurrent.ThreadPoolExecutor$Worker.run(ThreadPoolExecutor.java:573)
E/StrictMode(  753): 	at java.lang.Thread.run(Thread.java:856)
W/ActivityManager(  289): Unbind failed: could not find connection for android.os.BinderProxy@40db44a8
D/dalvikvm( 1358): GC_CONCURRENT freed 1723K, 16% free 10138K/12004K, paused 9ms+12ms, total 453ms
D/dalvikvm( 1358): WAIT_FOR_CONCURRENT_GC blocked 135ms
D/dalvikvm( 1358): GC_CONCURRENT freed 1364K, 13% free 10822K/12328K, paused 11ms+12ms, total 490ms
D/dalvikvm( 1358): WAIT_FOR_CONCURRENT_GC blocked 155ms
I/dalvikvm( 1358): Jit: resizing JitTable from 4096 to 8192
W/System.err( 1358): 2014-01-11T00:48:22.300Z: JavaProxyClassFactory: Created proxy class factory: org.ruboto.DalvikProxyClassFactory@415cf6b8
D/dalvikvm( 1358): GC_CONCURRENT freed 1595K, 14% free 11275K/13012K, paused 10ms+19ms, total 528ms
D/dalvikvm( 1358): WAIT_FOR_CONCURRENT_GC blocked 114ms
D/RUBOTO  ( 1358): Setting JRuby current directory to /data/data/org.ruboto.example.quick_start/files
W/ContextImpl( 1358): Unable to create external files directory
E/RUBOTO  ( 1358): Development mode active, but sdcard is not available.  Make sure you have added
E/RUBOTO  ( 1358): <uses-permission android:name='android.permission.WRITE_EXTERNAL_STORAGE' />
E/RUBOTO  ( 1358): to your AndroidManifest.xml file.
I/RUBOTO  ( 1358): Extra scripts dir not present: /data/data/org.ruboto.example.quick_start/files/scripts
D/RUBOTO  ( 1358): onResume: JRuby OK
I/ActivityManager(  289): START u0 {act=android.intent.action.VIEW cat=[android.intent.category.LAUNCHER] flg=0x10200000 cmp=org.ruboto.example.quick_start/.QuickStartActivity bnds=[6,87][80,169]} from pid 1358
W/WindowManager(  289): Failure taking screenshot for (164x246) to layer 21020
D/RUBOTO  ( 1358): onPause: 
D/RUBOTO  ( 1358): EntryPointActivity onCreate:
I/System.out( 1358): RubotoActivity onCreate(): org.ruboto.example.quick_start.QuickStartActivity, finishing: false
D/RUBOTO  ( 1358): Looking for Ruby class: QuickStartActivity
D/RUBOTO  ( 1358): Found: null
D/RUBOTO  ( 1358): Checking path: scripts/quick_start_activity.rb
D/RUBOTO  ( 1358): Classpath resource: jar:file:/data/app/org.ruboto.example.quick_start-2.apk!/quick_start_activity.rb
D/RUBOTO  ( 1358): Found script.
D/RUBOTO  ( 1358): Checking path: scripts/quick_start_activity.rb
D/RUBOTO  ( 1358): Classpath resource: jar:file:/data/app/org.ruboto.example.quick_start-2.apk!/quick_start_activity.rb
D/RUBOTO  ( 1358): hasBackingJavaClass
D/RUBOTO  ( 1358): Loading script: quick_start_activity.rb
D/RUBOTO  ( 1358): Script contains class definition
D/RUBOTO  ( 1358): Script has separate Java class
D/dalvikvm( 1358): GC_CONCURRENT freed 1364K, 12% free 11962K/13468K, paused 11ms+38ms, total 1220ms
D/dalvikvm( 1358): WAIT_FOR_CONCURRENT_GC blocked 221ms
I/Choreographer(  289): Skipped 59 frames!  The application may be doing too much work on its main thread.
D/dalvikvm( 1358): GC_CONCURRENT freed 978K, 8% free 13032K/14152K, paused 11ms+12ms, total 335ms
D/dalvikvm( 1358): WAIT_FOR_CONCURRENT_GC blocked 167ms
D/RUBOTO  ( 1358): Set class: Java::OrgRubotoExampleQuick_start::QuickStartActivity
D/RUBOTO  ( 1358): Checking path: scripts/quick_start_activity.rb
D/RUBOTO  ( 1358): Classpath resource: jar:file:/data/app/org.ruboto.example.quick_start-2.apk!/quick_start_activity.rb
D/dalvikvm( 1358): GC_CONCURRENT freed 1334K, 10% free 13748K/15224K, paused 11ms+20ms, total 425ms
D/dalvikvm( 1358): WAIT_FOR_CONCURRENT_GC blocked 124ms
W/ActivityManager(  289): Launch timeout has expired, giving up wake lock!
W/ActivityManager(  289): Activity idle timeout for ActivityRecord{40f763e0 u0 org.ruboto.example.quick_start/.QuickStartActivity}
D/dalvikvm( 1358): GC_CONCURRENT freed 1028K, 8% free 14770K/15940K, paused 10ms+13ms, total 437ms
D/dalvikvm( 1358): WAIT_FOR_CONCURRENT_GC blocked 151ms
D/dalvikvm( 1358): GC_CONCURRENT freed 1239K, 9% free 15578K/16960K, paused 11ms+17ms, total 363ms
D/dalvikvm( 1358): WAIT_FOR_CONCURRENT_GC blocked 268ms
D/dalvikvm( 1358): GC_CONCURRENT freed 1415K, 9% free 16201K/17768K, paused 12ms+19ms, total 387ms
D/dalvikvm( 1358): WAIT_FOR_CONCURRENT_GC blocked 281ms
D/RUBOTO  ( 1358): Script load took 5846ms
D/RUBOTO  ( 1358): EntryPointActivity onCreate:
D/dalvikvm( 1358): GC_CONCURRENT freed 1389K, 9% free 16762K/18392K, paused 12ms+19ms, total 359ms
D/dalvikvm( 1358): WAIT_FOR_CONCURRENT_GC blocked 323ms
D/dalvikvm( 1358): GC_FOR_ALLOC freed 1955K, 12% free 16727K/18952K, paused 333ms, total 334ms
I/Choreographer( 1358): Skipped 11382 frames!  The application may be doing too much work on its main thread.
V/PhoneStatusBar(  442): setLightsOn(true)
E/SurfaceFlinger(   37): ro.sf.lcd_density must be defined as a build property
D/RUBOTO  ( 1358): onDestroy: 
E/WindowManager( 1358): Activity org.ruboto.SplashActivity has leaked window com.android.internal.policy.impl.PhoneWindow$DecorView{40cfb580 V.E..... R.....I. 0,0-166,114} that was originally added here
E/WindowManager( 1358): android.view.WindowLeaked: Activity org.ruboto.SplashActivity has leaked window com.android.internal.policy.impl.PhoneWindow$DecorView{40cfb580 V.E..... R.....I. 0,0-166,114} that was originally added here
E/WindowManager( 1358): 	at android.view.ViewRootImpl.<init>(ViewRootImpl.java:354)
E/WindowManager( 1358): 	at android.view.WindowManagerGlobal.addView(WindowManagerGlobal.java:216)
E/WindowManager( 1358): 	at android.view.WindowManagerImpl.addView(WindowManagerImpl.java:69)
E/WindowManager( 1358): 	at android.app.Dialog.show(Dialog.java:281)
E/WindowManager( 1358): 	at android.app.ProgressDialog.show(ProgressDialog.java:116)
E/WindowManager( 1358): 	at android.app.ProgressDialog.show(ProgressDialog.java:104)
E/WindowManager( 1358): 	at org.ruboto.SplashActivity.showProgress(SplashActivity.java:163)
E/WindowManager( 1358): 	at org.ruboto.SplashActivity.initJRuby(SplashActivity.java:74)
E/WindowManager( 1358): 	at org.ruboto.SplashActivity.onCreate(SplashActivity.java:42)
E/WindowManager( 1358): 	at android.app.Activity.performCreate(Activity.java:5104)
E/WindowManager( 1358): 	at android.app.Instrumentation.callActivityOnCreate(Instrumentation.java:1080)
E/WindowManager( 1358): 	at android.app.ActivityThread.performLaunchActivity(ActivityThread.java:2144)
E/WindowManager( 1358): 	at android.app.ActivityThread.handleLaunchActivity(ActivityThread.java:2230)
E/WindowManager( 1358): 	at android.app.ActivityThread.access$600(ActivityThread.java:141)
E/WindowManager( 1358): 	at android.app.ActivityThread$H.handleMessage(ActivityThread.java:1234)
E/WindowManager( 1358): 	at android.os.Handler.dispatchMessage(Handler.java:99)
E/WindowManager( 1358): 	at android.os.Looper.loop(Looper.java:137)
E/WindowManager( 1358): 	at android.app.ActivityThread.main(ActivityThread.java:5041)
E/WindowManager( 1358): 	at java.lang.reflect.Method.invokeNative(Native Method)
E/WindowManager( 1358): 	at java.lang.reflect.Method.invoke(Method.java:511)
E/WindowManager( 1358): 	at com.android.internal.os.ZygoteInit$MethodAndArgsCaller.run(ZygoteInit.java:793)
E/WindowManager( 1358): 	at com.android.internal.os.ZygoteInit.main(ZygoteInit.java:560)
E/WindowManager( 1358): 	at dalvik.system.NativeStart.main(Native Method)
I/Choreographer( 1358): Skipped 165 frames!  The application may be doing too much work on its main thread.
I/ActivityManager(  289): Displayed org.ruboto.example.quick_start/.QuickStartActivity: +17s881ms
I/Choreographer( 1358): Skipped 108 frames!  The application may be doing too much work on its main thread.
I/Choreographer( 1358): Skipped 176 frames!  The application may be doing too much work on its main thread.
E/SurfaceFlinger(   37): ro.sf.lcd_density must be defined as a build property
D/dalvikvm(  289): GC_CONCURRENT freed 480K, 62% free 4962K/13048K, paused 19ms+34ms, total 322ms
D/ExchangeService(  753): Received deviceId from Email app: null
D/ExchangeService(  753): !!! deviceId unknown; stopping self and retrying
D/ExchangeService(  753): !!! EAS ExchangeService, onCreate
D/ExchangeService(  753): !!! EAS ExchangeService, onStartCommand, startingUp = false, running = false
D/ExchangeService(  753): !!! EAS ExchangeService, onStartCommand, startingUp = true, running = false
W/ActivityManager(  289): Unable to start service Intent { act=com.android.email.ACCOUNT_INTENT } U=0: not found
D/ExchangeService(  753): !!! Email application not found; stopping self
W/ActivityManager(  289): Unable to start service Intent { act=com.android.email.ACCOUNT_INTENT } U=0: not found
E/ActivityThread(  753): Service com.android.exchange.ExchangeService has leaked ServiceConnection com.android.emailcommon.service.ServiceProxy$ProxyConnection@40cec780 that was originally bound here
E/ActivityThread(  753): android.app.ServiceConnectionLeaked: Service com.android.exchange.ExchangeService has leaked ServiceConnection com.android.emailcommon.service.ServiceProxy$ProxyConnection@40cec780 that was originally bound here
E/ActivityThread(  753): 	at android.app.LoadedApk$ServiceDispatcher.<init>(LoadedApk.java:969)
E/ActivityThread(  753): 	at android.app.LoadedApk.getServiceDispatcher(LoadedApk.java:863)
E/ActivityThread(  753): 	at android.app.ContextImpl.bindService(ContextImpl.java:1418)
E/ActivityThread(  753): 	at android.app.ContextImpl.bindService(ContextImpl.java:1407)
E/ActivityThread(  753): 	at android.content.ContextWrapper.bindService(ContextWrapper.java:473)
E/ActivityThread(  753): 	at com.android.emailcommon.service.ServiceProxy.setTask(ServiceProxy.java:157)
E/ActivityThread(  753): 	at com.android.emailcommon.service.ServiceProxy.setTask(ServiceProxy.java:145)
E/ActivityThread(  753): 	at com.android.emailcommon.service.ServiceProxy.test(ServiceProxy.java:191)
E/ActivityThread(  753): 	at com.android.exchange.ExchangeService$7.run(ExchangeService.java:1850)
E/ActivityThread(  753): 	at com.android.emailcommon.utility.Utility$2.doInBackground(Utility.java:551)
E/ActivityThread(  753): 	at com.android.emailcommon.utility.Utility$2.doInBackground(Utility.java:549)
E/ActivityThread(  753): 	at android.os.AsyncTask$2.call(AsyncTask.java:287)
E/ActivityThread(  753): 	at java.util.concurrent.FutureTask.run(FutureTask.java:234)
E/ActivityThread(  753): 	at java.util.concurrent.ThreadPoolExecutor.runWorker(ThreadPoolExecutor.java:1080)
E/ActivityThread(  753): 	at java.util.concurrent.ThreadPoolExecutor$Worker.run(ThreadPoolExecutor.java:573)
E/ActivityThread(  753): 	at java.lang.Thread.run(Thread.java:856)
E/StrictMode(  753): null
E/StrictMode(  753): android.app.ServiceConnectionLeaked: Service com.android.exchange.ExchangeService has leaked ServiceConnection com.android.emailcommon.service.ServiceProxy$ProxyConnection@40cec780 that was originally bound here
E/StrictMode(  753): 	at android.app.LoadedApk$ServiceDispatcher.<init>(LoadedApk.java:969)
E/StrictMode(  753): 	at android.app.LoadedApk.getServiceDispatcher(LoadedApk.java:863)
E/StrictMode(  753): 	at android.app.ContextImpl.bindService(ContextImpl.java:1418)
E/StrictMode(  753): 	at android.app.ContextImpl.bindService(ContextImpl.java:1407)
E/StrictMode(  753): 	at android.content.ContextWrapper.bindService(ContextWrapper.java:473)
E/StrictMode(  753): 	at com.android.emailcommon.service.ServiceProxy.setTask(ServiceProxy.java:157)
E/StrictMode(  753): 	at com.android.emailcommon.service.ServiceProxy.setTask(ServiceProxy.java:145)
E/StrictMode(  753): 	at com.android.emailcommon.service.ServiceProxy.test(ServiceProxy.java:191)
E/StrictMode(  753): 	at com.android.exchange.ExchangeService$7.run(ExchangeService.java:1850)
E/StrictMode(  753): 	at com.android.emailcommon.utility.Utility$2.doInBackground(Utility.java:551)
E/StrictMode(  753): 	at com.android.emailcommon.utility.Utility$2.doInBackground(Utility.java:549)
E/StrictMode(  753): 	at android.os.AsyncTask$2.call(AsyncTask.java:287)
E/StrictMode(  753): 	at java.util.concurrent.FutureTask.run(FutureTask.java:234)
E/StrictMode(  753): 	at java.util.concurrent.ThreadPoolExecutor.runWorker(ThreadPoolExecutor.java:1080)
E/StrictMode(  753): 	at java.util.concurrent.ThreadPoolExecutor$Worker.run(ThreadPoolExecutor.java:573)
E/StrictMode(  753): 	at java.lang.Thread.run(Thread.java:856)
W/ActivityManager(  289): Unbind failed: could not find connection for android.os.BinderProxy@41097d70
E/ActivityThread(  753): Service com.android.exchange.ExchangeService has leaked ServiceConnection com.android.emailcommon.service.ServiceProxy$ProxyConnection@40cf49f0 that was originally bound here
E/ActivityThread(  753): android.app.ServiceConnectionLeaked: Service com.android.exchange.ExchangeService has leaked ServiceConnection com.android.emailcommon.service.ServiceProxy$ProxyConnection@40cf49f0 that was originally bound here
E/ActivityThread(  753): 	at android.app.LoadedApk$ServiceDispatcher.<init>(LoadedApk.java:969)
E/ActivityThread(  753): 	at android.app.LoadedApk.getServiceDispatcher(LoadedApk.java:863)
E/ActivityThread(  753): 	at android.app.ContextImpl.bindService(ContextImpl.java:1418)
E/ActivityThread(  753): 	at android.app.ContextImpl.bindService(ContextImpl.java:1407)
E/ActivityThread(  753): 	at android.content.ContextWrapper.bindService(ContextWrapper.java:473)
E/ActivityThread(  753): 	at com.android.emailcommon.service.ServiceProxy.setTask(ServiceProxy.java:157)
E/ActivityThread(  753): 	at com.android.emailcommon.service.ServiceProxy.setTask(ServiceProxy.java:145)
E/ActivityThread(  753): 	at com.android.emailcommon.service.AccountServiceProxy.getDeviceId(AccountServiceProxy.java:116)
E/ActivityThread(  753): 	at com.android.exchange.ExchangeService.getDeviceId(ExchangeService.java:1249)
E/ActivityThread(  753): 	at com.android.exchange.ExchangeService$7.run(ExchangeService.java:1856)
E/ActivityThread(  753): 	at com.android.emailcommon.utility.Utility$2.doInBackground(Utility.java:551)
E/ActivityThread(  753): 	at com.android.emailcommon.utility.Utility$2.doInBackground(Utility.java:549)
E/ActivityThread(  753): 	at android.os.AsyncTask$2.call(AsyncTask.java:287)
E/ActivityThread(  753): 	at java.util.concurrent.FutureTask.run(FutureTask.java:234)
E/ActivityThread(  753): 	at java.util.concurrent.ThreadPoolExecutor.runWorker(ThreadPoolExecutor.java:1080)
E/ActivityThread(  753): 	at java.util.concurrent.ThreadPoolExecutor$Worker.run(ThreadPoolExecutor.java:573)
E/ActivityThread(  753): 	at java.lang.Thread.run(Thread.java:856)
E/StrictMode(  753): null
E/StrictMode(  753): android.app.ServiceConnectionLeaked: Service com.android.exchange.ExchangeService has leaked ServiceConnection com.android.emailcommon.service.ServiceProxy$ProxyConnection@40cf49f0 that was originally bound here
E/StrictMode(  753): 	at android.app.LoadedApk$ServiceDispatcher.<init>(LoadedApk.java:969)
E/StrictMode(  753): 	at android.app.LoadedApk.getServiceDispatcher(LoadedApk.java:863)
E/StrictMode(  753): 	at android.app.ContextImpl.bindService(ContextImpl.java:1418)
E/StrictMode(  753): 	at android.app.ContextImpl.bindService(ContextImpl.java:1407)
E/StrictMode(  753): 	at android.content.ContextWrapper.bindService(ContextWrapper.java:473)
E/StrictMode(  753): 	at com.android.emailcommon.service.ServiceProxy.setTask(ServiceProxy.java:157)
E/StrictMode(  753): 	at com.android.emailcommon.service.ServiceProxy.setTask(ServiceProxy.java:145)
E/StrictMode(  753): 	at com.android.emailcommon.service.AccountServiceProxy.getDeviceId(AccountServiceProxy.java:116)
E/StrictMode(  753): 	at com.android.exchange.ExchangeService.getDeviceId(ExchangeService.java:1249)
E/StrictMode(  753): 	at com.android.exchange.ExchangeService$7.run(ExchangeService.java:1856)
E/StrictMode(  753): 	at com.android.emailcommon.utility.Utility$2.doInBackground(Utility.java:551)
E/StrictMode(  753): 	at com.android.emailcommon.utility.Utility$2.doInBackground(Utility.java:549)
E/StrictMode(  753): 	at android.os.AsyncTask$2.call(AsyncTask.java:287)
E/StrictMode(  753): 	at java.util.concurrent.FutureTask.run(FutureTask.java:234)
E/StrictMode(  753): 	at java.util.concurrent.ThreadPoolExecutor.runWorker(ThreadPoolExecutor.java:1080)
E/StrictMode(  753): 	at java.util.concurrent.ThreadPoolExecutor$Worker.run(ThreadPoolExecutor.java:573)
E/StrictMode(  753): 	at java.lang.Thread.run(Thread.java:856)
W/ActivityManager(  289): Unbind failed: could not find connection for android.os.BinderProxy@41080178
D/AndroidRuntime( 1402): 
D/AndroidRuntime( 1402): >>>>>> AndroidRuntime START com.android.internal.os.RuntimeInit <<<<<<
D/AndroidRuntime( 1402): CheckJNI is ON
D/dalvikvm( 1402): Trying to load lib libjavacore.so 0x0
D/dalvikvm( 1402): Added shared lib libjavacore.so 0x0
D/dalvikvm( 1402): Trying to load lib libnativehelper.so 0x0
D/dalvikvm( 1402): Added shared lib libnativehelper.so 0x0
D/AndroidRuntime( 1402): Calling main entry com.android.commands.pm.Pm
D/AndroidRuntime( 1402): Shutting down VM
D/dalvikvm( 1402): GC_CONCURRENT freed 94K, 18% free 469K/568K, paused 1ms+1ms, total 11ms
D/dalvikvm( 1402): Debugger has detached; object registry had 1 entries
V/AlarmClock(  731): No next alarm
V/AlarmClock(  731): AlarmInitReceiver finished
D/AndroidRuntime( 1423): 
D/AndroidRuntime( 1423): >>>>>> AndroidRuntime START com.android.internal.os.RuntimeInit <<<<<<
D/AndroidRuntime( 1423): CheckJNI is ON
D/dalvikvm( 1423): Trying to load lib libjavacore.so 0x0
D/dalvikvm( 1423): Added shared lib libjavacore.so 0x0
D/dalvikvm( 1423): Trying to load lib libnativehelper.so 0x0
D/dalvikvm( 1423): Added shared lib libnativehelper.so 0x0
D/AndroidRuntime( 1423): Calling main entry com.android.commands.pm.Pm
W/ActivityManager(  289): No content provider found for permission revoke: file:///data/local/tmp/QuickStart-debug.apk
W/ActivityManager(  289): No content provider found for permission revoke: file:///data/local/tmp/QuickStart-debug.apk
I/PackageManager(  289): Copying native libraries to /data/app-lib/vmdl1334777723
I/PackageManager(  289): Removing non-system package:org.ruboto.example.quick_start
I/ActivityManager(  289): Force stopping package org.ruboto.example.quick_start appid=10046 user=-1
I/ActivityManager(  289): Killing proc 1358:org.ruboto.example.quick_start/u0a10046: force stop org.ruboto.example.quick_start
W/ActivityManager(  289): Force removing ActivityRecord{40f763e0 u0 org.ruboto.example.quick_start/.QuickStartActivity}: app died, no saved state
W/InputDispatcher(  289): channel '40ef5468 org.ruboto.example.quick_start/org.ruboto.example.quick_start.QuickStartActivity (server)' ~ Consumer closed input channel or an error occurred.  events=0x9
E/InputDispatcher(  289): channel '40ef5468 org.ruboto.example.quick_start/org.ruboto.example.quick_start.QuickStartActivity (server)' ~ Channel is unrecoverably broken and will be disposed!
I/WindowState(  289): WIN DEATH: Window{40ef5468 u0 org.ruboto.example.quick_start/org.ruboto.example.quick_start.QuickStartActivity}
W/InputDispatcher(  289): Attempted to unregister already unregistered input channel '40ef5468 org.ruboto.example.quick_start/org.ruboto.example.quick_start.QuickStartActivity (server)'
D/dalvikvm(  289): GC_CONCURRENT freed 523K, 62% free 5007K/13048K, paused 9ms+13ms, total 121ms
I/PackageManager(  289): Package org.ruboto.example.quick_start codePath changed from /data/app/org.ruboto.example.quick_start-2.apk to /data/app/org.ruboto.example.quick_start-1.apk; Retaining data and using new
I/Choreographer(  577): Skipped 166 frames!  The application may be doing too much work on its main thread.
E/SurfaceFlinger(   37): ro.sf.lcd_density must be defined as a build property
W/InputMethodManagerService(  289): Got RemoteException sending setActive(false) notification to pid 1358 uid 10046
I/Choreographer(  577): Skipped 55 frames!  The application may be doing too much work on its main thread.
I/PackageManager(  289): Running dexopt on: org.ruboto.example.quick_start
D/dalvikvm( 1434): DexOpt: 'Landroid/annotation/SuppressLint;' has an earlier definition; blocking out
D/dalvikvm( 1434): DexOpt: 'Landroid/annotation/TargetApi;' has an earlier definition; blocking out
D/dalvikvm( 1434): DexOpt: not verifying/optimizing 'Landroid/annotation/SuppressLint;': multiple definitions
D/dalvikvm( 1434): DexOpt: not verifying/optimizing 'Landroid/annotation/TargetApi;': multiple definitions
D/dalvikvm( 1434): DexOpt: load 117ms, verify+opt 253ms, 341548 bytes
W/PackageManager(  289): Code path for pkg : org.ruboto.example.quick_start changing from /data/app/org.ruboto.example.quick_start-2.apk to /data/app/org.ruboto.example.quick_start-1.apk
W/PackageManager(  289): Resource path for pkg : org.ruboto.example.quick_start changing from /data/app/org.ruboto.example.quick_start-2.apk to /data/app/org.ruboto.example.quick_start-1.apk
I/ActivityManager(  289): Force stopping package org.ruboto.example.quick_start appid=10046 user=-1
D/PackageManager(  289): New package installed in /data/app/org.ruboto.example.quick_start-1.apk
I/ActivityManager(  289): Force stopping package org.ruboto.example.quick_start appid=10046 user=0
D/dalvikvm(  577): GC_EXPLICIT freed 1131K, 32% free 6002K/8772K, paused 5ms+7ms, total 85ms
D/dalvikvm(  549): GC_EXPLICIT freed 147K, 17% free 2794K/3336K, paused 7ms+10ms, total 82ms
I/InputReader(  289): Reconfiguring input devices.  changes=0x00000010
W/AccountTypeManager(  660): No authenticator found for type=com.android.exchange, ignoring it.
I/AccountTypeManager(  660): Loaded meta-data for 0 account types, 0 accounts in 6ms(wall) 2ms(cpu)
W/ContextImpl( 1334): Calling a method in the system process without a qualified user: android.app.ContextImpl.startService:1352 android.content.ContextWrapper.startService:450 android.content.ContextWrapper.startService:450 com.android.keychain.KeyChainBroadcastReceiver.onReceive:12 android.app.ActivityThread.handleReceiver:2376 
I/InputReader(  289): Reconfiguring input devices.  changes=0x00000010
W/InputMethodManagerService(  289): Found no subtypes in a system IME: com.android.inputmethod.pinyin
D/dalvikvm(  289): GC_CONCURRENT freed 628K, 63% free 4923K/13048K, paused 154ms+21ms, total 353ms
I/Choreographer(  577): Skipped 368 frames!  The application may be doing too much work on its main thread.
I/dalvikvm(  577): Jit: resizing JitTable from 4096 to 8192
W/AccountTypeManager(  660): No authenticator found for type=com.android.exchange, ignoring it.
I/AccountTypeManager(  660): Loaded meta-data for 0 account types, 0 accounts in 642ms(wall) 3ms(cpu)
I/Choreographer(  577): Skipped 412 frames!  The application may be doing too much work on its main thread.
D/dalvikvm(  577): GC_CONCURRENT freed 1898K, 41% free 5205K/8772K, paused 18ms+32ms, total 148ms
D/ExchangeService(  753): Received deviceId from Email app: null
D/ExchangeService(  753): !!! deviceId unknown; stopping self and retrying
I/Choreographer(  577): Skipped 43 frames!  The application may be doing too much work on its main thread.
D/dalvikvm(  577): GC_CONCURRENT freed 211K, 33% free 5939K/8772K, paused 53ms+28ms, total 158ms
D/dalvikvm(  577): WAIT_FOR_CONCURRENT_GC blocked 24ms
D/dalvikvm(  577): GC_FOR_ALLOC freed 605K, 30% free 6213K/8772K, paused 74ms, total 92ms
I/dalvikvm-heap(  577): Grow heap (frag case) to 6.707MB for 525136-byte allocation
D/dalvikvm(  577): GC_FOR_ALLOC freed 19K, 28% free 6706K/9288K, paused 71ms, total 72ms
D/dalvikvm(  577): GC_CONCURRENT freed 1938K, 34% free 6199K/9288K, paused 8ms+20ms, total 110ms
D/dalvikvm(  577): WAIT_FOR_CONCURRENT_GC blocked 55ms
D/dalvikvm(  289): GC_EXPLICIT freed 308K, 63% free 4923K/13048K, paused 7ms+59ms, total 2205ms
D/AndroidRuntime( 1423): Shutting down VM
D/dalvikvm( 1423): GC_CONCURRENT freed 94K, 18% free 467K/564K, paused 1ms+1ms, total 12ms
D/jdwp    ( 1423): Got wake-up signal, bailing out of select
D/dalvikvm( 1423): Debugger has detached; object registry had 1 entries
I/Choreographer(  577): Skipped 92 frames!  The application may be doing too much work on its main thread.
W/RecognitionManagerService(  289): no available voice recognition services found for user 0
D/ExchangeService(  753): !!! EAS ExchangeService, onCreate
D/ExchangeService(  753): !!! EAS ExchangeService, onStartCommand, startingUp = false, running = false
W/ActivityManager(  289): Unable to start service Intent { act=com.android.email.ACCOUNT_INTENT } U=0: not found
D/ExchangeService(  753): !!! Email application not found; stopping self
W/ActivityManager(  289): Unable to start service Intent { act=com.android.email.ACCOUNT_INTENT } U=0: not found
D/ExchangeService(  753): !!! EAS ExchangeService, onStartCommand, startingUp = true, running = false
E/ActivityThread(  753): Service com.android.exchange.ExchangeService has leaked ServiceConnection com.android.emailcommon.service.ServiceProxy$ProxyConnection@40cd9b28 that was originally bound here
E/ActivityThread(  753): android.app.ServiceConnectionLeaked: Service com.android.exchange.ExchangeService has leaked ServiceConnection com.android.emailcommon.service.ServiceProxy$ProxyConnection@40cd9b28 that was originally bound here
E/ActivityThread(  753): 	at android.app.LoadedApk$ServiceDispatcher.<init>(LoadedApk.java:969)
E/ActivityThread(  753): 	at android.app.LoadedApk.getServiceDispatcher(LoadedApk.java:863)
E/ActivityThread(  753): 	at android.app.ContextImpl.bindService(ContextImpl.java:1418)
E/ActivityThread(  753): 	at android.app.ContextImpl.bindService(ContextImpl.java:1407)
E/ActivityThread(  753): 	at android.content.ContextWrapper.bindService(ContextWrapper.java:473)
E/ActivityThread(  753): 	at com.android.emailcommon.service.ServiceProxy.setTask(ServiceProxy.java:157)
E/ActivityThread(  753): 	at com.android.emailcommon.service.ServiceProxy.setTask(ServiceProxy.java:145)
E/ActivityThread(  753): 	at com.android.emailcommon.service.AccountServiceProxy.getDeviceId(AccountServiceProxy.java:116)
E/ActivityThread(  753): 	at com.android.exchange.ExchangeService.getDeviceId(ExchangeService.java:1249)
E/ActivityThread(  753): 	at com.android.exchange.ExchangeService$7.run(ExchangeService.java:1856)
E/ActivityThread(  753): 	at com.android.emailcommon.utility.Utility$2.doInBackground(Utility.java:551)
E/ActivityThread(  753): 	at com.android.emailcommon.utility.Utility$2.doInBackground(Utility.java:549)
E/ActivityThread(  753): 	at android.os.AsyncTask$2.call(AsyncTask.java:287)
E/ActivityThread(  753): 	at java.util.concurrent.FutureTask.run(FutureTask.java:234)
E/ActivityThread(  753): 	at java.util.concurrent.ThreadPoolExecutor.runWorker(ThreadPoolExecutor.java:1080)
E/ActivityThread(  753): 	at java.util.concurrent.ThreadPoolExecutor$Worker.run(ThreadPoolExecutor.java:573)
E/ActivityThread(  753): 	at java.lang.Thread.run(Thread.java:856)
E/StrictMode(  753): null
E/StrictMode(  753): android.app.ServiceConnectionLeaked: Service com.android.exchange.ExchangeService has leaked ServiceConnection com.android.emailcommon.service.ServiceProxy$ProxyConnection@40cd9b28 that was originally bound here
E/StrictMode(  753): 	at android.app.LoadedApk$ServiceDispatcher.<init>(LoadedApk.java:969)
E/StrictMode(  753): 	at android.app.LoadedApk.getServiceDispatcher(LoadedApk.java:863)
E/StrictMode(  753): 	at android.app.ContextImpl.bindService(ContextImpl.java:1418)
E/StrictMode(  753): 	at android.app.ContextImpl.bindService(ContextImpl.java:1407)
E/StrictMode(  753): 	at android.content.ContextWrapper.bindService(ContextWrapper.java:473)
E/StrictMode(  753): 	at com.android.emailcommon.service.ServiceProxy.setTask(ServiceProxy.java:157)
E/StrictMode(  753): 	at com.android.emailcommon.service.ServiceProxy.setTask(ServiceProxy.java:145)
E/StrictMode(  753): 	at com.android.emailcommon.service.AccountServiceProxy.getDeviceId(AccountServiceProxy.java:116)
E/StrictMode(  753): 	at com.android.exchange.ExchangeService.getDeviceId(ExchangeService.java:1249)
E/StrictMode(  753): 	at com.android.exchange.ExchangeService$7.run(ExchangeService.java:1856)
E/StrictMode(  753): 	at com.android.emailcommon.utility.Utility$2.doInBackground(Utility.java:551)
E/StrictMode(  753): 	at com.android.emailcommon.utility.Utility$2.doInBackground(Utility.java:549)
E/StrictMode(  753): 	at android.os.AsyncTask$2.call(AsyncTask.java:287)
E/StrictMode(  753): 	at java.util.concurrent.FutureTask.run(FutureTask.java:234)
E/StrictMode(  753): 	at java.util.concurrent.ThreadPoolExecutor.runWorker(ThreadPoolExecutor.java:1080)
E/StrictMode(  753): 	at java.util.concurrent.ThreadPoolExecutor$Worker.run(ThreadPoolExecutor.java:573)
E/StrictMode(  753): 	at java.lang.Thread.run(Thread.java:856)
W/ActivityManager(  289): Unbind failed: could not find connection for android.os.BinderProxy@40cdd830
E/ActivityThread(  753): Service com.android.exchange.ExchangeService has leaked ServiceConnection com.android.emailcommon.service.ServiceProxy$ProxyConnection@40cd9780 that was originally bound here
E/ActivityThread(  753): android.app.ServiceConnectionLeaked: Service com.android.exchange.ExchangeService has leaked ServiceConnection com.android.emailcommon.service.ServiceProxy$ProxyConnection@40cd9780 that was originally bound here
E/ActivityThread(  753): 	at android.app.LoadedApk$ServiceDispatcher.<init>(LoadedApk.java:969)
E/ActivityThread(  753): 	at android.app.LoadedApk.getServiceDispatcher(LoadedApk.java:863)
E/ActivityThread(  753): 	at android.app.ContextImpl.bindService(ContextImpl.java:1418)
E/ActivityThread(  753): 	at android.app.ContextImpl.bindService(ContextImpl.java:1407)
E/ActivityThread(  753): 	at android.content.ContextWrapper.bindService(ContextWrapper.java:473)
E/ActivityThread(  753): 	at com.android.emailcommon.service.ServiceProxy.setTask(ServiceProxy.java:157)
E/ActivityThread(  753): 	at com.android.emailcommon.service.ServiceProxy.setTask(ServiceProxy.java:145)
E/ActivityThread(  753): 	at com.android.emailcommon.service.ServiceProxy.test(ServiceProxy.java:191)
E/ActivityThread(  753): 	at com.android.exchange.ExchangeService$7.run(ExchangeService.java:1850)
E/ActivityThread(  753): 	at com.android.emailcommon.utility.Utility$2.doInBackground(Utility.java:551)
E/ActivityThread(  753): 	at com.android.emailcommon.utility.Utility$2.doInBackground(Utility.java:549)
E/ActivityThread(  753): 	at android.os.AsyncTask$2.call(AsyncTask.java:287)
E/ActivityThread(  753): 	at java.util.concurrent.FutureTask.run(FutureTask.java:234)
E/ActivityThread(  753): 	at java.util.concurrent.ThreadPoolExecutor.runWorker(ThreadPoolExecutor.java:1080)
E/ActivityThread(  753): 	at java.util.concurrent.ThreadPoolExecutor$Worker.run(ThreadPoolExecutor.java:573)
E/ActivityThread(  753): 	at java.lang.Thread.run(Thread.java:856)
E/StrictMode(  753): null
E/StrictMode(  753): android.app.ServiceConnectionLeaked: Service com.android.exchange.ExchangeService has leaked ServiceConnection com.android.emailcommon.service.ServiceProxy$ProxyConnection@40cd9780 that was originally bound here
E/StrictMode(  753): 	at android.app.LoadedApk$ServiceDispatcher.<init>(LoadedApk.java:969)
E/StrictMode(  753): 	at android.app.LoadedApk.getServiceDispatcher(LoadedApk.java:863)
E/StrictMode(  753): 	at android.app.ContextImpl.bindService(ContextImpl.java:1418)
E/StrictMode(  753): 	at android.app.ContextImpl.bindService(ContextImpl.java:1407)
E/StrictMode(  753): 	at android.content.ContextWrapper.bindService(ContextWrapper.java:473)
E/StrictMode(  753): 	at com.android.emailcommon.service.ServiceProxy.setTask(ServiceProxy.java:157)
E/StrictMode(  753): 	at com.android.emailcommon.service.ServiceProxy.setTask(ServiceProxy.java:145)
E/StrictMode(  753): 	at com.android.emailcommon.service.ServiceProxy.test(ServiceProxy.java:191)
E/StrictMode(  753): 	at com.android.exchange.ExchangeService$7.run(ExchangeService.java:1850)
E/StrictMode(  753): 	at com.android.emailcommon.utility.Utility$2.doInBackground(Utility.java:551)
E/StrictMode(  753): 	at com.android.emailcommon.utility.Utility$2.doInBackground(Utility.java:549)
E/StrictMode(  753): 	at android.os.AsyncTask$2.call(AsyncTask.java:287)
E/StrictMode(  753): 	at java.util.concurrent.FutureTask.run(FutureTask.java:234)
E/StrictMode(  753): 	at java.util.concurrent.ThreadPoolExecutor.runWorker(ThreadPoolExecutor.java:1080)
E/StrictMode(  753): 	at java.util.concurrent.ThreadPoolExecutor$Worker.run(ThreadPoolExecutor.java:573)
E/StrictMode(  753): 	at java.lang.Thread.run(Thread.java:856)
W/ActivityManager(  289): Unbind failed: could not find connection for android.os.BinderProxy@40ed3248
D/dalvikvm(  753): GC_CONCURRENT freed 466K, 21% free 2452K/3100K, paused 5ms+10ms, total 78ms
I/ActivityManager(  289): START u0 {act=android.intent.action.MAIN cat=[android.intent.category.LAUNCHER] flg=0x10200000 cmp=org.ruboto.example.quick_start/.QuickStartActivity} from pid 577
W/WindowManager(  289): Failure taking screenshot for (164x246) to layer 21010
I/Choreographer(  577): Skipped 50 frames!  The application may be doing too much work on its main thread.
E/SurfaceFlinger(   37): ro.sf.lcd_density must be defined as a build property
D/dalvikvm( 1448): Not late-enabling CheckJNI (already on)
I/ActivityManager(  289): Start proc org.ruboto.example.quick_start for activity org.ruboto.example.quick_start/.QuickStartActivity: pid=1448 uid=10046 gids={50046, 1028}
I/dalvikvm( 1448): Turning on JNI app bug workarounds for target SDK version 10...
E/Trace   ( 1448): error opening trace file: No such file or directory (2)
D/RUBOTO  ( 1448): EntryPointActivity onCreate:
I/ActivityManager(  289): START u0 {cmp=org.ruboto.example.quick_start/org.ruboto.SplashActivity (has extras)} from pid 1448
I/System.out( 1448): RubotoActivity onCreate(): org.ruboto.example.quick_start.QuickStartActivity, finishing: true
I/RUBOTO  ( 1448): Method called before JRuby runtime was initialized: RubotoActivity#onApplyThemeResource
I/RUBOTO  ( 1448): Method called before JRuby runtime was initialized: RubotoActivity#onUserInteraction
I/RUBOTO  ( 1448): Method called before JRuby runtime was initialized: RubotoActivity#onUserLeaveHint
D/RUBOTO  ( 1448): SplashActivity onCreate:
I/RUBOTO  ( 1448): Showing progress
I/Choreographer(  577): Skipped 225 frames!  The application may be doing too much work on its main thread.
D/dalvikvm( 1448): GC_CONCURRENT freed 99K, 9% free 2758K/3000K, paused 20ms+4ms, total 108ms
D/dalvikvm( 1448): WAIT_FOR_CONCURRENT_GC blocked 22ms
V/PhoneStatusBar(  442): setLightsOn(true)
D/RUBOTO  ( 1448): onResume: 
D/RUBOTO  ( 1448): Setting up JRuby runtime (DEBUG)
I/System.out( 1448): Found JRuby in platform APK
I/RUBOTO  ( 1448): RUBOTO_CORE_VERSION_NAME: 0.5.6
I/RUBOTO  ( 1448): Setting JRUBY_HOME: file:/data/app/org.ruboto.core-1.apk!/jruby.home
I/Choreographer( 1448): Skipped 67 frames!  The application may be doing too much work on its main thread.
E/SurfaceFlinger(   37): ro.sf.lcd_density must be defined as a build property
E/SurfaceFlinger(   37): ro.sf.lcd_density must be defined as a build property
I/Choreographer( 1448): Skipped 99 frames!  The application may be doing too much work on its main thread.
D/gralloc_goldfish( 1448): Emulator without GPU emulation detected.
I/ActivityManager(  289): Displayed org.ruboto.example.quick_start/org.ruboto.SplashActivity: +865ms (total +1s551ms)
I/Choreographer( 1448): Skipped 63 frames!  The application may be doing too much work on its main thread.
E/dalvikvm( 1448): Could not find class 'org.jruby.compiler.impl.BaseBodyCompiler', referenced from method org.jruby.runtime.opto.OptoFactory.<clinit>
I/RUBOTO  ( 1448): Method called before JRuby runtime was initialized: RubotoActivity#onDestroy
W/dalvikvm( 1448): VFY: unable to resolve const-class 4594 (Lorg/jruby/compiler/impl/BaseBodyCompiler;) in Lorg/jruby/runtime/opto/OptoFactory;
D/dalvikvm( 1448): VFY: replacing opcode 0x1c at 0x0010
I/Choreographer( 1448): Skipped 51 frames!  The application may be doing too much work on its main thread.
W/dalvikvm( 1448): VFY: unable to find class referenced in signature (Lorg/jruby/compiler/impl/BaseBodyCompiler;)
I/Choreographer( 1448): Skipped 92 frames!  The application may be doing too much work on its main thread.
D/dalvikvm( 1448): GC_CONCURRENT freed 172K, 10% free 3014K/3332K, paused 31ms+82ms, total 381ms
I/Choreographer( 1448): Skipped 34 frames!  The application may be doing too much work on its main thread.
W/dalvikvm( 1448): VFY: unable to find class referenced in signature (Lorg/jruby/compiler/impl/BaseBodyCompiler;)
I/dalvikvm( 1448): Could not find method java.lang.management.ManagementFactory.getPlatformMBeanServer, referenced from method org.jruby.management.BeanManagerImpl.register
W/dalvikvm( 1448): VFY: unable to resolve static method 6256: Ljava/lang/management/ManagementFactory;.getPlatformMBeanServer ()Ljavax/management/MBeanServer;
D/dalvikvm( 1448): VFY: replacing opcode 0x71 at 0x0000
W/dalvikvm( 1448): VFY: unable to resolve exception class 1073 (Ljavax/management/InstanceAlreadyExistsException;)
W/dalvikvm( 1448): VFY: unable to find exception handler at addr 0xd
W/dalvikvm( 1448): VFY:  rejected Lorg/jruby/management/BeanManagerImpl;.register (Ljava/lang/String;Ljava/lang/Object;)V
W/dalvikvm( 1448): VFY:  rejecting opcode 0x0d at 0x000d
W/dalvikvm( 1448): VFY:  rejected Lorg/jruby/management/BeanManagerImpl;.register (Ljava/lang/String;Ljava/lang/Object;)V
W/dalvikvm( 1448): Verifier rejected class Lorg/jruby/management/BeanManagerImpl;
E/dalvikvm( 1448): Could not find class 'jnr.posix.FreeBSDPOSIX', referenced from method jnr.posix.POSIXFactory.loadFreeBSDPOSIX
W/dalvikvm( 1448): VFY: unable to resolve new-instance 1454 (Ljnr/posix/FreeBSDPOSIX;) in Ljnr/posix/POSIXFactory;
D/dalvikvm( 1448): VFY: replacing opcode 0x22 at 0x0000
E/dalvikvm( 1448): Could not find class 'jnr.posix.MacOSPOSIX', referenced from method jnr.posix.POSIXFactory.loadMacOSPOSIX
W/dalvikvm( 1448): VFY: unable to resolve new-instance 1485 (Ljnr/posix/MacOSPOSIX;) in Ljnr/posix/POSIXFactory;
D/dalvikvm( 1448): VFY: replacing opcode 0x22 at 0x0000
E/dalvikvm( 1448): Could not find class 'jnr.posix.OpenBSDPOSIX', referenced from method jnr.posix.POSIXFactory.loadOpenBSDPOSIX
W/dalvikvm( 1448): VFY: unable to resolve new-instance 1491 (Ljnr/posix/OpenBSDPOSIX;) in Ljnr/posix/POSIXFactory;
D/dalvikvm( 1448): VFY: replacing opcode 0x22 at 0x0000
E/dalvikvm( 1448): Could not find class 'jnr.posix.SolarisPOSIX', referenced from method jnr.posix.POSIXFactory.loadSolarisPOSIX
W/dalvikvm( 1448): VFY: unable to resolve new-instance 1506 (Ljnr/posix/SolarisPOSIX;) in Ljnr/posix/POSIXFactory;
D/dalvikvm( 1448): VFY: replacing opcode 0x22 at 0x0000
E/dalvikvm( 1448): Could not find class 'jnr.posix.WindowsPOSIX', referenced from method jnr.posix.POSIXFactory.loadWindowsPOSIX
W/dalvikvm( 1448): VFY: unable to resolve new-instance 1517 (Ljnr/posix/WindowsPOSIX;) in Ljnr/posix/POSIXFactory;
D/dalvikvm( 1448): VFY: replacing opcode 0x22 at 0x0000
D/dalvikvm( 1448): DexOpt: unable to opt direct call 0x23cc at 0x0a in Ljnr/posix/POSIXFactory;.loadFreeBSDPOSIX
D/dalvikvm( 1448): DexOpt: unable to opt direct call 0x258b at 0x0a in Ljnr/posix/POSIXFactory;.loadMacOSPOSIX
D/dalvikvm( 1448): DexOpt: unable to opt direct call 0x2599 at 0x0a in Ljnr/posix/POSIXFactory;.loadOpenBSDPOSIX
D/dalvikvm( 1448): DexOpt: unable to opt direct call 0x25ec at 0x07 in Ljnr/posix/POSIXFactory;.loadSolarisPOSIX
D/dalvikvm( 1448): DexOpt: unable to opt direct call 0x261b at 0x0a in Ljnr/posix/POSIXFactory;.loadSolarisPOSIX
D/dalvikvm( 1448): DexOpt: unable to opt direct call 0x25ed at 0x07 in Ljnr/posix/POSIXFactory;.loadWindowsPOSIX
D/dalvikvm( 1448): DexOpt: unable to opt direct call 0x2642 at 0x0a in Ljnr/posix/POSIXFactory;.loadWindowsPOSIX
W/dalvikvm( 1448): VFY: unable to resolve static field 5065 (PASSWD) in Ljnr/posix/MacOSPOSIX;
D/dalvikvm( 1448): VFY: replacing opcode 0x62 at 0x000d
W/dalvikvm( 1448): VFY: unable to resolve static field 5087 (PASSWD) in Ljnr/posix/SolarisPOSIX;
D/dalvikvm( 1448): VFY: replacing opcode 0x62 at 0x001b
W/dalvikvm( 1448): VFY: unable to resolve static field 4964 (PASSWD) in Ljnr/posix/FreeBSDPOSIX;
D/dalvikvm( 1448): VFY: replacing opcode 0x62 at 0x0022
W/dalvikvm( 1448): VFY: unable to resolve static field 5076 (PASSWD) in Ljnr/posix/OpenBSDPOSIX;
D/dalvikvm( 1448): VFY: replacing opcode 0x62 at 0x0029
W/dalvikvm( 1448): VFY: unable to resolve static field 5100 (PASSWD) in Ljnr/posix/WindowsPOSIX;
