D/dalvikvm( 1448): VFY: replacing opcode 0x62 at 0x0030
I/dalvikvm( 1448): Could not find method sun.misc.Unsafe.fullFence, referenced from method org.jruby.util.unsafe.UnsafeHolder.fullFence
W/dalvikvm( 1448): VFY: unable to resolve virtual method 53799: Lsun/misc/Unsafe;.fullFence ()V
D/dalvikvm( 1448): VFY: replacing opcode 0x6e at 0x0002
I/dalvikvm( 1448): Could not find method sun.misc.Unsafe.loadFence, referenced from method org.jruby.util.unsafe.UnsafeHolder.loadFence
W/dalvikvm( 1448): VFY: unable to resolve virtual method 53802: Lsun/misc/Unsafe;.loadFence ()V
D/dalvikvm( 1448): VFY: replacing opcode 0x6e at 0x0002
I/dalvikvm( 1448): Could not find method sun.misc.Unsafe.storeFence, referenced from method org.jruby.util.unsafe.UnsafeHolder.storeFence
W/dalvikvm( 1448): VFY: unable to resolve virtual method 53806: Lsun/misc/Unsafe;.storeFence ()V
D/dalvikvm( 1448): VFY: replacing opcode 0x6e at 0x0002
D/dalvikvm( 1448): GC_CONCURRENT freed 355K, 14% free 3093K/3592K, paused 6ms+26ms, total 106ms
D/dalvikvm( 1448): GC_CONCURRENT freed 331K, 13% free 3223K/3700K, paused 20ms+21ms, total 122ms
D/dalvikvm( 1448): GC_CONCURRENT freed 231K, 10% free 3414K/3788K, paused 6ms+33ms, total 158ms
D/dalvikvm( 1448): GC_CONCURRENT freed 138K, 8% free 3744K/4032K, paused 7ms+10ms, total 112ms
D/dalvikvm( 1448): GC_CONCURRENT freed 137K, 7% free 4088K/4384K, paused 6ms+41ms, total 156ms
D/dalvikvm( 1448): GC_CONCURRENT freed 157K, 7% free 4484K/4808K, paused 6ms+23ms, total 146ms
D/dalvikvm( 1448): WAIT_FOR_CONCURRENT_GC blocked 33ms
D/dalvikvm( 1448): GC_FOR_ALLOC freed 360K, 11% free 4643K/5188K, paused 53ms, total 53ms
D/dalvikvm( 1448): GC_FOR_ALLOC freed 126K, 13% free 4771K/5444K, paused 58ms, total 58ms
D/dalvikvm( 1448): GC_FOR_ALLOC freed 373K, 13% free 4854K/5572K, paused 51ms, total 52ms
D/dalvikvm( 1448): GC_FOR_ALLOC freed 433K, 14% free 5000K/5784K, paused 53ms, total 54ms
D/dalvikvm( 1448): GC_CONCURRENT freed 495K, 11% free 5354K/6000K, paused 6ms+39ms, total 180ms
D/dalvikvm( 1448): GC_CONCURRENT freed 207K, 6% free 6146K/6496K, paused 14ms+8ms, total 170ms
D/dalvikvm( 1448): WAIT_FOR_CONCURRENT_GC blocked 18ms
D/dalvikvm( 1448): GC_CONCURRENT freed 689K, 12% free 6720K/7552K, paused 16ms+18ms, total 278ms
D/dalvikvm( 1448): WAIT_FOR_CONCURRENT_GC blocked 35ms
D/dalvikvm( 1448): GC_CONCURRENT freed 881K, 13% free 7196K/8220K, paused 7ms+34ms, total 295ms
D/dalvikvm( 1448): GC_CONCURRENT freed 1047K, 14% free 7752K/8952K, paused 11ms+10ms, total 281ms
D/dalvikvm( 1448): WAIT_FOR_CONCURRENT_GC blocked 95ms
I/dalvikvm( 1448): Could not find method java.lang.management.ManagementFactory.getGarbageCollectorMXBeans, referenced from method org.jruby.RubyGC.count
W/dalvikvm( 1448): VFY: unable to resolve static method 6255: Ljava/lang/management/ManagementFactory;.getGarbageCollectorMXBeans ()Ljava/util/List;
D/dalvikvm( 1448): VFY: replacing opcode 0x71 at 0x0001
W/dalvikvm( 1448): VFY: unable to find class referenced in signature (Lsun/misc/SignalHandler;)
E/dalvikvm( 1448): Could not find class 'sun.misc.Signal', referenced from method org.jruby.util.SunSignalFacade.trap
W/dalvikvm( 1448): VFY: unable to resolve new-instance 9082 (Lsun/misc/Signal;) in Lorg/jruby/util/SunSignalFacade;
D/dalvikvm( 1448): VFY: replacing opcode 0x22 at 0x0000
I/dalvikvm( 1448): Failed resolving Lorg/jruby/util/SunSignalFacade$JRubySignalHandler; interface 9083 'Lsun/misc/SignalHandler;'
W/dalvikvm( 1448): Link of class 'Lorg/jruby/util/SunSignalFacade$JRubySignalHandler;' failed
I/dalvikvm( 1448): Failed resolving Lorg/jruby/util/SunSignalFacade$JRubySignalHandler; interface 9083 'Lsun/misc/SignalHandler;'
W/dalvikvm( 1448): Link of class 'Lorg/jruby/util/SunSignalFacade$JRubySignalHandler;' failed
I/dalvikvm( 1448): Could not find method org.jruby.util.SunSignalFacade$JRubySignalHandler.access$000, referenced from method org.jruby.util.SunSignalFacade.trap
W/dalvikvm( 1448): VFY: unable to resolve static method 51662: Lorg/jruby/util/SunSignalFacade$JRubySignalHandler;.access$000 (Lorg/jruby/util/SunSignalFacade$JRubySignalHandler;)Ljava/lang/String;
D/dalvikvm( 1448): VFY: replacing opcode 0x71 at 0x0000
W/dalvikvm( 1448): VFY: unable to resolve static field 16802 (SIG_IGN) in Lsun/misc/SignalHandler;
D/dalvikvm( 1448): VFY: replacing opcode 0x62 at 0x0008
W/dalvikvm( 1448): VFY: unable to resolve static field 16801 (SIG_DFL) in Lsun/misc/SignalHandler;
D/dalvikvm( 1448): VFY: replacing opcode 0x62 at 0x0008
E/dalvikvm( 1448): Could not find class 'sun.misc.Signal', referenced from method org.jruby.util.SunSignalFacade.restorePlatformDefault
W/dalvikvm( 1448): VFY: unable to resolve new-instance 9082 (Lsun/misc/Signal;) in Lorg/jruby/util/SunSignalFacade;
D/dalvikvm( 1448): VFY: replacing opcode 0x22 at 0x0005
I/dalvikvm( 1448): Failed resolving Lorg/jruby/util/SunSignalFacade$JRubySignalHandler; interface 9083 'Lsun/misc/SignalHandler;'
W/dalvikvm( 1448): Link of class 'Lorg/jruby/util/SunSignalFacade$JRubySignalHandler;' failed
E/dalvikvm( 1448): Could not find class 'org.jruby.util.SunSignalFacade$JRubySignalHandler', referenced from method org.jruby.util.SunSignalFacade.trap
W/dalvikvm( 1448): VFY: unable to resolve new-instance 8743 (Lorg/jruby/util/SunSignalFacade$JRubySignalHandler;) in Lorg/jruby/util/SunSignalFacade;
D/dalvikvm( 1448): VFY: replacing opcode 0x22 at 0x0000
I/dalvikvm( 1448): Failed resolving Lorg/jruby/util/SunSignalFacade$JRubySignalHandler; interface 9083 'Lsun/misc/SignalHandler;'
W/dalvikvm( 1448): Link of class 'Lorg/jruby/util/SunSignalFacade$JRubySignalHandler;' failed
E/dalvikvm( 1448): Could not find class 'org.jruby.util.SunSignalFacade$JRubySignalHandler', referenced from method org.jruby.util.SunSignalFacade.trap
W/dalvikvm( 1448): VFY: unable to resolve new-instance 8743 (Lorg/jruby/util/SunSignalFacade$JRubySignalHandler;) in Lorg/jruby/util/SunSignalFacade;
D/dalvikvm( 1448): VFY: replacing opcode 0x22 at 0x0004
D/dalvikvm( 1448): DexOpt: unable to opt direct call 0xd221 at 0x02 in Lorg/jruby/util/SunSignalFacade;.trap
D/dalvikvm( 1448): DexOpt: unable to opt direct call 0xd221 at 0x0b in Lorg/jruby/util/SunSignalFacade;.restorePlatformDefault
I/dalvikvm( 1448): Failed resolving Lorg/jruby/util/SunSignalFacade$JRubySignalHandler; interface 9083 'Lsun/misc/SignalHandler;'
W/dalvikvm( 1448): Link of class 'Lorg/jruby/util/SunSignalFacade$JRubySignalHandler;' failed
D/dalvikvm( 1448): DexOpt: unable to opt direct call 0xc9cb at 0x02 in Lorg/jruby/util/SunSignalFacade;.trap
I/dalvikvm( 1448): Failed resolving Lorg/jruby/util/SunSignalFacade$JRubySignalHandler; interface 9083 'Lsun/misc/SignalHandler;'
W/dalvikvm( 1448): Link of class 'Lorg/jruby/util/SunSignalFacade$JRubySignalHandler;' failed
D/dalvikvm( 1448): DexOpt: unable to opt direct call 0xc9cc at 0x0e in Lorg/jruby/util/SunSignalFacade;.trap
D/dalvikvm( 1448): GC_CONCURRENT freed 1293K, 15% free 8247K/9692K, paused 9ms+9ms, total 301ms
D/dalvikvm( 1448): WAIT_FOR_CONCURRENT_GC blocked 111ms
I/dalvikvm( 1448): Could not find method sun.misc.Unsafe.getLong, referenced from method org.jruby.util.StringSupport.utf8Length
W/dalvikvm( 1448): VFY: unable to resolve virtual method 53800: Lsun/misc/Unsafe;.getLong (Ljava/lang/Object;I)J
D/dalvikvm( 1448): VFY: replacing opcode 0x6e at 0x002c
I/dalvikvm( 1448): Could not find method sun.misc.Unsafe.getLong, referenced from method org.jruby.util.StringSupport.utf8Nth
W/dalvikvm( 1448): VFY: unable to resolve virtual method 53800: Lsun/misc/Unsafe;.getLong (Ljava/lang/Object;I)J
D/dalvikvm( 1448): VFY: replacing opcode 0x6e at 0x0027
D/dalvikvm( 1448): GC_CONCURRENT freed 1058K, 12% free 9152K/10352K, paused 10ms+12ms, total 309ms
D/dalvikvm( 1448): WAIT_FOR_CONCURRENT_GC blocked 168ms
D/dalvikvm( 1448): GC_CONCURRENT freed 1395K, 14% free 9791K/11344K, paused 10ms+10ms, total 271ms
D/dalvikvm( 1448): WAIT_FOR_CONCURRENT_GC blocked 166ms
D/dalvikvm( 1448): GC_CONCURRENT freed 1761K, 16% free 10077K/11980K, paused 11ms+11ms, total 311ms
D/dalvikvm( 1448): WAIT_FOR_CONCURRENT_GC blocked 187ms
D/dalvikvm( 1448): GC_CONCURRENT freed 1326K, 12% free 10800K/12268K, paused 12ms+14ms, total 405ms
D/dalvikvm( 1448): WAIT_FOR_CONCURRENT_GC blocked 126ms
I/dalvikvm( 1448): Jit: resizing JitTable from 4096 to 8192
W/System.err( 1448): 2014-01-11T00:50:21.146Z: JavaProxyClassFactory: Created proxy class factory: org.ruboto.DalvikProxyClassFactory@41547ff0
D/dalvikvm( 1448): GC_CONCURRENT freed 1603K, 14% free 11246K/12992K, paused 11ms+17ms, total 464ms
D/dalvikvm( 1448): WAIT_FOR_CONCURRENT_GC blocked 122ms
D/RUBOTO  ( 1448): Setting JRuby current directory to /data/data/org.ruboto.example.quick_start/files
W/ContextImpl( 1448): Unable to create external files directory
E/RUBOTO  ( 1448): Development mode active, but sdcard is not available.  Make sure you have added
E/RUBOTO  ( 1448): <uses-permission android:name='android.permission.WRITE_EXTERNAL_STORAGE' />
E/RUBOTO  ( 1448): to your AndroidManifest.xml file.
I/RUBOTO  ( 1448): Extra scripts dir not present: /data/data/org.ruboto.example.quick_start/files/scripts
D/RUBOTO  ( 1448): onResume: JRuby OK
I/ActivityManager(  289): START u0 {act=android.intent.action.VIEW cat=[android.intent.category.LAUNCHER] flg=0x10200000 cmp=org.ruboto.example.quick_start/.QuickStartActivity bnds=[6,87][80,169]} from pid 1448
W/WindowManager(  289): Failure taking screenshot for (164x246) to layer 21020
D/RUBOTO  ( 1448): onPause: 
D/RUBOTO  ( 1448): EntryPointActivity onCreate:
I/System.out( 1448): RubotoActivity onCreate(): org.ruboto.example.quick_start.QuickStartActivity, finishing: false
D/RUBOTO  ( 1448): Looking for Ruby class: QuickStartActivity
D/RUBOTO  ( 1448): Found: null
D/RUBOTO  ( 1448): Checking path: scripts/quick_start_activity.rb
D/RUBOTO  ( 1448): Classpath resource: jar:file:/data/app/org.ruboto.example.quick_start-1.apk!/quick_start_activity.rb
D/RUBOTO  ( 1448): Found script.
D/RUBOTO  ( 1448): Checking path: scripts/quick_start_activity.rb
D/RUBOTO  ( 1448): Classpath resource: jar:file:/data/app/org.ruboto.example.quick_start-1.apk!/quick_start_activity.rb
D/RUBOTO  ( 1448): hasBackingJavaClass
D/RUBOTO  ( 1448): Loading script: quick_start_activity.rb
D/RUBOTO  ( 1448): Script contains class definition
D/RUBOTO  ( 1448): Script has separate Java class
D/dalvikvm( 1448): GC_CONCURRENT freed 1457K, 12% free 11834K/13436K, paused 10ms+32ms, total 991ms
D/dalvikvm( 1448): WAIT_FOR_CONCURRENT_GC blocked 462ms
I/Choreographer(  289): Skipped 31 frames!  The application may be doing too much work on its main thread.
D/dalvikvm( 1448): GC_CONCURRENT freed 888K, 8% free 12994K/14024K, paused 10ms+15ms, total 335ms
D/dalvikvm( 1448): WAIT_FOR_CONCURRENT_GC blocked 153ms
D/RUBOTO  ( 1448): Set class: Java::OrgRubotoExampleQuick_start::QuickStartActivity
D/RUBOTO  ( 1448): Checking path: scripts/quick_start_activity.rb
D/RUBOTO  ( 1448): Classpath resource: jar:file:/data/app/org.ruboto.example.quick_start-1.apk!/quick_start_activity.rb
D/dalvikvm( 1448): GC_CONCURRENT freed 1372K, 10% free 13670K/15184K, paused 14ms+13ms, total 382ms
D/dalvikvm( 1448): WAIT_FOR_CONCURRENT_GC blocked 160ms
D/dalvikvm( 1448): GC_CONCURRENT freed 927K, 7% free 14791K/15860K, paused 14ms+15ms, total 498ms
D/dalvikvm( 1448): WAIT_FOR_CONCURRENT_GC blocked 102ms
W/ActivityManager(  289): Launch timeout has expired, giving up wake lock!
W/ActivityManager(  289): Activity idle timeout for ActivityRecord{41205fd8 u0 org.ruboto.example.quick_start/.QuickStartActivity}
D/dalvikvm( 1448): GC_CONCURRENT freed 1430K, 10% free 15408K/16980K, paused 35ms+18ms, total 373ms
D/dalvikvm( 1448): WAIT_FOR_CONCURRENT_GC blocked 265ms
D/dalvikvm( 1448): GC_CONCURRENT freed 1361K, 9% free 16023K/17600K, paused 12ms+15ms, total 352ms
D/dalvikvm( 1448): WAIT_FOR_CONCURRENT_GC blocked 287ms
D/RUBOTO  ( 1448): Script load took 5830ms
D/RUBOTO  ( 1448): EntryPointActivity onCreate:
D/ExchangeService(  753): Received deviceId from Email app: null
D/ExchangeService(  753): !!! deviceId unknown; stopping self and retrying
D/dalvikvm( 1448): GC_CONCURRENT freed 1309K, 9% free 16678K/18212K, paused 11ms+22ms, total 430ms
D/dalvikvm( 1448): WAIT_FOR_CONCURRENT_GC blocked 316ms
D/dalvikvm( 1448): GC_CONCURRENT freed 1891K, 12% free 16713K/18868K, paused 13ms+14ms, total 348ms
D/dalvikvm( 1448): WAIT_FOR_CONCURRENT_GC blocked 332ms
I/Choreographer( 1448): Skipped 11275 frames!  The application may be doing too much work on its main thread.
V/PhoneStatusBar(  442): setLightsOn(true)
E/SurfaceFlinger(   37): ro.sf.lcd_density must be defined as a build property
D/RUBOTO  ( 1448): onDestroy: 
E/WindowManager( 1448): Activity org.ruboto.SplashActivity has leaked window com.android.internal.policy.impl.PhoneWindow$DecorView{40cfc3c8 V.E..... R.....I. 0,0-166,114} that was originally added here
E/WindowManager( 1448): android.view.WindowLeaked: Activity org.ruboto.SplashActivity has leaked window com.android.internal.policy.impl.PhoneWindow$DecorView{40cfc3c8 V.E..... R.....I. 0,0-166,114} that was originally added here
E/WindowManager( 1448): 	at android.view.ViewRootImpl.<init>(ViewRootImpl.java:354)
E/WindowManager( 1448): 	at android.view.WindowManagerGlobal.addView(WindowManagerGlobal.java:216)
E/WindowManager( 1448): 	at android.view.WindowManagerImpl.addView(WindowManagerImpl.java:69)
E/WindowManager( 1448): 	at android.app.Dialog.show(Dialog.java:281)
E/WindowManager( 1448): 	at android.app.ProgressDialog.show(ProgressDialog.java:116)
E/WindowManager( 1448): 	at android.app.ProgressDialog.show(ProgressDialog.java:104)
E/WindowManager( 1448): 	at org.ruboto.SplashActivity.showProgress(SplashActivity.java:163)
E/WindowManager( 1448): 	at org.ruboto.SplashActivity.initJRuby(SplashActivity.java:74)
E/WindowManager( 1448): 	at org.ruboto.SplashActivity.onCreate(SplashActivity.java:42)
E/WindowManager( 1448): 	at android.app.Activity.performCreate(Activity.java:5104)
E/WindowManager( 1448): 	at android.app.Instrumentation.callActivityOnCreate(Instrumentation.java:1080)
E/WindowManager( 1448): 	at android.app.ActivityThread.performLaunchActivity(ActivityThread.java:2144)
E/WindowManager( 1448): 	at android.app.ActivityThread.handleLaunchActivity(ActivityThread.java:2230)
E/WindowManager( 1448): 	at android.app.ActivityThread.access$600(ActivityThread.java:141)
E/WindowManager( 1448): 	at android.app.ActivityThread$H.handleMessage(ActivityThread.java:1234)
E/WindowManager( 1448): 	at android.os.Handler.dispatchMessage(Handler.java:99)
E/WindowManager( 1448): 	at android.os.Looper.loop(Looper.java:137)
E/WindowManager( 1448): 	at android.app.ActivityThread.main(ActivityThread.java:5041)
E/WindowManager( 1448): 	at java.lang.reflect.Method.invokeNative(Native Method)
E/WindowManager( 1448): 	at java.lang.reflect.Method.invoke(Method.java:511)
E/WindowManager( 1448): 	at com.android.internal.os.ZygoteInit$MethodAndArgsCaller.run(ZygoteInit.java:793)
E/WindowManager( 1448): 	at com.android.internal.os.ZygoteInit.main(ZygoteInit.java:560)
E/WindowManager( 1448): 	at dalvik.system.NativeStart.main(Native Method)
I/Choreographer( 1448): Skipped 177 frames!  The application may be doing too much work on its main thread.
I/ActivityManager(  289): Displayed org.ruboto.example.quick_start/.QuickStartActivity: +17s737ms
I/Choreographer( 1448): Skipped 115 frames!  The application may be doing too much work on its main thread.
D/ExchangeService(  753): !!! EAS ExchangeService, onCreate
D/ExchangeService(  753): !!! EAS ExchangeService, onStartCommand, startingUp = false, running = false
W/ActivityManager(  289): Unable to start service Intent { act=com.android.email.ACCOUNT_INTENT } U=0: not found
D/ExchangeService(  753): !!! Email application not found; stopping self
W/ActivityManager(  289): Unable to start service Intent { act=com.android.email.ACCOUNT_INTENT } U=0: not found
D/ExchangeService(  753): !!! EAS ExchangeService, onStartCommand, startingUp = true, running = false
E/ActivityThread(  753): Service com.android.exchange.ExchangeService has leaked ServiceConnection com.android.emailcommon.service.ServiceProxy$ProxyConnection@40d526f8 that was originally bound here
E/ActivityThread(  753): android.app.ServiceConnectionLeaked: Service com.android.exchange.ExchangeService has leaked ServiceConnection com.android.emailcommon.service.ServiceProxy$ProxyConnection@40d526f8 that was originally bound here
E/ActivityThread(  753): 	at android.app.LoadedApk$ServiceDispatcher.<init>(LoadedApk.java:969)
E/ActivityThread(  753): 	at android.app.LoadedApk.getServiceDispatcher(LoadedApk.java:863)
E/ActivityThread(  753): 	at android.app.ContextImpl.bindService(ContextImpl.java:1418)
E/ActivityThread(  753): 	at android.app.ContextImpl.bindService(ContextImpl.java:1407)
E/ActivityThread(  753): 	at android.content.ContextWrapper.bindService(ContextWrapper.java:473)
E/ActivityThread(  753): 	at com.android.emailcommon.service.ServiceProxy.setTask(ServiceProxy.java:157)
E/ActivityThread(  753): 	at com.android.emailcommon.service.ServiceProxy.setTask(ServiceProxy.java:145)
E/ActivityThread(  753): 	at com.android.emailcommon.service.AccountServiceProxy.getDeviceId(AccountServiceProxy.java:116)
E/ActivityThread(  753): 	at com.android.exchange.ExchangeService.getDeviceId(ExchangeService.java:1249)
E/ActivityThread(  753): 	at com.android.exchange.ExchangeService$7.run(ExchangeService.java:1856)
E/ActivityThread(  753): 	at com.android.emailcommon.utility.Utility$2.doInBackground(Utility.java:551)
E/ActivityThread(  753): 	at com.android.emailcommon.utility.Utility$2.doInBackground(Utility.java:549)
E/ActivityThread(  753): 	at android.os.AsyncTask$2.call(AsyncTask.java:287)
E/ActivityThread(  753): 	at java.util.concurrent.FutureTask.run(FutureTask.java:234)
E/ActivityThread(  753): 	at java.util.concurrent.ThreadPoolExecutor.runWorker(ThreadPoolExecutor.java:1080)
E/ActivityThread(  753): 	at java.util.concurrent.ThreadPoolExecutor$Worker.run(ThreadPoolExecutor.java:573)
E/ActivityThread(  753): 	at java.lang.Thread.run(Thread.java:856)
E/StrictMode(  753): null
E/StrictMode(  753): android.app.ServiceConnectionLeaked: Service com.android.exchange.ExchangeService has leaked ServiceConnection com.android.emailcommon.service.ServiceProxy$ProxyConnection@40d526f8 that was originally bound here
E/StrictMode(  753): 	at android.app.LoadedApk$ServiceDispatcher.<init>(LoadedApk.java:969)
E/StrictMode(  753): 	at android.app.LoadedApk.getServiceDispatcher(LoadedApk.java:863)
E/StrictMode(  753): 	at android.app.ContextImpl.bindService(ContextImpl.java:1418)
E/StrictMode(  753): 	at android.app.ContextImpl.bindService(ContextImpl.java:1407)
E/StrictMode(  753): 	at android.content.ContextWrapper.bindService(ContextWrapper.java:473)
E/StrictMode(  753): 	at com.android.emailcommon.service.ServiceProxy.setTask(ServiceProxy.java:157)
E/StrictMode(  753): 	at com.android.emailcommon.service.ServiceProxy.setTask(ServiceProxy.java:145)
E/StrictMode(  753): 	at com.android.emailcommon.service.AccountServiceProxy.getDeviceId(AccountServiceProxy.java:116)
E/StrictMode(  753): 	at com.android.exchange.ExchangeService.getDeviceId(ExchangeService.java:1249)
E/StrictMode(  753): 	at com.android.exchange.ExchangeService$7.run(ExchangeService.java:1856)
E/StrictMode(  753): 	at com.android.emailcommon.utility.Utility$2.doInBackground(Utility.java:551)
E/StrictMode(  753): 	at com.android.emailcommon.utility.Utility$2.doInBackground(Utility.java:549)
E/StrictMode(  753): 	at android.os.AsyncTask$2.call(AsyncTask.java:287)
E/StrictMode(  753): 	at java.util.concurrent.FutureTask.run(FutureTask.java:234)
E/StrictMode(  753): 	at java.util.concurrent.ThreadPoolExecutor.runWorker(ThreadPoolExecutor.java:1080)
E/StrictMode(  753): 	at java.util.concurrent.ThreadPoolExecutor$Worker.run(ThreadPoolExecutor.java:573)
E/StrictMode(  753): 	at java.lang.Thread.run(Thread.java:856)
W/ActivityManager(  289): Unbind failed: could not find connection for android.os.BinderProxy@411cb3a8
E/ActivityThread(  753): Service com.android.exchange.ExchangeService has leaked ServiceConnection com.android.emailcommon.service.ServiceProxy$ProxyConnection@40d52430 that was originally bound here
E/ActivityThread(  753): android.app.ServiceConnectionLeaked: Service com.android.exchange.ExchangeService has leaked ServiceConnection com.android.emailcommon.service.ServiceProxy$ProxyConnection@40d52430 that was originally bound here
E/ActivityThread(  753): 	at android.app.LoadedApk$ServiceDispatcher.<init>(LoadedApk.java:969)
E/ActivityThread(  753): 	at android.app.LoadedApk.getServiceDispatcher(LoadedApk.java:863)
E/ActivityThread(  753): 	at android.app.ContextImpl.bindService(ContextImpl.java:1418)
E/ActivityThread(  753): 	at android.app.ContextImpl.bindService(ContextImpl.java:1407)
E/ActivityThread(  753): 	at android.content.ContextWrapper.bindService(ContextWrapper.java:473)
E/ActivityThread(  753): 	at com.android.emailcommon.service.ServiceProxy.setTask(ServiceProxy.java:157)
E/ActivityThread(  753): 	at com.android.emailcommon.service.ServiceProxy.setTask(ServiceProxy.java:145)
E/ActivityThread(  753): 	at com.android.emailcommon.service.ServiceProxy.test(ServiceProxy.java:191)
E/ActivityThread(  753): 	at com.android.exchange.ExchangeService$7.run(ExchangeService.java:1850)
E/ActivityThread(  753): 	at com.android.emailcommon.utility.Utility$2.doInBackground(Utility.java:551)
E/ActivityThread(  753): 	at com.android.emailcommon.utility.Utility$2.doInBackground(Utility.java:549)
E/ActivityThread(  753): 	at android.os.AsyncTask$2.call(AsyncTask.java:287)
E/ActivityThread(  753): 	at java.util.concurrent.FutureTask.run(FutureTask.java:234)
E/ActivityThread(  753): 	at java.util.concurrent.ThreadPoolExecutor.runWorker(ThreadPoolExecutor.java:1080)
E/ActivityThread(  753): 	at java.util.concurrent.ThreadPoolExecutor$Worker.run(ThreadPoolExecutor.java:573)
E/ActivityThread(  753): 	at java.lang.Thread.run(Thread.java:856)
E/StrictMode(  753): null
E/StrictMode(  753): android.app.ServiceConnectionLeaked: Service com.android.exchange.ExchangeService has leaked ServiceConnection com.android.emailcommon.service.ServiceProxy$ProxyConnection@40d52430 that was originally bound here
E/StrictMode(  753): 	at android.app.LoadedApk$ServiceDispatcher.<init>(LoadedApk.java:969)
E/StrictMode(  753): 	at android.app.LoadedApk.getServiceDispatcher(LoadedApk.java:863)
E/StrictMode(  753): 	at android.app.ContextImpl.bindService(ContextImpl.java:1418)
E/StrictMode(  753): 	at android.app.ContextImpl.bindService(ContextImpl.java:1407)
E/StrictMode(  753): 	at android.content.ContextWrapper.bindService(ContextWrapper.java:473)
E/StrictMode(  753): 	at com.android.emailcommon.service.ServiceProxy.setTask(ServiceProxy.java:157)
E/StrictMode(  753): 	at com.android.emailcommon.service.ServiceProxy.setTask(ServiceProxy.java:145)
E/StrictMode(  753): 	at com.android.emailcommon.service.ServiceProxy.test(ServiceProxy.java:191)
E/StrictMode(  753): 	at com.android.exchange.ExchangeService$7.run(ExchangeService.java:1850)
E/StrictMode(  753): 	at com.android.emailcommon.utility.Utility$2.doInBackground(Utility.java:551)
E/StrictMode(  753): 	at com.android.emailcommon.utility.Utility$2.doInBackground(Utility.java:549)
E/StrictMode(  753): 	at android.os.AsyncTask$2.call(AsyncTask.java:287)
E/StrictMode(  753): 	at java.util.concurrent.FutureTask.run(FutureTask.java:234)
E/StrictMode(  753): 	at java.util.concurrent.ThreadPoolExecutor.runWorker(ThreadPoolExecutor.java:1080)
E/StrictMode(  753): 	at java.util.concurrent.ThreadPoolExecutor$Worker.run(ThreadPoolExecutor.java:573)
E/StrictMode(  753): 	at java.lang.Thread.run(Thread.java:856)
W/ActivityManager(  289): Unbind failed: could not find connection for android.os.BinderProxy@41138eb8
I/Choreographer( 1448): Skipped 170 frames!  The application may be doing too much work on its main thread.
E/SurfaceFlinger(   37): ro.sf.lcd_density must be defined as a build property
D/dalvikvm(  289): GC_CONCURRENT freed 467K, 62% free 4972K/13048K, paused 25ms+11ms, total 232ms
D/dalvikvm( 1448): GC_FOR_ALLOC freed 1811K, 12% free 16812K/18904K, paused 314ms, total 322ms
W/WindowManager(  289): Failure taking screenshot for (164x246) to layer 21015
I/Choreographer(  577): Skipped 81 frames!  The application may be doing too much work on its main thread.
E/SurfaceFlinger(   37): ro.sf.lcd_density must be defined as a build property
W/InputMethodManagerService(  289): Starting input on non-focused client com.android.internal.view.IInputMethodClient$Stub$Proxy@41059250 (uid=10046 pid=1448)
I/Choreographer(  577): Skipped 59 frames!  The application may be doing too much work on its main thread.
I/Choreographer(  289): Skipped 39 frames!  The application may be doing too much work on its main thread.
I/ActivityManager(  289): No longer want com.android.music (pid 561): empty #17
I/ActivityManager(  289): START u0 {act=android.intent.action.MAIN cat=[android.intent.category.LAUNCHER] flg=0x10200000 cmp=org.ruboto.example.quick_start/.QuickStartActivity} from pid 577
W/WindowManager(  289): Failure taking screenshot for (164x246) to layer 21010
I/Choreographer(  577): Skipped 33 frames!  The application may be doing too much work on its main thread.
E/SurfaceFlinger(   37): ro.sf.lcd_density must be defined as a build property
D/RUBOTO  ( 1448): EntryPointActivity onCreate:
I/System.out( 1448): RubotoActivity onCreate(): org.ruboto.example.quick_start.QuickStartActivity, finishing: false
D/RUBOTO  ( 1448): Looking for Ruby class: QuickStartActivity
D/RUBOTO  ( 1448): Found: Java::OrgRubotoExampleQuick_start::QuickStartActivity
D/RUBOTO  ( 1448): Checking path: scripts/quick_start_activity.rb
D/RUBOTO  ( 1448): Classpath resource: jar:file:/data/app/org.ruboto.example.quick_start-1.apk!/quick_start_activity.rb
D/RUBOTO  ( 1448): Found script.
D/RUBOTO  ( 1448): Checking path: scripts/quick_start_activity.rb
D/RUBOTO  ( 1448): Classpath resource: jar:file:/data/app/org.ruboto.example.quick_start-1.apk!/quick_start_activity.rb
D/RUBOTO  ( 1448): hasBackingJavaClass
D/RUBOTO  ( 1448): EntryPointActivity onCreate:
I/Choreographer(  577): Skipped 62 frames!  The application may be doing too much work on its main thread.
D/dalvikvm( 1448): GC_FOR_ALLOC freed 2379K, 14% free 16345K/19004K, paused 346ms, total 352ms
V/PhoneStatusBar(  442): setLightsOn(true)
E/SurfaceFlinger(   37): ro.sf.lcd_density must be defined as a build property
I/Choreographer( 1448): Skipped 113 frames!  The application may be doing too much work on its main thread.
I/ActivityManager(  289): Displayed org.ruboto.example.quick_start/.QuickStartActivity: +2s851ms
D/dalvikvm( 1448): GC_CONCURRENT freed 1978K, 15% free 16306K/19004K, paused 28ms+12ms, total 724ms
D/ExchangeService(  753): Received deviceId from Email app: null
D/ExchangeService(  753): !!! deviceId unknown; stopping self and retrying
I/Choreographer( 1448): Skipped 147 frames!  The application may be doing too much work on its main thread.
E/SurfaceFlinger(   37): ro.sf.lcd_density must be defined as a build property
D/ExchangeService(  753): !!! EAS ExchangeService, onCreate
D/ExchangeService(  753): !!! EAS ExchangeService, onStartCommand, startingUp = false, running = false
W/ActivityManager(  289): Unable to start service Intent { act=com.android.email.ACCOUNT_INTENT } U=0: not found
D/ExchangeService(  753): !!! Email application not found; stopping self
W/ActivityManager(  289): Unable to start service Intent { act=com.android.email.ACCOUNT_INTENT } U=0: not found
D/ExchangeService(  753): !!! EAS ExchangeService, onStartCommand, startingUp = true, running = false
E/ActivityThread(  753): Service com.android.exchange.ExchangeService has leaked ServiceConnection com.android.emailcommon.service.ServiceProxy$ProxyConnection@40cd9340 that was originally bound here
E/ActivityThread(  753): android.app.ServiceConnectionLeaked: Service com.android.exchange.ExchangeService has leaked ServiceConnection com.android.emailcommon.service.ServiceProxy$ProxyConnection@40cd9340 that was originally bound here
E/ActivityThread(  753): 	at android.app.LoadedApk$ServiceDispatcher.<init>(LoadedApk.java:969)
E/ActivityThread(  753): 	at android.app.LoadedApk.getServiceDispatcher(LoadedApk.java:863)
E/ActivityThread(  753): 	at android.app.ContextImpl.bindService(ContextImpl.java:1418)
E/ActivityThread(  753): 	at android.app.ContextImpl.bindService(ContextImpl.java:1407)
E/ActivityThread(  753): 	at android.content.ContextWrapper.bindService(ContextWrapper.java:473)
E/ActivityThread(  753): 	at com.android.emailcommon.service.ServiceProxy.setTask(ServiceProxy.java:157)
E/ActivityThread(  753): 	at com.android.emailcommon.service.ServiceProxy.setTask(ServiceProxy.java:145)
E/ActivityThread(  753): 	at com.android.emailcommon.service.AccountServiceProxy.getDeviceId(AccountServiceProxy.java:116)
E/ActivityThread(  753): 	at com.android.exchange.ExchangeService.getDeviceId(ExchangeService.java:1249)
E/ActivityThread(  753): 	at com.android.exchange.ExchangeService$7.run(ExchangeService.java:1856)
E/ActivityThread(  753): 	at com.android.emailcommon.utility.Utility$2.doInBackground(Utility.java:551)
E/ActivityThread(  753): 	at com.android.emailcommon.utility.Utility$2.doInBackground(Utility.java:549)
E/ActivityThread(  753): 	at android.os.AsyncTask$2.call(AsyncTask.java:287)
E/ActivityThread(  753): 	at java.util.concurrent.FutureTask.run(FutureTask.java:234)
E/ActivityThread(  753): 	at java.util.concurrent.ThreadPoolExecutor.runWorker(ThreadPoolExecutor.java:1080)
E/ActivityThread(  753): 	at java.util.concurrent.ThreadPoolExecutor$Worker.run(ThreadPoolExecutor.java:573)
E/ActivityThread(  753): 	at java.lang.Thread.run(Thread.java:856)
E/StrictMode(  753): null
E/StrictMode(  753): android.app.ServiceConnectionLeaked: Service com.android.exchange.ExchangeService has leaked ServiceConnection com.android.emailcommon.service.ServiceProxy$ProxyConnection@40cd9340 that was originally bound here
E/StrictMode(  753): 	at android.app.LoadedApk$ServiceDispatcher.<init>(LoadedApk.java:969)
E/StrictMode(  753): 	at android.app.LoadedApk.getServiceDispatcher(LoadedApk.java:863)
E/StrictMode(  753): 	at android.app.ContextImpl.bindService(ContextImpl.java:1418)
E/StrictMode(  753): 	at android.app.ContextImpl.bindService(ContextImpl.java:1407)
E/StrictMode(  753): 	at android.content.ContextWrapper.bindService(ContextWrapper.java:473)
E/StrictMode(  753): 	at com.android.emailcommon.service.ServiceProxy.setTask(ServiceProxy.java:157)
E/StrictMode(  753): 	at com.android.emailcommon.service.ServiceProxy.setTask(ServiceProxy.java:145)
E/StrictMode(  753): 	at com.android.emailcommon.service.AccountServiceProxy.getDeviceId(AccountServiceProxy.java:116)
E/StrictMode(  753): 	at com.android.exchange.ExchangeService.getDeviceId(ExchangeService.java:1249)
E/StrictMode(  753): 	at com.android.exchange.ExchangeService$7.run(ExchangeService.java:1856)
E/StrictMode(  753): 	at com.android.emailcommon.utility.Utility$2.doInBackground(Utility.java:551)
E/StrictMode(  753): 	at com.android.emailcommon.utility.Utility$2.doInBackground(Utility.java:549)
E/StrictMode(  753): 	at android.os.AsyncTask$2.call(AsyncTask.java:287)
E/StrictMode(  753): 	at java.util.concurrent.FutureTask.run(FutureTask.java:234)
E/StrictMode(  753): 	at java.util.concurrent.ThreadPoolExecutor.runWorker(ThreadPoolExecutor.java:1080)
E/StrictMode(  753): 	at java.util.concurrent.ThreadPoolExecutor$Worker.run(ThreadPoolExecutor.java:573)
E/StrictMode(  753): 	at java.lang.Thread.run(Thread.java:856)
W/ActivityManager(  289): Unbind failed: could not find connection for android.os.BinderProxy@41049ec8
E/ActivityThread(  753): Service com.android.exchange.ExchangeService has leaked ServiceConnection com.android.emailcommon.service.ServiceProxy$ProxyConnection@40cef478 that was originally bound here
E/ActivityThread(  753): android.app.ServiceConnectionLeaked: Service com.android.exchange.ExchangeService has leaked ServiceConnection com.android.emailcommon.service.ServiceProxy$ProxyConnection@40cef478 that was originally bound here
E/ActivityThread(  753): 	at android.app.LoadedApk$ServiceDispatcher.<init>(LoadedApk.java:969)
E/ActivityThread(  753): 	at android.app.LoadedApk.getServiceDispatcher(LoadedApk.java:863)
E/ActivityThread(  753): 	at android.app.ContextImpl.bindService(ContextImpl.java:1418)
E/ActivityThread(  753): 	at android.app.ContextImpl.bindService(ContextImpl.java:1407)
E/ActivityThread(  753): 	at android.content.ContextWrapper.bindService(ContextWrapper.java:473)
E/ActivityThread(  753): 	at com.android.emailcommon.service.ServiceProxy.setTask(ServiceProxy.java:157)
E/ActivityThread(  753): 	at com.android.emailcommon.service.ServiceProxy.setTask(ServiceProxy.java:145)
E/ActivityThread(  753): 	at com.android.emailcommon.service.ServiceProxy.test(ServiceProxy.java:191)
E/ActivityThread(  753): 	at com.android.exchange.ExchangeService$7.run(ExchangeService.java:1850)
E/ActivityThread(  753): 	at com.android.emailcommon.utility.Utility$2.doInBackground(Utility.java:551)
E/ActivityThread(  753): 	at com.android.emailcommon.utility.Utility$2.doInBackground(Utility.java:549)
E/ActivityThread(  753): 	at android.os.AsyncTask$2.call(AsyncTask.java:287)
E/ActivityThread(  753): 	at java.util.concurrent.FutureTask.run(FutureTask.java:234)
E/ActivityThread(  753): 	at java.util.concurrent.ThreadPoolExecutor.runWorker(ThreadPoolExecutor.java:1080)
E/ActivityThread(  753): 	at java.util.concurrent.ThreadPoolExecutor$Worker.run(ThreadPoolExecutor.java:573)
E/ActivityThread(  753): 	at java.lang.Thread.run(Thread.java:856)
E/StrictMode(  753): null
E/StrictMode(  753): android.app.ServiceConnectionLeaked: Service com.android.exchange.ExchangeService has leaked ServiceConnection com.android.emailcommon.service.ServiceProxy$ProxyConnection@40cef478 that was originally bound here
E/StrictMode(  753): 	at android.app.LoadedApk$ServiceDispatcher.<init>(LoadedApk.java:969)
E/StrictMode(  753): 	at android.app.LoadedApk.getServiceDispatcher(LoadedApk.java:863)
E/StrictMode(  753): 	at android.app.ContextImpl.bindService(ContextImpl.java:1418)
E/StrictMode(  753): 	at android.app.ContextImpl.bindService(ContextImpl.java:1407)
E/StrictMode(  753): 	at android.content.ContextWrapper.bindService(ContextWrapper.java:473)
E/StrictMode(  753): 	at com.android.emailcommon.service.ServiceProxy.setTask(ServiceProxy.java:157)
E/StrictMode(  753): 	at com.android.emailcommon.service.ServiceProxy.setTask(ServiceProxy.java:145)
E/StrictMode(  753): 	at com.android.emailcommon.service.ServiceProxy.test(ServiceProxy.java:191)
E/StrictMode(  753): 	at com.android.exchange.ExchangeService$7.run(ExchangeService.java:1850)
E/StrictMode(  753): 	at com.android.emailcommon.utility.Utility$2.doInBackground(Utility.java:551)
E/StrictMode(  753): 	at com.android.emailcommon.utility.Utility$2.doInBackground(Utility.java:549)
E/StrictMode(  753): 	at android.os.AsyncTask$2.call(AsyncTask.java:287)
E/StrictMode(  753): 	at java.util.concurrent.FutureTask.run(FutureTask.java:234)
E/StrictMode(  753): 	at java.util.concurrent.ThreadPoolExecutor.runWorker(ThreadPoolExecutor.java:1080)
E/StrictMode(  753): 	at java.util.concurrent.ThreadPoolExecutor$Worker.run(ThreadPoolExecutor.java:573)
E/StrictMode(  753): 	at java.lang.Thread.run(Thread.java:856)
W/ActivityManager(  289): Unbind failed: could not find connection for android.os.BinderProxy@41095b90
W/ProcessStats(  289): Skipping unknown process pid 1489
I/Choreographer( 1448): Skipped 147 frames!  The application may be doing too much work on its main thread.
E/SurfaceFlinger(   37): ro.sf.lcd_density must be defined as a build property
I/Choreographer( 1448): Skipped 141 frames!  The application may be doing too much work on its main thread.
E/SurfaceFlinger(   37): ro.sf.lcd_density must be defined as a build property
I/Choreographer( 1448): Skipped 187 frames!  The application may be doing too much work on its main thread.
E/SurfaceFlinger(   37): ro.sf.lcd_density must be defined as a build property
D/dalvikvm( 1448): GC_CONCURRENT freed 1889K, 14% free 16400K/19004K, paused 12ms+15ms, total 938ms
D/InputEventConsistencyVerifier( 1448): KeyEvent: ACTION_UP but key was not down.
D/InputEventConsistencyVerifier( 1448):   in com.android.internal.policy.impl.PhoneWindow$DecorView{41c18258 V.E..... R.....I. 0,0-320,480}
D/InputEventConsistencyVerifier( 1448):   0: sent at 1216659000000, KeyEvent { action=ACTION_UP, keyCode=KEYCODE_DPAD_UP, scanCode=103, metaState=0, flags=0x8, repeatCount=0, eventTime=1216659, downTime=1216483, deviceId=0, source=0x301 }
D/InputEventConsistencyVerifier( 1448):   -- recent events --
D/InputEventConsistencyVerifier( 1448):   1: sent at 1204257818000, MotionEvent { action=ACTION_UP, id[0]=0, x[0]=166.0, y[0]=199.0, toolType[0]=TOOL_TYPE_FINGER, buttonState=0, metaState=0, flags=0x0, edgeFlags=0x0, pointerCount=1, historySize=0, eventTime=1204257, downTime=1204127, deviceId=0, source=0x1002 }
D/InputEventConsistencyVerifier( 1448):   2: sent at 1204127981000, MotionEvent { action=ACTION_DOWN, id[0]=0, x[0]=166.0, y[0]=199.0, toolType[0]=TOOL_TYPE_FINGER, buttonState=0, metaState=0, flags=0x0, edgeFlags=0x0, pointerCount=1, historySize=0, eventTime=1204127, downTime=1204127, deviceId=0, source=0x1002 }
D/InputEventConsistencyVerifier( 1448):   3: sent at 1191966432000, MotionEvent { action=ACTION_UP, id[0]=0, x[0]=144.0, y[0]=200.0, toolType[0]=TOOL_TYPE_FINGER, buttonState=0, metaState=0, flags=0x0, edgeFlags=0x0, pointerCount=1, historySize=0, eventTime=1191966, downTime=1191933, deviceId=0, source=0x1002 }
D/InputEventConsistencyVerifier( 1448):   4: sent at 1191933231000, MotionEvent { action=ACTION_DOWN, id[0]=0, x[0]=144.0, y[0]=200.0, toolType[0]=TOOL_TYPE_FINGER, buttonState=0, metaState=0, flags=0x0, edgeFlags=0x0, pointerCount=1, historySize=0, eventTime=1191933, downTime=1191933, deviceId=0, source=0x1002 }
D/InputEventConsistencyVerifier( 1448):   5: sent at 1187687709000, MotionEvent { action=ACTION_UP, id[0]=0, x[0]=144.0, y[0]=200.0, toolType[0]=TOOL_TYPE_FINGER, buttonState=0, metaState=0, flags=0x0, edgeFlags=0x0, pointerCount=1, historySize=0, eventTime=1187687, downTime=1187608, deviceId=0, source=0x1002 }
D/ExchangeService(  753): Received deviceId from Email app: null
D/ExchangeService(  753): !!! deviceId unknown; stopping self and retrying
D/ExchangeService(  753): !!! EAS ExchangeService, onCreate
D/ExchangeService(  753): !!! EAS ExchangeService, onStartCommand, startingUp = false, running = false
W/ActivityManager(  289): Unable to start service Intent { act=com.android.email.ACCOUNT_INTENT } U=0: not found
D/ExchangeService(  753): !!! Email application not found; stopping self
W/ActivityManager(  289): Unable to start service Intent { act=com.android.email.ACCOUNT_INTENT } U=0: not found
D/ExchangeService(  753): !!! EAS ExchangeService, onStartCommand, startingUp = true, running = false
E/ActivityThread(  753): Service com.android.exchange.ExchangeService has leaked ServiceConnection com.android.emailcommon.service.ServiceProxy$ProxyConnection@40cda940 that was originally bound here
E/ActivityThread(  753): android.app.ServiceConnectionLeaked: Service com.android.exchange.ExchangeService has leaked ServiceConnection com.android.emailcommon.service.ServiceProxy$ProxyConnection@40cda940 that was originally bound here
E/ActivityThread(  753): 	at android.app.LoadedApk$ServiceDispatcher.<init>(LoadedApk.java:969)
E/ActivityThread(  753): 	at android.app.LoadedApk.getServiceDispatcher(LoadedApk.java:863)
E/ActivityThread(  753): 	at android.app.ContextImpl.bindService(ContextImpl.java:1418)
E/ActivityThread(  753): 	at android.app.ContextImpl.bindService(ContextImpl.java:1407)
E/ActivityThread(  753): 	at android.content.ContextWrapper.bindService(ContextWrapper.java:473)
E/ActivityThread(  753): 	at com.android.emailcommon.service.ServiceProxy.setTask(ServiceProxy.java:157)
E/ActivityThread(  753): 	at com.android.emailcommon.service.ServiceProxy.setTask(ServiceProxy.java:145)
E/ActivityThread(  753): 	at com.android.emailcommon.service.ServiceProxy.test(ServiceProxy.java:191)
E/ActivityThread(  753): 	at com.android.exchange.ExchangeService$7.run(ExchangeService.java:1850)
E/ActivityThread(  753): 	at com.android.emailcommon.utility.Utility$2.doInBackground(Utility.java:551)
E/ActivityThread(  753): 	at com.android.emailcommon.utility.Utility$2.doInBackground(Utility.java:549)
E/ActivityThread(  753): 	at android.os.AsyncTask$2.call(AsyncTask.java:287)
E/ActivityThread(  753): 	at java.util.concurrent.FutureTask.run(FutureTask.java:234)
E/ActivityThread(  753): 	at java.util.concurrent.ThreadPoolExecutor.runWorker(ThreadPoolExecutor.java:1080)
E/ActivityThread(  753): 	at java.util.concurrent.ThreadPoolExecutor$Worker.run(ThreadPoolExecutor.java:573)
E/ActivityThread(  753): 	at java.lang.Thread.run(Thread.java:856)
E/StrictMode(  753): null
E/StrictMode(  753): android.app.ServiceConnectionLeaked: Service com.android.exchange.ExchangeService has leaked ServiceConnection com.android.emailcommon.service.ServiceProxy$ProxyConnection@40cda940 that was originally bound here
E/StrictMode(  753): 	at android.app.LoadedApk$ServiceDispatcher.<init>(LoadedApk.java:969)
E/StrictMode(  753): 	at android.app.LoadedApk.getServiceDispatcher(LoadedApk.java:863)
E/StrictMode(  753): 	at android.app.ContextImpl.bindService(ContextImpl.java:1418)
E/StrictMode(  753): 	at android.app.ContextImpl.bindService(ContextImpl.java:1407)
E/StrictMode(  753): 	at android.content.ContextWrapper.bindService(ContextWrapper.java:473)
E/StrictMode(  753): 	at com.android.emailcommon.service.ServiceProxy.setTask(ServiceProxy.java:157)
E/StrictMode(  753): 	at com.android.emailcommon.service.ServiceProxy.setTask(ServiceProxy.java:145)
E/StrictMode(  753): 	at com.android.emailcommon.service.ServiceProxy.test(ServiceProxy.java:191)
E/StrictMode(  753): 	at com.android.exchange.ExchangeService$7.run(ExchangeService.java:1850)
E/StrictMode(  753): 	at com.android.emailcommon.utility.Utility$2.doInBackground(Utility.java:551)
E/StrictMode(  753): 	at com.android.emailcommon.utility.Utility$2.doInBackground(Utility.java:549)
E/StrictMode(  753): 	at android.os.AsyncTask$2.call(AsyncTask.java:287)
E/StrictMode(  753): 	at java.util.concurrent.FutureTask.run(FutureTask.java:234)
E/StrictMode(  753): 	at java.util.concurrent.ThreadPoolExecutor.runWorker(ThreadPoolExecutor.java:1080)
E/StrictMode(  753): 	at java.util.concurrent.ThreadPoolExecutor$Worker.run(ThreadPoolExecutor.java:573)
E/StrictMode(  753): 	at java.lang.Thread.run(Thread.java:856)
W/ActivityManager(  289): Unbind failed: could not find connection for android.os.BinderProxy@416ff998
E/ActivityThread(  753): Service com.android.exchange.ExchangeService has leaked ServiceConnection com.android.emailcommon.service.ServiceProxy$ProxyConnection@40cdace8 that was originally bound here
E/ActivityThread(  753): android.app.ServiceConnectionLeaked: Service com.android.exchange.ExchangeService has leaked ServiceConnection com.android.emailcommon.service.ServiceProxy$ProxyConnection@40cdace8 that was originally bound here
E/ActivityThread(  753): 	at android.app.LoadedApk$ServiceDispatcher.<init>(LoadedApk.java:969)
E/ActivityThread(  753): 	at android.app.LoadedApk.getServiceDispatcher(LoadedApk.java:863)
E/ActivityThread(  753): 	at android.app.ContextImpl.bindService(ContextImpl.java:1418)
E/ActivityThread(  753): 	at android.app.ContextImpl.bindService(ContextImpl.java:1407)
E/ActivityThread(  753): 	at android.content.ContextWrapper.bindService(ContextWrapper.java:473)
E/ActivityThread(  753): 	at com.android.emailcommon.service.ServiceProxy.setTask(ServiceProxy.java:157)
E/ActivityThread(  753): 	at com.android.emailcommon.service.ServiceProxy.setTask(ServiceProxy.java:145)
E/ActivityThread(  753): 	at com.android.emailcommon.service.AccountServiceProxy.getDeviceId(AccountServiceProxy.java:116)
E/ActivityThread(  753): 	at com.android.exchange.ExchangeService.getDeviceId(ExchangeService.java:1249)
E/ActivityThread(  753): 	at com.android.exchange.ExchangeService$7.run(ExchangeService.java:1856)
E/ActivityThread(  753): 	at com.android.emailcommon.utility.Utility$2.doInBackground(Utility.java:551)
E/ActivityThread(  753): 	at com.android.emailcommon.utility.Utility$2.doInBackground(Utility.java:549)
E/ActivityThread(  753): 	at android.os.AsyncTask$2.call(AsyncTask.java:287)
E/ActivityThread(  753): 	at java.util.concurrent.FutureTask.run(FutureTask.java:234)
E/ActivityThread(  753): 	at java.util.concurrent.ThreadPoolExecutor.runWorker(ThreadPoolExecutor.java:1080)
E/ActivityThread(  753): 	at java.util.concurrent.ThreadPoolExecutor$Worker.run(ThreadPoolExecutor.java:573)
E/ActivityThread(  753): 	at java.lang.Thread.run(Thread.java:856)
E/StrictMode(  753): null
E/StrictMode(  753): android.app.ServiceConnectionLeaked: Service com.android.exchange.ExchangeService has leaked ServiceConnection com.android.emailcommon.service.ServiceProxy$ProxyConnection@40cdace8 that was originally bound here
E/StrictMode(  753): 	at android.app.LoadedApk$ServiceDispatcher.<init>(LoadedApk.java:969)
E/StrictMode(  753): 	at android.app.LoadedApk.getServiceDispatcher(LoadedApk.java:863)
E/StrictMode(  753): 	at android.app.ContextImpl.bindService(ContextImpl.java:1418)
E/StrictMode(  753): 	at android.app.ContextImpl.bindService(ContextImpl.java:1407)
E/StrictMode(  753): 	at android.con